Component: ARM Compiler 5.06 update 6 (build 750) Tool: armlink [4d35ed]

==============================================================================

Section Cross References

    startup_stm32f411xe.o(RESET) refers to startup_stm32f411xe.o(STACK) for __initial_sp
    startup_stm32f411xe.o(RESET) refers to startup_stm32f411xe.o(.text) for Reset_Handler
    startup_stm32f411xe.o(RESET) refers to stm32f4xx_it.o(i.SVC_Handler) for SVC_Handler
    startup_stm32f411xe.o(RESET) refers to stm32f4xx_it.o(i.PendSV_Handler) for PendSV_Handler
    startup_stm32f411xe.o(RESET) refers to stm32f4xx_it.o(i.SysTick_Handler) for SysTick_Handler
    startup_stm32f411xe.o(RESET) refers to stm32f4xx_it.o(i.TIM2_IRQHandler) for TIM2_IRQHandler
    startup_stm32f411xe.o(RESET) refers to stm32f4xx_it.o(i.TIM3_IRQHandler) for TIM3_IRQHandler
    startup_stm32f411xe.o(RESET) refers to stm32f4xx_it.o(i.TIM4_IRQHandler) for TIM4_IRQHandler
    startup_stm32f411xe.o(RESET) refers to stm32f4xx_it.o(i.USART1_IRQHandler) for USART1_IRQHandler
    startup_stm32f411xe.o(.text) refers to system_stm32f4xx.o(i.SystemInit) for SystemInit
    startup_stm32f411xe.o(.text) refers to entry.o(.ARM.Collect$$$$00000000) for __main
    app.o(i.Calibration) refers to cdrcmple.o(.text) for __aeabi_cdrcmple
    app.o(i.Calibration) refers to dadd.o(.text) for __aeabi_dadd
    app.o(i.Calibration) refers to ddiv.o(.text) for __aeabi_ddiv
    app.o(i.Calibration) refers to dmul.o(.text) for __aeabi_dmul
    app.o(i.Calibration) refers to cdcmple.o(.text) for __aeabi_cdcmple
    app.o(i.Calibration) refers to app.o(.bss) for .bss
    app.o(i.CentroidControl) refers to dmul.o(.text) for __aeabi_dmul
    app.o(i.CentroidControl) refers to dadd.o(.text) for __aeabi_dsub
    app.o(i.CentroidControl) refers to cdrcmple.o(.text) for __aeabi_cdrcmple
    app.o(i.CentroidControl) refers to app.o(.bss) for .bss
    app.o(i.CentroidControl) refers to app.o(.data) for .data
    app.o(i.Driving) refers to app.o(.bss) for .bss
    app.o(i.GET_ANGLE) refers to stm32f4xx_hal_i2c.o(i.HAL_I2C_IsDeviceReady) for HAL_I2C_IsDeviceReady
    app.o(i.GET_ANGLE) refers to stm32f4xx_hal_i2c.o(i.HAL_I2C_Mem_Write) for HAL_I2C_Mem_Write
    app.o(i.GET_ANGLE) refers to stm32f4xx_hal_i2c.o(i.HAL_I2C_Mem_Read) for HAL_I2C_Mem_Read
    app.o(i.GET_ANGLE) refers to dflti.o(.text) for __aeabi_i2d
    app.o(i.GET_ANGLE) refers to atan2.o(i.__hardfp_atan2) for __hardfp_atan2
    app.o(i.GET_ANGLE) refers to dadd.o(.text) for __aeabi_dadd
    app.o(i.GET_ANGLE) refers to dmul.o(.text) for __aeabi_dmul
    app.o(i.GET_ANGLE) refers to ddiv.o(.text) for __aeabi_ddiv
    app.o(i.GET_ANGLE) refers to dfltui.o(.text) for __aeabi_ui2d
    app.o(i.GET_ANGLE) refers to i2c.o(.bss) for hi2c1
    app.o(i.GET_ANGLE) refers to app.o(.data) for .data
    app.o(i.GET_ANGLE) refers to app.o(.bss) for .bss
    app.o(i.GET_ANGLE) refers to interrupt.o(.data) for milliseconds
    app.o(i.InitControl) refers to memseta.o(.text) for __aeabi_memclr4
    app.o(i.InitControl) refers to memcpya.o(.text) for __aeabi_memcpy4
    app.o(i.InitControl) refers to app.o(.bss) for .bss
    app.o(i.MPU_Stabilize) refers to app.o(i.GET_ANGLE) for GET_ANGLE
    app.o(i.MPU_Stabilize) refers to printfa.o(i.__0printf) for __2printf
    app.o(i.MPU_Stabilize) refers to app.o(.bss) for .bss
    app.o(i.MPU_Stabilize) refers to interrupt.o(.data) for msec_count
    app.o(i.MPU_Stabilize) refers to app.o(.data) for .data
    app.o(i.Monitoring) refers to memseta.o(.text) for __aeabi_memclr4
    app.o(i.Monitoring) refers to stm32f4xx_hal_uart.o(i.HAL_UART_Transmit_IT) for HAL_UART_Transmit_IT
    app.o(i.Monitoring) refers to app.o(.bss) for .bss
    app.o(i.Monitoring) refers to app.o(.data) for .data
    app.o(i.Monitoring) refers to interrupt.o(.data) for encoder
    app.o(i.Monitoring) refers to usart.o(.bss) for huart1
    app.o(i.PostureControl) refers to dadd.o(.text) for __aeabi_dsub
    app.o(i.PostureControl) refers to dmul.o(.text) for __aeabi_dmul
    app.o(i.PostureControl) refers to cdrcmple.o(.text) for __aeabi_cdrcmple
    app.o(i.PostureControl) refers to app.o(.bss) for .bss
    app.o(i.PostureControl) refers to app.o(.data) for .data
    app.o(i.ResetControl) refers to stm32f4xx_hal_tim.o(i.HAL_TIM_Base_Stop_IT) for HAL_TIM_Base_Stop_IT
    app.o(i.ResetControl) refers to app.o(i.InitControl) for InitControl
    app.o(i.ResetControl) refers to stm32f4xx_hal.o(i.HAL_Delay) for HAL_Delay
    app.o(i.ResetControl) refers to tim.o(.bss) for htim3
    app.o(i.ResetControl) refers to app.o(.bss) for .bss
    app.o(i.SetDeadZone) refers to cdrcmple.o(.text) for __aeabi_cdrcmple
    app.o(i.SetDeadZone) refers to cdcmple.o(.text) for __aeabi_cdcmple
    app.o(i.SetDeadZone) refers to dadd.o(.text) for __aeabi_dadd
    app.o(i.SetDeadZone) refers to app.o(.bss) for .bss
    app.o(i.SetMotor) refers to cdrcmple.o(.text) for __aeabi_cdrcmple
    app.o(i.SetMotor) refers to cdcmple.o(.text) for __aeabi_cdcmple
[...]
    Removing stm32f4xx_hal_pwr_ex.o(i.HAL_PWREx_DisableFlashPowerDown), (12 bytes).
    Removing stm32f4xx_hal_pwr_ex.o(i.HAL_PWREx_DisableLowRegulatorLowVoltage), (12 bytes).
    Removing stm32f4xx_hal_pwr_ex.o(i.HAL_PWREx_DisableMainRegulatorLowVoltage), (12 bytes).
    Removing stm32f4xx_hal_pwr_ex.o(i.HAL_PWREx_EnableBkUpReg), (60 bytes).
    Removing stm32f4xx_hal_pwr_ex.o(i.HAL_PWREx_EnableFlashPowerDown), (12 bytes).
    Removing stm32f4xx_hal_pwr_ex.o(i.HAL_PWREx_EnableLowRegulatorLowVoltage), (12 bytes).
    Removing stm32f4xx_hal_pwr_ex.o(i.HAL_PWREx_EnableMainRegulatorLowVoltage), (12 bytes).
    Removing stm32f4xx_hal_pwr_ex.o(i.HAL_PWREx_GetVoltageRange), (16 bytes).
    Removing stm32f4xx_hal_cortex.o(.rev16_text), (4 bytes).
    Removing stm32f4xx_hal_cortex.o(.revsh_text), (4 bytes).
    Removing stm32f4xx_hal_cortex.o(.rrx_text), (6 bytes).
    Removing stm32f4xx_hal_cortex.o(i.HAL_MPU_ConfigRegion), (84 bytes).
    Removing stm32f4xx_hal_cortex.o(i.HAL_MPU_Disable), (28 bytes).
    Removing stm32f4xx_hal_cortex.o(i.HAL_MPU_Enable), (36 bytes).
    Removing stm32f4xx_hal_cortex.o(i.HAL_NVIC_ClearPendingIRQ), (22 bytes).
    Removing stm32f4xx_hal_cortex.o(i.HAL_NVIC_DisableIRQ), (22 bytes).
    Removing stm32f4xx_hal_cortex.o(i.HAL_NVIC_GetActive), (32 bytes).
    Removing stm32f4xx_hal_cortex.o(i.HAL_NVIC_GetPendingIRQ), (32 bytes).
    Removing stm32f4xx_hal_cortex.o(i.HAL_NVIC_GetPriority), (82 bytes).
    Removing stm32f4xx_hal_cortex.o(i.HAL_NVIC_GetPriorityGrouping), (16 bytes).
    Removing stm32f4xx_hal_cortex.o(i.HAL_NVIC_SetPendingIRQ), (22 bytes).
    Removing stm32f4xx_hal_cortex.o(i.HAL_NVIC_SystemReset), (36 bytes).
    Removing stm32f4xx_hal.o(.rev16_text), (4 bytes).
    Removing stm32f4xx_hal.o(.revsh_text), (4 bytes).
    Removing stm32f4xx_hal.o(.rrx_text), (6 bytes).
    Removing stm32f4xx_hal.o(i.HAL_DBGMCU_DisableDBGSleepMode), (16 bytes).
    Removing stm32f4xx_hal.o(i.HAL_DBGMCU_DisableDBGStandbyMode), (16 bytes).
    Removing stm32f4xx_hal.o(i.HAL_DBGMCU_DisableDBGStopMode), (16 bytes).
    Removing stm32f4xx_hal.o(i.HAL_DBGMCU_EnableDBGSleepMode), (16 bytes).
    Removing stm32f4xx_hal.o(i.HAL_DBGMCU_EnableDBGStandbyMode), (16 bytes).
    Removing stm32f4xx_hal.o(i.HAL_DBGMCU_EnableDBGStopMode), (16 bytes).
    Removing stm32f4xx_hal.o(i.HAL_DeInit), (52 bytes).
    Removing stm32f4xx_hal.o(i.HAL_DisableCompensationCell), (12 bytes).
    Removing stm32f4xx_hal.o(i.HAL_EnableCompensationCell), (12 bytes).
    Removing stm32f4xx_hal.o(i.HAL_GetDEVID), (16 bytes).
    Removing stm32f4xx_hal.o(i.HAL_GetHalVersion), (8 bytes).
    Removing stm32f4xx_hal.o(i.HAL_GetREVID), (12 bytes).
    Removing stm32f4xx_hal.o(i.HAL_GetTickFreq), (12 bytes).
    Removing stm32f4xx_hal.o(i.HAL_GetTickPrio), (12 bytes).
    Removing stm32f4xx_hal.o(i.HAL_GetUID), (28 bytes).
    Removing stm32f4xx_hal.o(i.HAL_MspDeInit), (2 bytes).
    Removing stm32f4xx_hal.o(i.HAL_MspInit), (2 bytes).
    Removing stm32f4xx_hal.o(i.HAL_ResumeTick), (14 bytes).
    Removing stm32f4xx_hal.o(i.HAL_SetTickFreq), (28 bytes).
    Removing stm32f4xx_hal.o(i.HAL_SuspendTick), (14 bytes).
    Removing system_stm32f4xx.o(.rev16_text), (4 bytes).
    Removing system_stm32f4xx.o(.revsh_text), (4 bytes).
    Removing system_stm32f4xx.o(.rrx_text), (6 bytes).
    Removing system_stm32f4xx.o(i.SystemCoreClockUpdate), (120 bytes).
    Removing dneg.o(.text), (6 bytes).

441 unused section(s) (total 31130 bytes) removed from the image.

==============================================================================

Image Symbol Table

    Local Symbols

    Symbol Name                              Value     Ov Type        Size  Object(Section)

    ..//Src/system_stm32f4xx.c               0x00000000   Number         0  system_stm32f4xx.o ABSOLUTE
    ../Drivers/STM32F4xx_HAL_Driver/Src/stm32f4xx_hal.c 0x00000000   Number         0  stm32f4xx_hal.o ABSOLUTE
    ../Drivers/STM32F4xx_HAL_Driver/Src/stm32f4xx_hal_cortex.c 0x00000000   Number         0  stm32f4xx_hal_cortex.o ABSOLUTE
    ../Drivers/STM32F4xx_HAL_Driver/Src/stm32f4xx_hal_dma.c 0x00000000   Number         0  stm32f4xx_hal_dma.o ABSOLUTE
    ../Drivers/STM32F4xx_HAL_Driver/Src/stm32f4xx_hal_dma_ex.c 0x00000000   Number         0  stm32f4xx_hal_dma_ex.o ABSOLUTE
    ../Drivers/STM32F4xx_HAL_Driver/Src/stm32f4xx_hal_flash.c 0x00000000   Number         0  stm32f4xx_hal_flash.o ABSOLUTE
    ../Drivers/STM32F4xx_HAL_Driver/Src/stm32f4xx_hal_flash_ex.c 0x00000000   Number         0  stm32f4xx_hal_flash_ex.o ABSOLUTE
    ../Drivers/STM32F4xx_HAL_Driver/Src/stm32f4xx_hal_flash_ramfunc.c 0x00000000   Number         0  stm32f4xx_hal_flash_ramfunc.o ABSOLUTE
    ../Drivers/STM32F4xx_HAL_Driver/Src/stm32f4xx_hal_gpio.c 0x00000000   Number         0  stm32f4xx_hal_gpio.o ABSOLUTE
    ../Drivers/STM32F4xx_HAL_Driver/Src/stm32f4xx_hal_i2c.c 0x00000000   Number         0  stm32f4xx_hal_i2c.o ABSOLUTE
    ../Drivers/STM32F4xx_HAL_Driver/Src/stm32f4xx_hal_i2c_ex.c 0x00000000   Number         0  stm32f4xx_hal_i2c_ex.o ABSOLUTE
    ../Drivers/STM32F4xx_HAL_Driver/Src/stm32f4xx_hal_pwr.c 0x00000000   Number         0  stm32f4xx_hal_pwr.o ABSOLUTE
    ../Drivers/STM32F4xx_HAL_Driver/Src/stm32f4xx_hal_pwr_ex.c 0x00000000   Number         0  stm32f4xx_hal_pwr_ex.o ABSOLUTE
    ../Drivers/STM32F4xx_HAL_Driver/Src/stm32f4xx_hal_rcc.c 0x00000000   Number         0  stm32f4xx_hal_rcc.o ABSOLUTE
    ../Drivers/STM32F4xx_HAL_Driver/Src/stm32f4xx_hal_rcc_ex.c 0x00000000   Number         0  stm32f4xx_hal_rcc_ex.o ABSOLUTE
    ../Drivers/STM32F4xx_HAL_Driver/Src/stm32f4xx_hal_tim.c 0x00000000   Number         0  stm32f4xx_hal_tim.o ABSOLUTE
    ../Drivers/STM32F4xx_HAL_Driver/Src/stm32f4xx_hal_tim_ex.c 0x00000000   Number         0  stm32f4xx_hal_tim_ex.o ABSOLUTE
    ../Drivers/STM32F4xx_HAL_Driver/Src/stm32f4xx_hal_uart.c 0x00000000   Number         0  stm32f4xx_hal_uart.o ABSOLUTE
    ../Src/gpio.c                            0x00000000   Number         0  gpio.o ABSOLUTE
    ../Src/i2c.c                             0x00000000   Number         0  i2c.o ABSOLUTE
    ../Src/main.c                            0x00000000   Number         0  main.o ABSOLUTE
    ../Src/stm32f4xx_hal_msp.c               0x00000000   Number         0  stm32f4xx_hal_msp.o ABSOLUTE
    ../Src/stm32f4xx_it.c                    0x00000000   Number         0  stm32f4xx_it.o ABSOLUTE
    ../Src/tim.c                             0x00000000   Number         0  tim.o ABSOLUTE
    ../Src/usart.c                           0x00000000   Number         0  usart.o ABSOLUTE
    ../clib/microlib/division.c              0x00000000   Number         0  uidiv.o ABSOLUTE
    ../clib/microlib/division.c              0x00000000   Number         0  uldiv.o ABSOLUTE
    ../clib/microlib/errno.c                 0x00000000   Number         0  errno.o ABSOLUTE
    ../clib/microlib/init/entry.s            0x00000000   Number         0  entry9a.o ABSOLUTE
    ../clib/microlib/init/entry.s            0x00000000   Number         0  entry11b.o ABSOLUTE
    ../clib/microlib/init/entry.s            0x00000000   Number         0  entry9b.o ABSOLUTE
    ../clib/microlib/init/entry.s            0x00000000   Number         0  entry2.o ABSOLUTE
    ../clib/microlib/init/entry.s            0x00000000   Number         0  entry5.o ABSOLUTE
    ../clib/microlib/init/entry.s            0x00000000   Number         0  entry11a.o ABSOLUTE
    ../clib/microlib/init/entry.s            0x00000000   Number         0  entry10b.o ABSOLUTE
    ../clib/microlib/init/entry.s            0x00000000   Number         0  entry7a.o ABSOLUTE
    ../clib/microlib/init/entry.s            0x00000000   Number         0  entry10a.o ABSOLUTE
    ../clib/microlib/init/entry.s            0x00000000   Number         0  entry7b.o ABSOLUTE
    ../clib/microlib/init/entry.s            0x00000000   Number         0  entry8a.o ABSOLUTE
    ../clib/microlib/init/entry.s            0x00000000   Number         0  entry.o ABSOLUTE
    ../clib/microlib/init/entry.s            0x00000000   Number         0  entry8b.o ABSOLUTE
    ../clib/microlib/longlong.c              0x00000000   Number         0  llsshr.o ABSOLUTE
    ../clib/microlib/longlong.c              0x00000000   Number         0  llushr.o ABSOLUTE
    ../clib/microlib/longlong.c              0x00000000   Number         0  llshl.o ABSOLUTE
    ../clib/microlib/printf/printf.c         0x00000000   Number         0  printfb.o ABSOLUTE
    ../clib/microlib/printf/printf.c         0x00000000   Number         0  printf1.o ABSOLUTE
    ../clib/microlib/printf/printf.c         0x00000000   Number         0  printf0.o ABSOLUTE
    ../clib/microlib/printf/printf.c         0x00000000   Number         0  printf2.o ABSOLUTE
    ../clib/microlib/printf/printf.c         0x00000000   Number         0  printf3.o ABSOLUTE
    ../clib/microlib/printf/printf.c         0x00000000   Number         0  printf4.o ABSOLUTE
    ../clib/microlib/printf/printf.c         0x00000000   Number         0  printf5.o ABSOLUTE
    ../clib/microlib/printf/printf.c         0x00000000   Number         0  printf6.o ABSOLUTE
    ../clib/microlib/printf/printf.c         0x00000000   Number         0  printf7.o ABSOLUTE
    ../clib/microlib/printf/printf.c         0x00000000   Number         0  printf8.o ABSOLUTE
    ../clib/microlib/printf/printf.c         0x00000000   Number         0  printfa.o ABSOLUTE
    ../clib/microlib/printf/stubs.s          0x00000000   Number         0  stubs.o ABSOLUTE
    ../clib/microlib/stdio/streams.c         0x00000000   Number         0  stdout.o ABSOLUTE
    ../clib/microlib/string/memcpy.c         0x00000000   Number         0  memcpya.o ABSOLUTE
    ../clib/microlib/string/memcpy.c         0x00000000   Number         0  memcpyb.o ABSOLUTE
    ../clib/microlib/string/memset.c         0x00000000   Number         0  memseta.o ABSOLUTE
    ../clib/microlib/stubs.s                 0x00000000   Number         0  iusefp.o ABSOLUTE
    ../fplib/microlib/fpadd.c                0x00000000   Number         0  dadd.o ABSOLUTE
    ../fplib/microlib/fpdiv.c                0x00000000   Number         0  ddiv.o ABSOLUTE
    ../fplib/microlib/fpepilogue.c           0x00000000   Number         0  depilogue.o ABSOLUTE
    ../fplib/microlib/fpfix.c                0x00000000   Number         0  dfixi.o ABSOLUTE
    ../fplib/microlib/fpfix.c                0x00000000   Number         0  dfixul.o ABSOLUTE
    ../fplib/microlib/fpflt.c                0x00000000   Number         0  dflti.o ABSOLUTE
    ../fplib/microlib/fpflt.c                0x00000000   Number         0  dfltui.o ABSOLUTE
    ../fplib/microlib/fpmul.c                0x00000000   Number         0  dmul.o ABSOLUTE
    ../fplib/microlib/fpneg.c                0x00000000   Number         0  dneg.o ABSOLUTE
    ../mathlib/atan.c                        0x00000000   Number         0  atan.o ABSOLUTE
    ../mathlib/atan.c                        0x00000000   Number         0  atan_x.o ABSOLUTE
    ../mathlib/atan2.c                       0x00000000   Number         0  atan2_x.o ABSOLUTE
    ../mathlib/atan2.c                       0x00000000   Number         0  atan2.o ABSOLUTE
    ../mathlib/dunder.c                      0x00000000   Number         0  dunder.o ABSOLUTE
    ../mathlib/fabs.c                        0x00000000   Number         0  fabs.o ABSOLUTE
    ../mathlib/fpclassify.c                  0x00000000   Number         0  fpclassify.o ABSOLUTE
    ../mathlib/poly.c                        0x00000000   Number         0  poly.o ABSOLUTE
    ../mathlib/qnan.c                        0x00000000   Number         0  qnan.o ABSOLUTE
    ..\Drivers\STM32F4xx_HAL_Driver\Src\stm32f4xx_hal.c 0x00000000   Number         0  stm32f4xx_hal.o ABSOLUTE
    ..\Drivers\STM32F4xx_HAL_Driver\Src\stm32f4xx_hal_cortex.c 0x00000000   Number         0  stm32f4xx_hal_cortex.o ABSOLUTE
    ..\Drivers\STM32F4xx_HAL_Driver\Src\stm32f4xx_hal_dma.c 0x00000000   Number         0  stm32f4xx_hal_dma.o ABSOLUTE
    ..\Drivers\STM32F4xx_HAL_Driver\Src\stm32f4xx_hal_dma_ex.c 0x00000000   Number         0  stm32f4xx_hal_dma_ex.o ABSOLUTE
    ..\Drivers\STM32F4xx_HAL_Driver\Src\stm32f4xx_hal_flash.c 0x00000000   Number         0  stm32f4xx_hal_flash.o ABSOLUTE
    ..\Drivers\STM32F4xx_HAL_Driver\Src\stm32f4xx_hal_flash_ex.c 0x00000000   Number         0  stm32f4xx_hal_flash_ex.o ABSOLUTE
    ..\Drivers\STM32F4xx_HAL_Driver\Src\stm32f4xx_hal_flash_ramfunc.c 0x00000000   Number         0  stm32f4xx_hal_flash_ramfunc.o ABSOLUTE
    ..\Drivers\STM32F4xx_HAL_Driver\Src\stm32f4xx_hal_gpio.c 0x00000000   Number         0  stm32f4xx_hal_gpio.o ABSOLUTE
    ..\Drivers\STM32F4xx_HAL_Driver\Src\stm32f4xx_hal_i2c.c 0x00000000   Number         0  stm32f4xx_hal_i2c.o ABSOLUTE
    ..\Drivers\STM32F4xx_HAL_Driver\Src\stm32f4xx_hal_i2c_ex.c 0x00000000   Number         0  stm32f4xx_hal_i2c_ex.o ABSOLUTE
    ..\Drivers\STM32F4xx_HAL_Driver\Src\stm32f4xx_hal_pwr.c 0x00000000   Number         0  stm32f4xx_hal_pwr.o ABSOLUTE
    ..\Drivers\STM32F4xx_HAL_Driver\Src\stm32f4xx_hal_pwr_ex.c 0x00000000   Number         0  stm32f4xx_hal_pwr_ex.o ABSOLUTE
    ..\Drivers\STM32F4xx_HAL_Driver\Src\stm32f4xx_hal_rcc.c 0x00000000   Number         0  stm32f4xx_hal_rcc.o ABSOLUTE
    ..\Drivers\STM32F4xx_HAL_Driver\Src\stm32f4xx_hal_rcc_ex.c 0x00000000   Number         0  stm32f4xx_hal_rcc_ex.o ABSOLUTE
    ..\Drivers\STM32F4xx_HAL_Driver\Src\stm32f4xx_hal_tim.c 0x00000000   Number         0  stm32f4xx_hal_tim.o ABSOLUTE
    ..\Drivers\STM32F4xx_HAL_Driver\Src\stm32f4xx_hal_tim_ex.c 0x00000000   Number         0  stm32f4xx_hal_tim_ex.o ABSOLUTE
    ..\Drivers\STM32F4xx_HAL_Driver\Src\stm32f4xx_hal_uart.c 0x00000000   Number         0  stm32f4xx_hal_uart.o ABSOLUTE
    ..\Src\app.c                             0x00000000   Number         0  app.o ABSOLUTE
    ..\Src\gpio.c                            0x00000000   Number         0  gpio.o ABSOLUTE
    ..\Src\i2c.c                             0x00000000   Number         0  i2c.o ABSOLUTE
    ..\Src\interrupt.c                       0x00000000   Number         0  interrupt.o ABSOLUTE
    ..\Src\main.c                            0x00000000   Number         0  main.o ABSOLUTE
    ..\Src\stm32f4xx_hal_msp.c               0x00000000   Number         0  stm32f4xx_hal_msp.o ABSOLUTE
    ..\Src\stm32f4xx_it.c                    0x00000000   Number         0  stm32f4xx_it.o ABSOLUTE
    ..\Src\tim.c                             0x00000000   Number         0  tim.o ABSOLUTE
    ..\Src\usart.c                           0x00000000   Number         0  usart.o ABSOLUTE
    ..\\Src\\app.c                           0x00000000   Number         0  app.o ABSOLUTE
    ..\\Src\\interrupt.c                     0x00000000   Number         0  interrupt.o ABSOLUTE
    ..\\Src\system_stm32f4xx.c               0x00000000   Number         0  system_stm32f4xx.o ABSOLUTE
    cdcmple.s                                0x00000000   Number         0  cdcmple.o ABSOLUTE
    cdrcmple.s                               0x00000000   Number         0  cdrcmple.o ABSOLUTE
    dc.s                                     0x00000000   Number         0  dc.o ABSOLUTE
    handlers.s                               0x00000000   Number         0  handlers.o ABSOLUTE
    init.s                                   0x00000000   Number         0  init.o ABSOLUTE
    startup_stm32f411xe.s                    0x00000000   Number         0  startup_stm32f411xe.o ABSOLUTE
    RESET                                    0x08000000   Section      408  startup_stm32f411xe.o(RESET)
    .ARM.Collect$$$$00000000                 0x08000198   Section        0  entry.o(.ARM.Collect$$$$00000000)
    .ARM.Collect$$$$00000001                 0x08000198   Section        4  entry2.o(.ARM.Collect$$$$00000001)
    .ARM.Collect$$$$00000004                 0x0800019c   Section        4  entry5.o(.ARM.Collect$$$$00000004)
    .ARM.Collect$$$$00000008                 0x080001a0   Section        0  entry7b.o(.ARM.Collect$$$$00000008)
    .ARM.Collect$$$$0000000A                 0x080001a0   Section        0  entry8b.o(.ARM.Collect$$$$0000000A)
    .ARM.Collect$$$$0000000B                 0x080001a0   Section        8  entry9a.o(.ARM.Collect$$$$0000000B)
    .ARM.Collect$$$$0000000D                 0x080001a8   Section        0  entry10a.o(.ARM.Collect$$$$0000000D)
    .ARM.Collect$$$$0000000F                 0x080001a8   Section        0  entry11a.o(.ARM.Collect$$$$0000000F)
    .ARM.Collect$$$$00002712                 0x080001a8   Section        4  entry2.o(.ARM.Collect$$$$00002712)
    __lit__00000000                          0x080001a8   Data           4  entry2.o(.ARM.Collect$$$$00002712)
    .text                                    0x080001ac   Section       36  startup_stm32f411xe.o(.text)
    $v0                                      0x080001ac   Number         0  startup_stm32f411xe.o(.text)
    .text                                    0x080001d0   Section        0  uldiv.o(.text)
    .text                                    0x08000232   Section        0  memcpya.o(.text)
    .text                                    0x08000256   Section        0  memseta.o(.text)
    .text                                    0x0800027a   Section        0  dadd.o(.text)
    .text                                    0x080003c8   Section        0  dmul.o(.text)
    .text                                    0x080004ac   Section        0  ddiv.o(.text)
    .text                                    0x0800058a   Section        0  dflti.o(.text)
    .text                                    0x080005ac   Section        0  dfltui.o(.text)
    .text                                    0x080005c6   Section        0  dfixi.o(.text)
    .text                                    0x08000604   Section       48  cdcmple.o(.text)
    .text                                    0x08000634   Section       48  cdrcmple.o(.text)
    .text                                    0x08000664   Section        0  uidiv.o(.text)
    .text                                    0x08000690   Section        0  llshl.o(.text)
    .text                                    0x080006ae   Section        0  llushr.o(.text)
    .text                                    0x080006ce   Section        0  llsshr.o(.text)
    .text                                    0x080006f2   Section        0  iusefp.o(.text)
    .text                                    0x080006f2   Section        0  depilogue.o(.text)
    .text                                    0x080007ac   Section        0  dfixul.o(.text)
    .text                                    0x080007dc   Section       36  init.o(.text)
    i.Calibration                            0x08000800   Section        0  app.o(i.Calibration)
    i.CentroidControl                        0x08000978   Section        0  app.o(i.CentroidControl)
    i.Driving                                0x08000b08   Section        0  app.o(i.Driving)
    i.GET_ANGLE                              0x08000b70   Section        0  app.o(i.GET_ANGLE)
    i.HAL_DMA_Abort_IT                       0x08000dac   Section        0  stm32f4xx_hal_dma.o(i.HAL_DMA_Abort_IT)
    i.HAL_Delay                              0x08000dd0   Section        0  stm32f4xx_hal.o(i.HAL_Delay)
    i.HAL_GPIO_Init                          0x08000df4   Section        0  stm32f4xx_hal_gpio.o(i.HAL_GPIO_Init)
    i.HAL_GPIO_TogglePin                     0x08000f7c   Section        0  stm32f4xx_hal_gpio.o(i.HAL_GPIO_TogglePin)
    i.HAL_GPIO_WritePin                      0x08000f84   Section        0  stm32f4xx_hal_gpio.o(i.HAL_GPIO_WritePin)
    i.HAL_GetTick                            0x08000f90   Section        0  stm32f4xx_hal.o(i.HAL_GetTick)
    i.HAL_I2C_Init                           0x08000f9c   Section        0  stm32f4xx_hal_i2c.o(i.HAL_I2C_Init)
    i.HAL_I2C_IsDeviceReady                  0x080010a4   Section        0  stm32f4xx_hal_i2c.o(i.HAL_I2C_IsDeviceReady)
    i.HAL_I2C_Mem_Read                       0x08001204   Section        0  stm32f4xx_hal_i2c.o(i.HAL_I2C_Mem_Read)
    i.HAL_I2C_Mem_Write                      0x08001400   Section        0  stm32f4xx_hal_i2c.o(i.HAL_I2C_Mem_Write)
    i.HAL_I2C_MspInit                        0x0800153c   Section        0  i2c.o(i.HAL_I2C_MspInit)
    i.HAL_IncTick                            0x08001588   Section        0  stm32f4xx_hal.o(i.HAL_IncTick)
    i.HAL_Init                               0x08001598   Section        0  stm32f4xx_hal.o(i.HAL_Init)
    i.HAL_InitTick                           0x080015cc   Section        0  stm32f4xx_hal.o(i.HAL_InitTick)
    i.HAL_MspInit                            0x0800160c   Section        0  stm32f4xx_hal_msp.o(i.HAL_MspInit)
    i.HAL_NVIC_EnableIRQ                     0x08001690   Section        0  stm32f4xx_hal_cortex.o(i.HAL_NVIC_EnableIRQ)
    i.HAL_NVIC_SetPriority                   0x080016a8   Section        0  stm32f4xx_hal_cortex.o(i.HAL_NVIC_SetPriority)
    i.HAL_NVIC_SetPriorityGrouping           0x080016e8   Section        0  stm32f4xx_hal_cortex.o(i.HAL_NVIC_SetPriorityGrouping)
    i.HAL_RCC_ClockConfig                    0x0800170c   Section        0  stm32f4xx_hal_rcc.o(i.HAL_RCC_ClockConfig)
    i.HAL_RCC_GetHCLKFreq                    0x0800183c   Section        0  stm32f4xx_hal_rcc.o(i.HAL_RCC_GetHCLKFreq)
    i.HAL_RCC_GetPCLK1Freq                   0x08001848   Section        0  stm32f4xx_hal_rcc.o(i.HAL_RCC_GetPCLK1Freq)
    i.HAL_RCC_GetPCLK2Freq                   0x08001868   Section        0  stm32f4xx_hal_rcc.o(i.HAL_RCC_GetPCLK2Freq)
    i.HAL_RCC_GetSysClockFreq                0x08001888   Section        0  stm32f4xx_hal_rcc.o(i.HAL_RCC_GetSysClockFreq)
    i.HAL_RCC_OscConfig                      0x080018e8   Section        0  stm32f4xx_hal_rcc.o(i.HAL_RCC_OscConfig)
    i.HAL_SYSTICK_CLKSourceConfig            0x08001c04   Section        0  stm32f4xx_hal_cortex.o(i.HAL_SYSTICK_CLKSourceConfig)
    i.HAL_SYSTICK_Callback                   0x08001c1c   Section        0  stm32f4xx_hal_cortex.o(i.HAL_SYSTICK_Callback)
    i.HAL_SYSTICK_Config                     0x08001c1e   Section        0  stm32f4xx_hal_cortex.o(i.HAL_SYSTICK_Config)
    i.HAL_SYSTICK_IRQHandler                 0x08001c46   Section        0  stm32f4xx_hal_cortex.o(i.HAL_SYSTICK_IRQHandler)
    i.HAL_TIMEx_BreakCallback                0x08001c4e   Section        0  stm32f4xx_hal_tim_ex.o(i.HAL_TIMEx_BreakCallback)
    i.HAL_TIMEx_CommutationCallback          0x08001c50   Section        0  stm32f4xx_hal_tim_ex.o(i.HAL_TIMEx_CommutationCallback)
    i.HAL_TIMEx_MasterConfigSynchronization  0x08001c52   Section        0  stm32f4xx_hal_tim_ex.o(i.HAL_TIMEx_MasterConfigSynchronization)
    i.HAL_TIM_Base_Init                      0x08001ca2   Section        0  stm32f4xx_hal_tim.o(i.HAL_TIM_Base_Init)
    i.HAL_TIM_Base_MspInit                   0x08001cd8   Section        0  tim.o(i.HAL_TIM_Base_MspInit)
    i.HAL_TIM_Base_Start_IT                  0x08001d48   Section        0  stm32f4xx_hal_tim.o(i.HAL_TIM_Base_Start_IT)
    i.HAL_TIM_Base_Stop_IT                   0x08001d60   Section        0  stm32f4xx_hal_tim.o(i.HAL_TIM_Base_Stop_IT)
    i.HAL_TIM_ConfigClockSource              0x08001d8a   Section        0  stm32f4xx_hal_tim.o(i.HAL_TIM_ConfigClockSource)
    i.HAL_TIM_IC_CaptureCallback             0x08001e7c   Section        0  stm32f4xx_hal_tim.o(i.HAL_TIM_IC_CaptureCallback)
    i.HAL_TIM_IRQHandler                     0x08001e7e   Section        0  stm32f4xx_hal_tim.o(i.HAL_TIM_IRQHandler)
    i.HAL_TIM_OC_DelayElapsedCallback        0x08001fe4   Section        0  stm32f4xx_hal_tim.o(i.HAL_TIM_OC_DelayElapsedCallback)
    i.HAL_TIM_PWM_PulseFinishedCallback      0x08001fe6   Section        0  stm32f4xx_hal_tim.o(i.HAL_TIM_PWM_PulseFinishedCallback)
    i.HAL_TIM_PeriodElapsedCallback          0x08001fe8   Section        0  interrupt.o(i.HAL_TIM_PeriodElapsedCallback)
    i.HAL_TIM_TriggerCallback                0x080020f4   Section        0  stm32f4xx_hal_tim.o(i.HAL_TIM_TriggerCallback)
    i.HAL_UART_ErrorCallback                 0x080020f6   Section        0  stm32f4xx_hal_uart.o(i.HAL_UART_ErrorCallback)
    i.HAL_UART_IRQHandler                    0x080020f8   Section        0  stm32f4xx_hal_uart.o(i.HAL_UART_IRQHandler)
    i.HAL_UART_Init                          0x08002208   Section        0  stm32f4xx_hal_uart.o(i.HAL_UART_Init)
    i.HAL_UART_MspInit                       0x0800226c   Section        0  usart.o(i.HAL_UART_MspInit)
    i.HAL_UART_Receive_IT                    0x080022d4   Section        0  stm32f4xx_hal_uart.o(i.HAL_UART_Receive_IT)
    i.HAL_UART_RxCpltCallback                0x0800231c   Section        0  interrupt.o(i.HAL_UART_RxCpltCallback)
    i.HAL_UART_Transmit                      0x08002360   Section        0  stm32f4xx_hal_uart.o(i.HAL_UART_Transmit)
    i.HAL_UART_Transmit_IT                   0x0800241a   Section        0  stm32f4xx_hal_uart.o(i.HAL_UART_Transmit_IT)
    i.HAL_UART_TxCpltCallback                0x08002458   Section        0  stm32f4xx_hal_uart.o(i.HAL_UART_TxCpltCallback)
    i.I2C_IsAcknowledgeFailed                0x0800245a   Section        0  stm32f4xx_hal_i2c.o(i.I2C_IsAcknowledgeFailed)
    I2C_IsAcknowledgeFailed                  0x0800245b   Thumb Code    40  stm32f4xx_hal_i2c.o(i.I2C_IsAcknowledgeFailed)
    i.I2C_RequestMemoryRead                  0x08002482   Section        0  stm32f4xx_hal_i2c.o(i.I2C_RequestMemoryRead)
    I2C_RequestMemoryRead                    0x08002483   Thumb Code   240  stm32f4xx_hal_i2c.o(i.I2C_RequestMemoryRead)
    i.I2C_RequestMemoryWrite                 0x08002574   Section        0  stm32f4xx_hal_i2c.o(i.I2C_RequestMemoryWrite)
    I2C_RequestMemoryWrite                   0x08002575   Thumb Code   156  stm32f4xx_hal_i2c.o(i.I2C_RequestMemoryWrite)
    i.I2C_WaitOnBTFFlagUntilTimeout          0x08002614   Section        0  stm32f4xx_hal_i2c.o(i.I2C_WaitOnBTFFlagUntilTimeout)
    I2C_WaitOnBTFFlagUntilTimeout            0x08002615   Thumb Code    78  stm32f4xx_hal_i2c.o(i.I2C_WaitOnBTFFlagUntilTimeout)
    i.I2C_WaitOnFlagUntilTimeout             0x08002662   Section        0  stm32f4xx_hal_i2c.o(i.I2C_WaitOnFlagUntilTimeout)
    I2C_WaitOnFlagUntilTimeout               0x08002663   Thumb Code    96  stm32f4xx_hal_i2c.o(i.I2C_WaitOnFlagUntilTimeout)
    i.I2C_WaitOnMasterAddressFlagUntilTimeout 0x080026c4   Section        0  stm32f4xx_hal_i2c.o(i.I2C_WaitOnMasterAddressFlagUntilTimeout)
    I2C_WaitOnMasterAddressFlagUntilTimeout  0x080026c5   Thumb Code   136  stm32f4xx_hal_i2c.o(i.I2C_WaitOnMasterAddressFlagUntilTimeout)
    i.I2C_WaitOnRXNEFlagUntilTimeout         0x0800274c   Section        0  stm32f4xx_hal_i2c.o(i.I2C_WaitOnRXNEFlagUntilTimeout)
    I2C_WaitOnRXNEFlagUntilTimeout           0x0800274d   Thumb Code    98  stm32f4xx_hal_i2c.o(i.I2C_WaitOnRXNEFlagUntilTimeout)
    i.I2C_WaitOnTXEFlagUntilTimeout          0x080027ae   Section        0  stm32f4xx_hal_i2c.o(i.I2C_WaitOnTXEFlagUntilTimeout)
    I2C_WaitOnTXEFlagUntilTimeout            0x080027af   Thumb Code    78  stm32f4xx_hal_i2c.o(i.I2C_WaitOnTXEFlagUntilTimeout)
    i.InitControl                            0x080027fc   Section        0  app.o(i.InitControl)
    i.MPU_Stabilize                          0x08002894   Section        0  app.o(i.MPU_Stabilize)
    i.MX_GPIO_Init                           0x0800290c   Section        0  gpio.o(i.MX_GPIO_Init)
    i.MX_I2C1_Init                           0x080029e0   Section        0  i2c.o(i.MX_I2C1_Init)
    i.MX_TIM2_Init                           0x08002a34   Section        0  tim.o(i.MX_TIM2_Init)
    i.MX_TIM3_Init                           0x08002aa8   Section        0  tim.o(i.MX_TIM3_Init)
    i.MX_TIM4_Init                           0x08002b1c   Section        0  tim.o(i.MX_TIM4_Init)
    i.MX_TIM5_Init                           0x08002b94   Section        0  tim.o(i.MX_TIM5_Init)
    i.MX_USART1_UART_Init                    0x08002c08   Section        0  usart.o(i.MX_USART1_UART_Init)
    i.MX_USART2_UART_Init                    0x08002c54   Section        0  usart.o(i.MX_USART2_UART_Init)
    i.Monitoring                             0x08002ca0   Section        0  app.o(i.Monitoring)
    i.NVIC_SetPriority                       0x08002cfc   Section        0  stm32f4xx_hal_cortex.o(i.NVIC_SetPriority)
    NVIC_SetPriority                         0x08002cfd   Thumb Code    32  stm32f4xx_hal_cortex.o(i.NVIC_SetPriority)
    i.PendSV_Handler                         0x08002d1c   Section        0  stm32f4xx_it.o(i.PendSV_Handler)
    i.PostureControl                         0x08002d20   Section        0  app.o(i.PostureControl)
    i.ResetControl                           0x08002e58   Section        0  app.o(i.ResetControl)
    i.SVC_Handler                            0x08002e80   Section        0  stm32f4xx_it.o(i.SVC_Handler)
    i.SetDeadZone                            0x08002e84   Section        0  app.o(i.SetDeadZone)
    i.SetMotor                               0x08002f60   Section        0  app.o(i.SetMotor)
    i.SetStepOption                          0x08003064   Section        0  app.o(i.SetStepOption)
    i.SlowlyIncreaseDriving                  0x08003090   Section        0  app.o(i.SlowlyIncreaseDriving)
    i.StartControl                           0x080031ac   Section        0  app.o(i.StartControl)
    i.SysTick_Handler                        0x080031c8   Section        0  stm32f4xx_it.o(i.SysTick_Handler)
    i.SystemClock_Config                     0x080031d8   Section        0  main.o(i.SystemClock_Config)
    i.SystemInit                             0x0800328c   Section        0  system_stm32f4xx.o(i.SystemInit)
    i.TIM2_IRQHandler                        0x080032e0   Section        0  stm32f4xx_it.o(i.TIM2_IRQHandler)
    i.TIM3_IRQHandler                        0x080032ec   Section        0  stm32f4xx_it.o(i.TIM3_IRQHandler)
    i.TIM4_IRQHandler                        0x080032f8   Section        0  stm32f4xx_it.o(i.TIM4_IRQHandler)
    i.TIM_Base_SetConfig                     0x08003304   Section        0  stm32f4xx_hal_tim.o(i.TIM_Base_SetConfig)
    i.TIM_ETR_SetConfig                      0x08003394   Section        0  stm32f4xx_hal_tim.o(i.TIM_ETR_SetConfig)
    TIM_ETR_SetConfig                        0x08003395   Thumb Code    20  stm32f4xx_hal_tim.o(i.TIM_ETR_SetConfig)
    i.TIM_ITRx_SetConfig                     0x080033a8   Section        0  stm32f4xx_hal_tim.o(i.TIM_ITRx_SetConfig)
    TIM_ITRx_SetConfig                       0x080033a9   Thumb Code    16  stm32f4xx_hal_tim.o(i.TIM_ITRx_SetConfig)
    i.TIM_TI1_ConfigInputStage               0x080033b8   Section        0  stm32f4xx_hal_tim.o(i.TIM_TI1_ConfigInputStage)
    TIM_TI1_ConfigInputStage                 0x080033b9   Thumb Code    34  stm32f4xx_hal_tim.o(i.TIM_TI1_ConfigInputStage)
    i.TIM_TI2_ConfigInputStage               0x080033da   Section        0  stm32f4xx_hal_tim.o(i.TIM_TI2_ConfigInputStage)
    TIM_TI2_ConfigInputStage                 0x080033db   Thumb Code    36  stm32f4xx_hal_tim.o(i.TIM_TI2_ConfigInputStage)
    i.Tuning                                 0x08003400   Section        0  app.o(i.Tuning)
    i.TuningOrDriving                        0x08003444   Section        0  app.o(i.TuningOrDriving)
    i.UART_DMAAbortOnError                   0x08003458   Section        0  stm32f4xx_hal_uart.o(i.UART_DMAAbortOnError)
    UART_DMAAbortOnError                     0x08003459   Thumb Code    16  stm32f4xx_hal_uart.o(i.UART_DMAAbortOnError)
    i.UART_EndRxTransfer                     0x08003468   Section        0  stm32f4xx_hal_uart.o(i.UART_EndRxTransfer)
    UART_EndRxTransfer                       0x08003469   Thumb Code    28  stm32f4xx_hal_uart.o(i.UART_EndRxTransfer)
    i.UART_Receive_IT                        0x08003484   Section        0  stm32f4xx_hal_uart.o(i.UART_Receive_IT)
    UART_Receive_IT                          0x08003485   Thumb Code   140  stm32f4xx_hal_uart.o(i.UART_Receive_IT)
    i.UART_SetConfig                         0x08003510   Section        0  stm32f4xx_hal_uart.o(i.UART_SetConfig)
    UART_SetConfig                           0x08003511   Thumb Code   676  stm32f4xx_hal_uart.o(i.UART_SetConfig)
    i.UART_Transmit_IT                       0x080037bc   Section        0  stm32f4xx_hal_uart.o(i.UART_Transmit_IT)
    UART_Transmit_IT                         0x080037bd   Thumb Code    98  stm32f4xx_hal_uart.o(i.UART_Transmit_IT)
    i.UART_WaitOnFlagUntilTimeout            0x0800381e   Section        0  stm32f4xx_hal_uart.o(i.UART_WaitOnFlagUntilTimeout)
    UART_WaitOnFlagUntilTimeout              0x0800381f   Thumb Code   100  stm32f4xx_hal_uart.o(i.UART_WaitOnFlagUntilTimeout)
    i.USART1_IRQHandler                      0x08003884   Section        0  stm32f4xx_it.o(i.USART1_IRQHandler)
    i._Error_Handler                         0x08003890   Section        0  main.o(i._Error_Handler)
    i.__0printf                              0x080038a0   Section        0  printfa.o(i.__0printf)
    i.__ARM_fpclassify                       0x080038c0   Section        0  fpclassify.o(i.__ARM_fpclassify)
    i.__hardfp_atan                          0x080038f0   Section        0  atan.o(i.__hardfp_atan)
    i.__hardfp_atan2                         0x08003bc8   Section        0  atan2.o(i.__hardfp_atan2)
    i.__kernel_poly                          0x08003db8   Section        0  poly.o(i.__kernel_poly)
    i.__mathlib_dbl_infnan                   0x08003eb0   Section        0  dunder.o(i.__mathlib_dbl_infnan)
    i.__mathlib_dbl_infnan2                  0x08003ec4   Section        0  dunder.o(i.__mathlib_dbl_infnan2)
    i.__mathlib_dbl_underflow                0x08003ed8   Section        0  dunder.o(i.__mathlib_dbl_underflow)
    i.__scatterload_copy                     0x08003ef8   Section       14  handlers.o(i.__scatterload_copy)
    i.__scatterload_null                     0x08003f06   Section        2  handlers.o(i.__scatterload_null)
    i.__scatterload_zeroinit                 0x08003f08   Section       14  handlers.o(i.__scatterload_zeroinit)
    i._fp_digits                             0x08003f18   Section        0  printfa.o(i._fp_digits)
    _fp_digits                               0x08003f19   Thumb Code   366  printfa.o(i._fp_digits)
    i._printf_core                           0x0800409c   Section        0  printfa.o(i._printf_core)
    _printf_core                             0x0800409d   Thumb Code  1744  printfa.o(i._printf_core)
    i._printf_post_padding                   0x08004778   Section        0  printfa.o(i._printf_post_padding)
    _printf_post_padding                     0x08004779   Thumb Code    36  printfa.o(i._printf_post_padding)
    i._printf_pre_padding                    0x0800479c   Section        0  printfa.o(i._printf_pre_padding)
    _printf_pre_padding                      0x0800479d   Thumb Code    46  printfa.o(i._printf_pre_padding)
    i.atan                                   0x080047ca   Section        0  atan.o(i.atan)
    i.fabs                                   0x080047da   Section        0  fabs.o(i.fabs)
    i.fputc                                  0x080047f4   Section        0  app.o(i.fputc)
    i.isChecksumError                        0x0800480c   Section        0  app.o(i.isChecksumError)
    i.isFall                                 0x08004834   Section        0  app.o(i.isFall)
    i.isStand                                0x0800488c   Section        0  app.o(i.isStand)
    i.main                                   0x080048e4   Section        0  main.o(i.main)
    .constdata                               0x080049e4   Section       16  system_stm32f4xx.o(.constdata)
    .constdata                               0x080049f4   Section        8  system_stm32f4xx.o(.constdata)
    .constdata                               0x08004a00   Section      152  atan.o(.constdata)
    atanhi                                   0x08004a00   Data          32  atan.o(.constdata)
    atanlo                                   0x08004a20   Data          32  atan.o(.constdata)
    aTodd                                    0x08004a40   Data          40  atan.o(.constdata)
    aTeven                                   0x08004a68   Data          48  atan.o(.constdata)
    .constdata                               0x08004a98   Section        8  qnan.o(.constdata)
    .data                                    0x20000000   Section       56  app.o(.data)
    preinput                                 0x20000008   Data           8  app.o(.data)
    preinput                                 0x20000010   Data           8  app.o(.data)
    .data                                    0x20000038   Section       28  interrupt.o(.data)
    .data                                    0x20000054   Section       12  stm32f4xx_hal.o(.data)
    .data                                    0x20000060   Section        4  system_stm32f4xx.o(.data)
    .data                                    0x20000064   Section        4  stdout.o(.data)
    .bss                                     0x20000068   Section      264  app.o(.bss)
    .bss                                     0x20000170   Section       84  i2c.o(.bss)
    .bss                                     0x200001c4   Section      240  tim.o(.bss)
    .bss                                     0x200002b4   Section      128  usart.o(.bss)
    STACK                                    0x20000338   Section     1024  startup_stm32f411xe.o(STACK)

    Global Symbols

    Symbol Name                              Value     Ov Type        Size  Object(Section)

    BuildAttributes$$THM_ISAv4$E$P$D$K$B$S$7EM$VFPi3$EXTD16$VFPS$VFMA$PE$A:L22UL41UL21$X:L11$S22US41US21$IEEE1$IW$USESV6$~STKCKD$USESV7$~SHL$OTIME$ROPI$IEEEX$EBA8$MICROLIB$REQ8$PRES8$EABIv2 0x00000000   Number         0  anon$$obj.o ABSOLUTE
    __ARM_use_no_argv                        0x00000000   Number         0  main.o ABSOLUTE
    _printf_a                                0x00000000   Number         0  stubs.o ABSOLUTE
    _printf_c                                0x00000000   Number         0  stubs.o ABSOLUTE
    _printf_charcount                        0x00000000   Number         0  stubs.o ABSOLUTE
    _printf_d                                0x00000000   Number         0  stubs.o ABSOLUTE
    _printf_e                                0x00000000   Number         0  stubs.o ABSOLUTE
    _printf_f                                0x00000000   Number         0  stubs.o ABSOLUTE
    _printf_flags                            0x00000000   Number         0  stubs.o ABSOLUTE
    _printf_fp_dec                           0x00000000   Number         0  stubs.o ABSOLUTE
    _printf_fp_hex                           0x00000000   Number         0  stubs.o ABSOLUTE
    _printf_g                                0x00000000   Number         0  stubs.o ABSOLUTE
    _printf_i                                0x00000000   Number         0  stubs.o ABSOLUTE
    _printf_int_dec                          0x00000000   Number         0  stubs.o ABSOLUTE
    _printf_l                                0x00000000   Number         0  stubs.o ABSOLUTE
    _printf_lc                               0x00000000   Number         0  stubs.o ABSOLUTE
    _printf_ll                               0x00000000   Number         0  stubs.o ABSOLUTE
    _printf_lld                              0x00000000   Number         0  stubs.o ABSOLUTE
    _printf_lli                              0x00000000   Number         0  stubs.o ABSOLUTE
    _printf_llo                              0x00000000   Number         0  stubs.o ABSOLUTE
    _printf_llu                              0x00000000   Number         0  stubs.o ABSOLUTE
    _printf_llx                              0x00000000   Number         0  stubs.o ABSOLUTE
    _printf_longlong_dec                     0x00000000   Number         0  stubs.o ABSOLUTE
    _printf_longlong_hex                     0x00000000   Number         0  stubs.o ABSOLUTE
    _printf_longlong_oct                     0x00000000   Number         0  stubs.o ABSOLUTE
    _printf_ls                               0x00000000   Number         0  stubs.o ABSOLUTE
    _printf_mbtowc                           0x00000000   Number         0  stubs.o ABSOLUTE
    _printf_n                                0x00000000   Number         0  stubs.o ABSOLUTE
    _printf_o                                0x00000000   Number         0  stubs.o ABSOLUTE
    _printf_p                                0x00000000   Number         0  stubs.o ABSOLUTE
    _printf_percent                          0x00000000   Number         0  stubs.o ABSOLUTE
    _printf_pre_padding                      0x00000000   Number         0  stubs.o ABSOLUTE
    _printf_return_value                     0x00000000   Number         0  stubs.o ABSOLUTE
    _printf_s                                0x00000000   Number         0  stubs.o ABSOLUTE
    _printf_sizespec                         0x00000000   Number         0  stubs.o ABSOLUTE
    _printf_str                              0x00000000   Number         0  stubs.o ABSOLUTE
    _printf_truncate_signed                  0x00000000   Number         0  stubs.o ABSOLUTE
    _printf_truncate_unsigned                0x00000000   Number         0  stubs.o ABSOLUTE
    _printf_u                                0x00000000   Number         0  stubs.o ABSOLUTE
    _printf_wc                               0x00000000   Number         0  stubs.o ABSOLUTE
    _printf_wctomb                           0x00000000   Number         0  stubs.o ABSOLUTE
    _printf_widthprec                        0x00000000   Number         0  stubs.o ABSOLUTE
    _printf_x                                0x00000000   Number         0  stubs.o ABSOLUTE
    __cpp_initialize__aeabi_                  - Undefined Weak Reference
    __cxa_finalize                            - Undefined Weak Reference
    __decompress                              - Undefined Weak Reference
    _clock_init                               - Undefined Weak Reference
    _microlib_exit                            - Undefined Weak Reference
    __Vectors_Size                           0x00000198   Number         0  startup_stm32f411xe.o ABSOLUTE
    __Vectors                                0x08000000   Data           4  startup_stm32f411xe.o(RESET)
    __Vectors_End                            0x08000198   Data           0  startup_stm32f411xe.o(RESET)
    __main                                   0x08000199   Thumb Code     0  entry.o(.ARM.Collect$$$$00000000)
    _main_stk                                0x08000199   Thumb Code     0  entry2.o(.ARM.Collect$$$$00000001)
    _main_scatterload                        0x0800019d   Thumb Code     0  entry5.o(.ARM.Collect$$$$00000004)
    __main_after_scatterload                 0x080001a1   Thumb Code     0  entry5.o(.ARM.Collect$$$$00000004)
    _main_clock                              0x080001a1   Thumb Code     0  entry7b.o(.ARM.Collect$$$$00000008)
    _main_cpp_init                           0x080001a1   Thumb Code     0  entry8b.o(.ARM.Collect$$$$0000000A)
    _main_init                               0x080001a1   Thumb Code     0  entry9a.o(.ARM.Collect$$$$0000000B)
    __rt_final_cpp                           0x080001a9   Thumb Code     0  entry10a.o(.ARM.Collect$$$$0000000D)
    __rt_final_exit                          0x080001a9   Thumb Code     0  entry11a.o(.ARM.Collect$$$$0000000F)
    Reset_Handler                            0x080001ad   Thumb Code     8  startup_stm32f411xe.o(.text)
    NMI_Handler                              0x080001b5   Thumb Code     2  startup_stm32f411xe.o(.text)
    HardFault_Handler                        0x080001b7   Thumb Code     2  startup_stm32f411xe.o(.text)
    MemManage_Handler                        0x080001b9   Thumb Code     2  startup_stm32f411xe.o(.text)
    BusFault_Handler                         0x080001bb   Thumb Code     2  startup_stm32f411xe.o(.text)
    UsageFault_Handler                       0x080001bd   Thumb Code     2  startup_stm32f411xe.o(.text)
    DebugMon_Handler                         0x080001c1   Thumb Code     2  startup_stm32f411xe.o(.text)
    ADC_IRQHandler                           0x080001c7   Thumb Code     0  startup_stm32f411xe.o(.text)
    DMA1_Stream0_IRQHandler                  0x080001c7   Thumb Code     0  startup_stm32f411xe.o(.text)
    DMA1_Stream1_IRQHandler                  0x080001c7   Thumb Code     0  startup_stm32f411xe.o(.text)
    DMA1_Stream2_IRQHandler                  0x080001c7   Thumb Code     0  startup_stm32f411xe.o(.text)
    DMA1_Stream3_IRQHandler                  0x080001c7   Thumb Code     0  startup_stm32f411xe.o(.text)
    DMA1_Stream4_IRQHandler                  0x080001c7   Thumb Code     0  startup_stm32f411xe.o(.text)
    DMA1_Stream5_IRQHandler                  0x080001c7   Thumb Code     0  startup_stm32f411xe.o(.text)
    DMA1_Stream6_IRQHandler                  0x080001c7   Thumb Code     0  startup_stm32f411xe.o(.text)
    DMA1_Stream7_IRQHandler                  0x080001c7   Thumb Code     0  startup_stm32f411xe.o(.text)
    DMA2_Stream0_IRQHandler                  0x080001c7   Thumb Code     0  startup_stm32f411xe.o(.text)
    DMA2_Stream1_IRQHandler                  0x080001c7   Thumb Code     0  startup_stm32f411xe.o(.text)
    DMA2_Stream2_IRQHandler                  0x080001c7   Thumb Code     0  startup_stm32f411xe.o(.text)
    DMA2_Stream3_IRQHandler                  0x080001c7   Thumb Code     0  startup_stm32f411xe.o(.text)
    DMA2_Stream4_IRQHandler                  0x080001c7   Thumb Code     0  startup_stm32f411xe.o(.text)
    DMA2_Stream5_IRQHandler                  0x080001c7   Thumb Code     0  startup_stm32f411xe.o(.text)
    DMA2_Stream6_IRQHandler                  0x080001c7   Thumb Code     0  startup_stm32f411xe.o(.text)
    DMA2_Stream7_IRQHandler                  0x080001c7   Thumb Code     0  startup_stm32f411xe.o(.text)
    EXTI0_IRQHandler                         0x080001c7   Thumb Code     0  startup_stm32f411xe.o(.text)
    EXTI15_10_IRQHandler                     0x080001c7   Thumb Code     0  startup_stm32f411xe.o(.text)
    EXTI1_IRQHandler                         0x080001c7   Thumb Code     0  startup_stm32f411xe.o(.text)
    EXTI2_IRQHandler                         0x080001c7   Thumb Code     0  startup_stm32f411xe.o(.text)
    EXTI3_IRQHandler                         0x080001c7   Thumb Code     0  startup_stm32f411xe.o(.text)
    EXTI4_IRQHandler                         0x080001c7   Thumb Code     0  startup_stm32f411xe.o(.text)
    EXTI9_5_IRQHandler                       0x080001c7   Thumb Code     0  startup_stm32f411xe.o(.text)
    FLASH_IRQHandler                         0x080001c7   Thumb Code     0  startup_stm32f411xe.o(.text)
    FPU_IRQHandler                           0x080001c7   Thumb Code     0  startup_stm32f411xe.o(.text)
    I2C1_ER_IRQHandler                       0x080001c7   Thumb Code     0  startup_stm32f411xe.o(.text)
    I2C1_EV_IRQHandler                       0x080001c7   Thumb Code     0  startup_stm32f411xe.o(.text)
    I2C2_ER_IRQHandler                       0x080001c7   Thumb Code     0  startup_stm32f411xe.o(.text)
    I2C2_EV_IRQHandler                       0x080001c7   Thumb Code     0  startup_stm32f411xe.o(.text)
    I2C3_ER_IRQHandler                       0x080001c7   Thumb Code     0  startup_stm32f411xe.o(.text)
    I2C3_EV_IRQHandler                       0x080001c7   Thumb Code     0  startup_stm32f411xe.o(.text)
    OTG_FS_IRQHandler                        0x080001c7   Thumb Code     0  startup_stm32f411xe.o(.text)
    OTG_FS_WKUP_IRQHandler                   0x080001c7   Thumb Code     0  startup_stm32f411xe.o(.text)
    PVD_IRQHandler                           0x080001c7   Thumb Code     0  startup_stm32f411xe.o(.text)
    RCC_IRQHandler                           0x080001c7   Thumb Code     0  startup_stm32f411xe.o(.text)
    RTC_Alarm_IRQHandler                     0x080001c7   Thumb Code     0  startup_stm32f411xe.o(.text)
    RTC_WKUP_IRQHandler                      0x080001c7   Thumb Code     0  startup_stm32f411xe.o(.text)
    SDIO_IRQHandler                          0x080001c7   Thumb Code     0  startup_stm32f411xe.o(.text)
    SPI1_IRQHandler                          0x080001c7   Thumb Code     0  startup_stm32f411xe.o(.text)
    SPI2_IRQHandler                          0x080001c7   Thumb Code     0  startup_stm32f411xe.o(.text)
    SPI3_IRQHandler                          0x080001c7   Thumb Code     0  startup_stm32f411xe.o(.text)
    SPI4_IRQHandler                          0x080001c7   Thumb Code     0  startup_stm32f411xe.o(.text)
    SPI5_IRQHandler                          0x080001c7   Thumb Code     0  startup_stm32f411xe.o(.text)
    TAMP_STAMP_IRQHandler                    0x080001c7   Thumb Code     0  startup_stm32f411xe.o(.text)
    TIM1_BRK_TIM9_IRQHandler                 0x080001c7   Thumb Code     0  startup_stm32f411xe.o(.text)
    TIM1_CC_IRQHandler                       0x080001c7   Thumb Code     0  startup_stm32f411xe.o(.text)
    TIM1_TRG_COM_TIM11_IRQHandler            0x080001c7   Thumb Code     0  startup_stm32f411xe.o(.text)
    TIM1_UP_TIM10_IRQHandler                 0x080001c7   Thumb Code     0  startup_stm32f411xe.o(.text)
    TIM5_IRQHandler                          0x080001c7   Thumb Code     0  startup_stm32f411xe.o(.text)
    USART2_IRQHandler                        0x080001c7   Thumb Code     0  startup_stm32f411xe.o(.text)
    USART6_IRQHandler                        0x080001c7   Thumb Code     0  startup_stm32f411xe.o(.text)
    WWDG_IRQHandler                          0x080001c7   Thumb Code     0  startup_stm32f411xe.o(.text)
    __aeabi_uldivmod                         0x080001d1   Thumb Code    98  uldiv.o(.text)
    __aeabi_memcpy                           0x08000233   Thumb Code    36  memcpya.o(.text)
    __aeabi_memcpy4                          0x08000233   Thumb Code     0  memcpya.o(.text)
    __aeabi_memcpy8                          0x08000233   Thumb Code     0  memcpya.o(.text)
    __aeabi_memset                           0x08000257   Thumb Code    14  memseta.o(.text)
    __aeabi_memset4                          0x08000257   Thumb Code     0  memseta.o(.text)
    __aeabi_memset8                          0x08000257   Thumb Code     0  memseta.o(.text)
    __aeabi_memclr                           0x08000265   Thumb Code     4  memseta.o(.text)
    __aeabi_memclr4                          0x08000265   Thumb Code     0  memseta.o(.text)
    __aeabi_memclr8                          0x08000265   Thumb Code     0  memseta.o(.text)
    _memset$wrapper                          0x08000269   Thumb Code    18  memseta.o(.text)
    __aeabi_dadd                             0x0800027b   Thumb Code   322  dadd.o(.text)
    __aeabi_dsub                             0x080003bd   Thumb Code     6  dadd.o(.text)
    __aeabi_drsub                            0x080003c3   Thumb Code     6  dadd.o(.text)
    __aeabi_dmul                             0x080003c9   Thumb Code   228  dmul.o(.text)
    __aeabi_ddiv                             0x080004ad   Thumb Code   222  ddiv.o(.text)
    __aeabi_i2d                              0x0800058b   Thumb Code    34  dflti.o(.text)
    __aeabi_ui2d                             0x080005ad   Thumb Code    26  dfltui.o(.text)
    __aeabi_d2iz                             0x080005c7   Thumb Code    62  dfixi.o(.text)
    __aeabi_cdcmpeq                          0x08000605   Thumb Code     0  cdcmple.o(.text)
    __aeabi_cdcmple                          0x08000605   Thumb Code    48  cdcmple.o(.text)
    __aeabi_cdrcmple                         0x08000635   Thumb Code    48  cdrcmple.o(.text)
    __aeabi_uidiv                            0x08000665   Thumb Code     0  uidiv.o(.text)
    __aeabi_uidivmod                         0x08000665   Thumb Code    44  uidiv.o(.text)
    __aeabi_llsl                             0x08000691   Thumb Code    30  llshl.o(.text)
    _ll_shift_l                              0x08000691   Thumb Code     0  llshl.o(.text)
    __aeabi_llsr                             0x080006af   Thumb Code    32  llushr.o(.text)
    _ll_ushift_r                             0x080006af   Thumb Code     0  llushr.o(.text)
    __aeabi_lasr                             0x080006cf   Thumb Code    36  llsshr.o(.text)
    _ll_sshift_r                             0x080006cf   Thumb Code     0  llsshr.o(.text)
    __I$use$fp                               0x080006f3   Thumb Code     0  iusefp.o(.text)
    _double_round                            0x080006f3   Thumb Code    30  depilogue.o(.text)
    _double_epilogue                         0x08000711   Thumb Code   156  depilogue.o(.text)
    __aeabi_d2ulz                            0x080007ad   Thumb Code    48  dfixul.o(.text)
    __scatterload                            0x080007dd   Thumb Code    28  init.o(.text)
    __scatterload_rt2                        0x080007dd   Thumb Code     0  init.o(.text)
    Calibration                              0x08000801   Thumb Code   322  app.o(i.Calibration)
    CentroidControl                          0x08000979   Thumb Code   360  app.o(i.CentroidControl)
    Driving                                  0x08000b09   Thumb Code    74  app.o(i.Driving)
    GET_ANGLE                                0x08000b71   Thumb Code   492  app.o(i.GET_ANGLE)
    HAL_DMA_Abort_IT                         0x08000dad   Thumb Code    36  stm32f4xx_hal_dma.o(i.HAL_DMA_Abort_IT)
    HAL_Delay                                0x08000dd1   Thumb Code    32  stm32f4xx_hal.o(i.HAL_Delay)
    HAL_GPIO_Init                            0x08000df5   Thumb Code   358  stm32f4xx_hal_gpio.o(i.HAL_GPIO_Init)
    HAL_GPIO_TogglePin                       0x08000f7d   Thumb Code     8  stm32f4xx_hal_gpio.o(i.HAL_GPIO_TogglePin)
    HAL_GPIO_WritePin                        0x08000f85   Thumb Code    10  stm32f4xx_hal_gpio.o(i.HAL_GPIO_WritePin)
    HAL_GetTick                              0x08000f91   Thumb Code     6  stm32f4xx_hal.o(i.HAL_GetTick)
    HAL_I2C_Init                             0x08000f9d   Thumb Code   254  stm32f4xx_hal_i2c.o(i.HAL_I2C_Init)
    HAL_I2C_IsDeviceReady                    0x080010a5   Thumb Code   344  stm32f4xx_hal_i2c.o(i.HAL_I2C_IsDeviceReady)
    HAL_I2C_Mem_Read                         0x08001205   Thumb Code   496  stm32f4xx_hal_i2c.o(i.HAL_I2C_Mem_Read)
    HAL_I2C_Mem_Write                        0x08001401   Thumb Code   306  stm32f4xx_hal_i2c.o(i.HAL_I2C_Mem_Write)
    HAL_I2C_MspInit                          0x0800153d   Thumb Code    64  i2c.o(i.HAL_I2C_MspInit)
    HAL_IncTick                              0x08001589   Thumb Code    12  stm32f4xx_hal.o(i.HAL_IncTick)
    HAL_Init                                 0x08001599   Thumb Code    48  stm32f4xx_hal.o(i.HAL_Init)
    HAL_InitTick                             0x080015cd   Thumb Code    54  stm32f4xx_hal.o(i.HAL_InitTick)
    HAL_MspInit                              0x0800160d   Thumb Code   126  stm32f4xx_hal_msp.o(i.HAL_MspInit)
    HAL_NVIC_EnableIRQ                       0x08001691   Thumb Code    22  stm32f4xx_hal_cortex.o(i.HAL_NVIC_EnableIRQ)
    HAL_NVIC_SetPriority                     0x080016a9   Thumb Code    60  stm32f4xx_hal_cortex.o(i.HAL_NVIC_SetPriority)
    HAL_NVIC_SetPriorityGrouping             0x080016e9   Thumb Code    26  stm32f4xx_hal_cortex.o(i.HAL_NVIC_SetPriorityGrouping)
    HAL_RCC_ClockConfig                      0x0800170d   Thumb Code   286  stm32f4xx_hal_rcc.o(i.HAL_RCC_ClockConfig)
    HAL_RCC_GetHCLKFreq                      0x0800183d   Thumb Code     6  stm32f4xx_hal_rcc.o(i.HAL_RCC_GetHCLKFreq)
    HAL_RCC_GetPCLK1Freq                     0x08001849   Thumb Code    20  stm32f4xx_hal_rcc.o(i.HAL_RCC_GetPCLK1Freq)
    HAL_RCC_GetPCLK2Freq                     0x08001869   Thumb Code    20  stm32f4xx_hal_rcc.o(i.HAL_RCC_GetPCLK2Freq)
    HAL_RCC_GetSysClockFreq                  0x08001889   Thumb Code    88  stm32f4xx_hal_rcc.o(i.HAL_RCC_GetSysClockFreq)
    HAL_RCC_OscConfig                        0x080018e9   Thumb Code   770  stm32f4xx_hal_rcc.o(i.HAL_RCC_OscConfig)
    HAL_SYSTICK_CLKSourceConfig              0x08001c05   Thumb Code    24  stm32f4xx_hal_cortex.o(i.HAL_SYSTICK_CLKSourceConfig)
    HAL_SYSTICK_Callback                     0x08001c1d   Thumb Code     2  stm32f4xx_hal_cortex.o(i.HAL_SYSTICK_Callback)
    HAL_SYSTICK_Config                       0x08001c1f   Thumb Code    40  stm32f4xx_hal_cortex.o(i.HAL_SYSTICK_Config)
    HAL_SYSTICK_IRQHandler                   0x08001c47   Thumb Code     8  stm32f4xx_hal_cortex.o(i.HAL_SYSTICK_IRQHandler)
    HAL_TIMEx_BreakCallback                  0x08001c4f   Thumb Code     2  stm32f4xx_hal_tim_ex.o(i.HAL_TIMEx_BreakCallback)
    HAL_TIMEx_CommutationCallback            0x08001c51   Thumb Code     2  stm32f4xx_hal_tim_ex.o(i.HAL_TIMEx_CommutationCallback)
    HAL_TIMEx_MasterConfigSynchronization    0x08001c53   Thumb Code    80  stm32f4xx_hal_tim_ex.o(i.HAL_TIMEx_MasterConfigSynchronization)
    HAL_TIM_Base_Init                        0x08001ca3   Thumb Code    54  stm32f4xx_hal_tim.o(i.HAL_TIM_Base_Init)
    HAL_TIM_Base_MspInit                     0x08001cd9   Thumb Code    96  tim.o(i.HAL_TIM_Base_MspInit)
    HAL_TIM_Base_Start_IT                    0x08001d49   Thumb Code    24  stm32f4xx_hal_tim.o(i.HAL_TIM_Base_Start_IT)
    HAL_TIM_Base_Stop_IT                     0x08001d61   Thumb Code    42  stm32f4xx_hal_tim.o(i.HAL_TIM_Base_Stop_IT)
    HAL_TIM_ConfigClockSource                0x08001d8b   Thumb Code   242  stm32f4xx_hal_tim.o(i.HAL_TIM_ConfigClockSource)
    HAL_TIM_IC_CaptureCallback               0x08001e7d   Thumb Code     2  stm32f4xx_hal_tim.o(i.HAL_TIM_IC_CaptureCallback)
    HAL_TIM_IRQHandler                       0x08001e7f   Thumb Code   358  stm32f4xx_hal_tim.o(i.HAL_TIM_IRQHandler)
    HAL_TIM_OC_DelayElapsedCallback          0x08001fe5   Thumb Code     2  stm32f4xx_hal_tim.o(i.HAL_TIM_OC_DelayElapsedCallback)
    HAL_TIM_PWM_PulseFinishedCallback        0x08001fe7   Thumb Code     2  stm32f4xx_hal_tim.o(i.HAL_TIM_PWM_PulseFinishedCallback)
    HAL_TIM_PeriodElapsedCallback            0x08001fe9   Thumb Code   234  interrupt.o(i.HAL_TIM_PeriodElapsedCallback)
    HAL_TIM_TriggerCallback                  0x080020f5   Thumb Code     2  stm32f4xx_hal_tim.o(i.HAL_TIM_TriggerCallback)
    HAL_UART_ErrorCallback                   0x080020f7   Thumb Code     2  stm32f4xx_hal_uart.o(i.HAL_UART_ErrorCallback)
    HAL_UART_IRQHandler                      0x080020f9   Thumb Code   266  stm32f4xx_hal_uart.o(i.HAL_UART_IRQHandler)
    HAL_UART_Init                            0x08002209   Thumb Code    98  stm32f4xx_hal_uart.o(i.HAL_UART_Init)
    HAL_UART_MspInit                         0x0800226d   Thumb Code    88  usart.o(i.HAL_UART_MspInit)
    HAL_UART_Receive_IT                      0x080022d5   Thumb Code    72  stm32f4xx_hal_uart.o(i.HAL_UART_Receive_IT)
    HAL_UART_RxCpltCallback                  0x0800231d   Thumb Code    52  interrupt.o(i.HAL_UART_RxCpltCallback)
    HAL_UART_Transmit                        0x08002361   Thumb Code   186  stm32f4xx_hal_uart.o(i.HAL_UART_Transmit)
    HAL_UART_Transmit_IT                     0x0800241b   Thumb Code    62  stm32f4xx_hal_uart.o(i.HAL_UART_Transmit_IT)
    HAL_UART_TxCpltCallback                  0x08002459   Thumb Code     2  stm32f4xx_hal_uart.o(i.HAL_UART_TxCpltCallback)
    InitControl                              0x080027fd   Thumb Code    98  app.o(i.InitControl)
    MPU_Stabilize                            0x08002895   Thumb Code    66  app.o(i.MPU_Stabilize)
    MX_GPIO_Init                             0x0800290d   Thumb Code   192  gpio.o(i.MX_GPIO_Init)
    MX_I2C1_Init                             0x080029e1   Thumb Code    54  i2c.o(i.MX_I2C1_Init)
    MX_TIM2_Init                             0x08002a35   Thumb Code    94  tim.o(i.MX_TIM2_Init)
    MX_TIM3_Init                             0x08002aa9   Thumb Code    90  tim.o(i.MX_TIM3_Init)
    MX_TIM4_Init                             0x08002b1d   Thumb Code    94  tim.o(i.MX_TIM4_Init)
    MX_TIM5_Init                             0x08002b95   Thumb Code    92  tim.o(i.MX_TIM5_Init)
    MX_USART1_UART_Init                      0x08002c09   Thumb Code    52  usart.o(i.MX_USART1_UART_Init)
    MX_USART2_UART_Init                      0x08002c55   Thumb Code    52  usart.o(i.MX_USART2_UART_Init)
    Monitoring                               0x08002ca1   Thumb Code    76  app.o(i.Monitoring)
    PendSV_Handler                           0x08002d1d   Thumb Code     2  stm32f4xx_it.o(i.PendSV_Handler)
    PostureControl                           0x08002d21   Thumb Code   280  app.o(i.PostureControl)
    ResetControl                             0x08002e59   Thumb Code    30  app.o(i.ResetControl)
    SVC_Handler                              0x08002e81   Thumb Code     2  stm32f4xx_it.o(i.SVC_Handler)
    SetDeadZone                              0x08002e85   Thumb Code   198  app.o(i.SetDeadZone)
    SetMotor                                 0x08002f61   Thumb Code   230  app.o(i.SetMotor)
    SetStepOption                            0x08003065   Thumb Code    40  app.o(i.SetStepOption)
    SlowlyIncreaseDriving                    0x08003091   Thumb Code   224  app.o(i.SlowlyIncreaseDriving)
    StartControl                             0x080031ad   Thumb Code    20  app.o(i.StartControl)
    SysTick_Handler                          0x080031c9   Thumb Code    14  stm32f4xx_it.o(i.SysTick_Handler)
    SystemClock_Config                       0x080031d9   Thumb Code   154  main.o(i.SystemClock_Config)
    SystemInit                               0x0800328d   Thumb Code    66  system_stm32f4xx.o(i.SystemInit)
    TIM2_IRQHandler                          0x080032e1   Thumb Code     6  stm32f4xx_it.o(i.TIM2_IRQHandler)
    TIM3_IRQHandler                          0x080032ed   Thumb Code     6  stm32f4xx_it.o(i.TIM3_IRQHandler)
    TIM4_IRQHandler                          0x080032f9   Thumb Code     6  stm32f4xx_it.o(i.TIM4_IRQHandler)
    TIM_Base_SetConfig                       0x08003305   Thumb Code   114  stm32f4xx_hal_tim.o(i.TIM_Base_SetConfig)
    Tuning                                   0x08003401   Thumb Code    64  app.o(i.Tuning)
    TuningOrDriving                          0x08003445   Thumb Code    16  app.o(i.TuningOrDriving)
    USART1_IRQHandler                        0x08003885   Thumb Code     6  stm32f4xx_it.o(i.USART1_IRQHandler)
    _Error_Handler                           0x08003891   Thumb Code    12  main.o(i._Error_Handler)
    __0printf                                0x080038a1   Thumb Code    22  printfa.o(i.__0printf)
    __1printf                                0x080038a1   Thumb Code     0  printfa.o(i.__0printf)
    __2printf                                0x080038a1   Thumb Code     0  printfa.o(i.__0printf)
    __c89printf                              0x080038a1   Thumb Code     0  printfa.o(i.__0printf)
    printf                                   0x080038a1   Thumb Code     0  printfa.o(i.__0printf)
    __ARM_fpclassify                         0x080038c1   Thumb Code    48  fpclassify.o(i.__ARM_fpclassify)
    __hardfp_atan                            0x080038f1   Thumb Code   622  atan.o(i.__hardfp_atan)
    __hardfp_atan2                           0x08003bc9   Thumb Code   432  atan2.o(i.__hardfp_atan2)
    __kernel_poly                            0x08003db9   Thumb Code   248  poly.o(i.__kernel_poly)
    __mathlib_dbl_infnan                     0x08003eb1   Thumb Code    20  dunder.o(i.__mathlib_dbl_infnan)
    __mathlib_dbl_infnan2                    0x08003ec5   Thumb Code    20  dunder.o(i.__mathlib_dbl_infnan2)
    __mathlib_dbl_underflow                  0x08003ed9   Thumb Code    24  dunder.o(i.__mathlib_dbl_underflow)
    __scatterload_copy                       0x08003ef9   Thumb Code    14  handlers.o(i.__scatterload_copy)
    __scatterload_null                       0x08003f07   Thumb Code     2  handlers.o(i.__scatterload_null)
    __scatterload_zeroinit                   0x08003f09   Thumb Code    14  handlers.o(i.__scatterload_zeroinit)
    atan                                     0x080047cb   Thumb Code    16  atan.o(i.atan)
    fabs                                     0x080047db   Thumb Code    24  fabs.o(i.fabs)
    fputc                                    0x080047f5   Thumb Code    20  app.o(i.fputc)
    isChecksumError                          0x0800480d   Thumb Code    34  app.o(i.isChecksumError)
    isFall                                   0x08004835   Thumb Code    68  app.o(i.isFall)
    isStand                                  0x0800488d   Thumb Code    68  app.o(i.isStand)
    main                                     0x080048e5   Thumb Code   214  main.o(i.main)
    AHBPrescTable                            0x080049e4   Data          16  system_stm32f4xx.o(.constdata)
    APBPrescTable                            0x080049f4   Data           8  system_stm32f4xx.o(.constdata)
    __mathlib_zero                           0x08004a98   Data           8  qnan.o(.constdata)
    Region$$Table$$Base                      0x08004aa0   Number         0  anon$$obj.o(Region$$Table)
    Region$$Table$$Limit                     0x08004ac0   Number         0  anon$$obj.o(Region$$Table)
    pData                                    0x20000000   Data           1  app.o(.data)
    preTimeMPU                               0x20000004   Data           4  app.o(.data)
    accXangle                                0x20000018   Data           8  app.o(.data)
    gyroXrate                                0x20000020   Data           8  app.o(.data)
    gotAngle                                 0x20000028   Data           8  app.o(.data)
    angleResult                              0x20000030   Data           8  app.o(.data)
    milliseconds                             0x20000038   Data           4  interrupt.o(.data)
    msec_count                               0x2000003c   Data           4  interrupt.o(.data)
    encoder                                  0x20000040   Data           4  interrupt.o(.data)
    step                                     0x20000044   Data           8  interrupt.o(.data)
    counter                                  0x2000004c   Data           8  interrupt.o(.data)
    uwTickFreq                               0x20000054   Data           1  stm32f4xx_hal.o(.data)
    uwTickPrio                               0x20000058   Data           4  stm32f4xx_hal.o(.data)
    uwTick                                   0x2000005c   Data           4  stm32f4xx_hal.o(.data)
    SystemCoreClock                          0x20000060   Data           4  system_stm32f4xx.o(.data)
    __stdout                                 0x20000064   Data           4  stdout.o(.data)
    posture                                  0x20000068   Data          56  app.o(.bss)
    centroid                                 0x200000a0   Data          56  app.o(.bss)
    flag                                     0x200000d8   Data           9  app.o(.bss)
    buffer                                   0x200000e1   Data          12  app.o(.bss)
    motor                                    0x200000f0   Data          32  app.o(.bss)
    pc2mcu                                   0x20000110   Data          72  app.o(.bss)
    mcu2pc                                   0x20000158   Data          24  app.o(.bss)
    hi2c1                                    0x20000170   Data          84  i2c.o(.bss)
    htim2                                    0x200001c4   Data          60  tim.o(.bss)
    htim3                                    0x20000200   Data          60  tim.o(.bss)
    htim4                                    0x2000023c   Data          60  tim.o(.bss)
    htim5                                    0x20000278   Data          60  tim.o(.bss)
    huart1                                   0x200002b4   Data          64  usart.o(.bss)
    huart2                                   0x200002f4   Data          64  usart.o(.bss)
    __initial_sp                             0x20000738   Data           0  startup_stm32f411xe.o(STACK)



==============================================================================

Memory Map of the image

  Image Entry point : 0x08000199

  Load Region LR_IROM1 (Base: 0x08000000, Size: 0x00004b28, Max: 0x00080000, ABSOLUTE)

    Execution Region ER_IROM1 (Exec base: 0x08000000, Load base: 0x08000000, Size: 0x00004ac0, Max: 0x00080000, ABSOLUTE)

    Exec Addr    Load Addr    Size         Type   Attr      Idx    E Section Name        Object

    0x08000000   0x08000000   0x00000198   Data   RO            3    RESET               startup_stm32f411xe.o
    0x08000198   0x08000198   0x00000000   Code   RO         3424  * .ARM.Collect$$$$00000000  mc_w.l(entry.o)
    0x08000198   0x08000198   0x00000004   Code   RO         3749    .ARM.Collect$$$$00000001  mc_w.l(entry2.o)
    0x0800019c   0x0800019c   0x00000004   Code   RO         3752    .ARM.Collect$$$$00000004  mc_w.l(entry5.o)
    0x080001a0   0x080001a0   0x00000000   Code   RO         3754    .ARM.Collect$$$$00000008  mc_w.l(entry7b.o)
    0x080001a0   0x080001a0   0x00000000   Code   RO         3756    .ARM.Collect$$$$0000000A  mc_w.l(entry8b.o)
    0x080001a0   0x080001a0   0x00000008   Code   RO         3757    .ARM.Collect$$$$0000000B  mc_w.l(entry9a.o)
    0x080001a8   0x080001a8   0x00000000   Code   RO         3759    .ARM.Collect$$$$0000000D  mc_w.l(entry10a.o)
    0x080001a8   0x080001a8   0x00000000   Code   RO         3761    .ARM.Collect$$$$0000000F  mc_w.l(entry11a.o)
    0x080001a8   0x080001a8   0x00000004   Code   RO         3750    .ARM.Collect$$$$00002712  mc_w.l(entry2.o)
    0x080001ac   0x080001ac   0x00000024   Code   RO            4    .text               startup_stm32f411xe.o
    0x080001d0   0x080001d0   0x00000062   Code   RO         3427    .text               mc_w.l(uldiv.o)
    0x08000232   0x08000232   0x00000024   Code   RO         3429    .text               mc_w.l(memcpya.o)
    0x08000256   0x08000256   0x00000024   Code   RO         3431    .text               mc_w.l(memseta.o)
    0x0800027a   0x0800027a   0x0000014e   Code   RO         3696    .text               mf_w.l(dadd.o)
    0x080003c8   0x080003c8   0x000000e4   Code   RO         3698    .text               mf_w.l(dmul.o)
    0x080004ac   0x080004ac   0x000000de   Code   RO         3700    .text               mf_w.l(ddiv.o)
    0x0800058a   0x0800058a   0x00000022   Code   RO         3704    .text               mf_w.l(dflti.o)
    0x080005ac   0x080005ac   0x0000001a   Code   RO         3706    .text               mf_w.l(dfltui.o)
    0x080005c6   0x080005c6   0x0000003e   Code   RO         3708    .text               mf_w.l(dfixi.o)
    0x08000604   0x08000604   0x00000030   Code   RO         3710    .text               mf_w.l(cdcmple.o)
    0x08000634   0x08000634   0x00000030   Code   RO         3712    .text               mf_w.l(cdrcmple.o)
    0x08000664   0x08000664   0x0000002c   Code   RO         3764    .text               mc_w.l(uidiv.o)
    0x08000690   0x08000690   0x0000001e   Code   RO         3766    .text               mc_w.l(llshl.o)
    0x080006ae   0x080006ae   0x00000020   Code   RO         3768    .text               mc_w.l(llushr.o)
    0x080006ce   0x080006ce   0x00000024   Code   RO         3770    .text               mc_w.l(llsshr.o)
    0x080006f2   0x080006f2   0x00000000   Code   RO         3779    .text               mc_w.l(iusefp.o)
    0x080006f2   0x080006f2   0x000000ba   Code   RO         3780    .text               mf_w.l(depilogue.o)
    0x080007ac   0x080007ac   0x00000030   Code   RO         3782    .text               mf_w.l(dfixul.o)
    0x080007dc   0x080007dc   0x00000024   Code   RO         3788    .text               mc_w.l(init.o)
    0x08000800   0x08000800   0x00000178   Code   RO           13    i.Calibration       app.o
    0x08000978   0x08000978   0x00000190   Code   RO           14    i.CentroidControl   app.o
    0x08000b08   0x08000b08   0x00000068   Code   RO           15    i.Driving           app.o
    0x08000b70   0x08000b70   0x0000023c   Code   RO           16    i.GET_ANGLE         app.o
    0x08000dac   0x08000dac   0x00000024   Code   RO         2771    i.HAL_DMA_Abort_IT  stm32f4xx_hal_dma.o
    0x08000dd0   0x08000dd0   0x00000024   Code   RO         3213    i.HAL_Delay         stm32f4xx_hal.o
    0x08000df4   0x08000df4   0x00000188   Code   RO         2663    i.HAL_GPIO_Init     stm32f4xx_hal_gpio.o
    0x08000f7c   0x08000f7c   0x00000008   Code   RO         2666    i.HAL_GPIO_TogglePin  stm32f4xx_hal_gpio.o
    0x08000f84   0x08000f84   0x0000000a   Code   RO         2667    i.HAL_GPIO_WritePin  stm32f4xx_hal_gpio.o
    0x08000f8e   0x08000f8e   0x00000002   PAD
    0x08000f90   0x08000f90   0x0000000c   Code   RO         3219    i.HAL_GetTick       stm32f4xx_hal.o
    0x08000f9c   0x08000f9c   0x00000108   Code   RO          641    i.HAL_I2C_Init      stm32f4xx_hal_i2c.o
    0x080010a4   0x080010a4   0x00000160   Code   RO          642    i.HAL_I2C_IsDeviceReady  stm32f4xx_hal_i2c.o
    0x08001204   0x08001204   0x000001fc   Code   RO          657    i.HAL_I2C_Mem_Read  stm32f4xx_hal_i2c.o
    0x08001400   0x08001400   0x0000013c   Code   RO          660    i.HAL_I2C_Mem_Write  stm32f4xx_hal_i2c.o
    0x0800153c   0x0800153c   0x0000004c   Code   RO          393    i.HAL_I2C_MspInit   i2c.o
    0x08001588   0x08001588   0x00000010   Code   RO         3223    i.HAL_IncTick       stm32f4xx_hal.o
    0x08001598   0x08001598   0x00000034   Code   RO         3224    i.HAL_Init          stm32f4xx_hal.o
    0x080015cc   0x080015cc   0x00000040   Code   RO         3225    i.HAL_InitTick      stm32f4xx_hal.o
    0x0800160c   0x0800160c   0x00000084   Code   RO          606    i.HAL_MspInit       stm32f4xx_hal_msp.o
    0x08001690   0x08001690   0x00000016   Code   RO         3076    i.HAL_NVIC_EnableIRQ  stm32f4xx_hal_cortex.o
    0x080016a6   0x080016a6   0x00000002   PAD
    0x080016a8   0x080016a8   0x00000040   Code   RO         3082    i.HAL_NVIC_SetPriority  stm32f4xx_hal_cortex.o
    0x080016e8   0x080016e8   0x00000024   Code   RO         3083    i.HAL_NVIC_SetPriorityGrouping  stm32f4xx_hal_cortex.o
    0x0800170c   0x0800170c   0x00000130   Code   RO         2255    i.HAL_RCC_ClockConfig  stm32f4xx_hal_rcc.o
    0x0800183c   0x0800183c   0x0000000c   Code   RO         2260    i.HAL_RCC_GetHCLKFreq  stm32f4xx_hal_rcc.o
    0x08001848   0x08001848   0x00000020   Code   RO         2262    i.HAL_RCC_GetPCLK1Freq  stm32f4xx_hal_rcc.o
    0x08001868   0x08001868   0x00000020   Code   RO         2263    i.HAL_RCC_GetPCLK2Freq  stm32f4xx_hal_rcc.o
    0x08001888   0x08001888   0x00000060   Code   RO         2264    i.HAL_RCC_GetSysClockFreq  stm32f4xx_hal_rcc.o
    0x080018e8   0x080018e8   0x0000031c   Code   RO         2267    i.HAL_RCC_OscConfig  stm32f4xx_hal_rcc.o
    0x08001c04   0x08001c04   0x00000018   Code   RO         3085    i.HAL_SYSTICK_CLKSourceConfig  stm32f4xx_hal_cortex.o
    0x08001c1c   0x08001c1c   0x00000002   Code   RO         3086    i.HAL_SYSTICK_Callback  stm32f4xx_hal_cortex.o
    0x08001c1e   0x08001c1e   0x00000028   Code   RO         3087    i.HAL_SYSTICK_Config  stm32f4xx_hal_cortex.o
    0x08001c46   0x08001c46   0x00000008   Code   RO         3088    i.HAL_SYSTICK_IRQHandler  stm32f4xx_hal_cortex.o
    0x08001c4e   0x08001c4e   0x00000002   Code   RO         1689    i.HAL_TIMEx_BreakCallback  stm32f4xx_hal_tim_ex.o
    0x08001c50   0x08001c50   0x00000002   Code   RO         1690    i.HAL_TIMEx_CommutationCallback  stm32f4xx_hal_tim_ex.o
    0x08001c52   0x08001c52   0x00000050   Code   RO         1706    i.HAL_TIMEx_MasterConfigSynchronization  stm32f4xx_hal_tim_ex.o
    0x08001ca2   0x08001ca2   0x00000036   Code   RO         1060    i.HAL_TIM_Base_Init  stm32f4xx_hal_tim.o
    0x08001cd8   0x08001cd8   0x00000070   Code   RO          435    i.HAL_TIM_Base_MspInit  tim.o
    0x08001d48   0x08001d48   0x00000018   Code   RO         1065    i.HAL_TIM_Base_Start_IT  stm32f4xx_hal_tim.o
    0x08001d60   0x08001d60   0x0000002a   Code   RO         1068    i.HAL_TIM_Base_Stop_IT  stm32f4xx_hal_tim.o
    0x08001d8a   0x08001d8a   0x000000f2   Code   RO         1069    i.HAL_TIM_ConfigClockSource  stm32f4xx_hal_tim.o
    0x08001e7c   0x08001e7c   0x00000002   Code   RO         1089    i.HAL_TIM_IC_CaptureCallback  stm32f4xx_hal_tim.o
    0x08001e7e   0x08001e7e   0x00000166   Code   RO         1102    i.HAL_TIM_IRQHandler  stm32f4xx_hal_tim.o
    0x08001fe4   0x08001fe4   0x00000002   Code   RO         1105    i.HAL_TIM_OC_DelayElapsedCallback  stm32f4xx_hal_tim.o
    0x08001fe6   0x08001fe6   0x00000002   Code   RO         1132    i.HAL_TIM_PWM_PulseFinishedCallback  stm32f4xx_hal_tim.o
    0x08001fe8   0x08001fe8   0x0000010c   Code   RO          289    i.HAL_TIM_PeriodElapsedCallback  interrupt.o
    0x080020f4   0x080020f4   0x00000002   Code   RO         1143    i.HAL_TIM_TriggerCallback  stm32f4xx_hal_tim.o
    0x080020f6   0x080020f6   0x00000002   Code   RO         1949    i.HAL_UART_ErrorCallback  stm32f4xx_hal_uart.o
    0x080020f8   0x080020f8   0x00000110   Code   RO         1952    i.HAL_UART_IRQHandler  stm32f4xx_hal_uart.o
    0x08002208   0x08002208   0x00000062   Code   RO         1953    i.HAL_UART_Init     stm32f4xx_hal_uart.o
    0x0800226a   0x0800226a   0x00000002   PAD
    0x0800226c   0x0800226c   0x00000068   Code   RO          495    i.HAL_UART_MspInit  usart.o
    0x080022d4   0x080022d4   0x00000048   Code   RO         1958    i.HAL_UART_Receive_IT  stm32f4xx_hal_uart.o
    0x0800231c   0x0800231c   0x00000044   Code   RO          290    i.HAL_UART_RxCpltCallback  interrupt.o
    0x08002360   0x08002360   0x000000ba   Code   RO         1961    i.HAL_UART_Transmit  stm32f4xx_hal_uart.o
    0x0800241a   0x0800241a   0x0000003e   Code   RO         1963    i.HAL_UART_Transmit_IT  stm32f4xx_hal_uart.o
    0x08002458   0x08002458   0x00000002   Code   RO         1964    i.HAL_UART_TxCpltCallback  stm32f4xx_hal_uart.o
    0x0800245a   0x0800245a   0x00000028   Code   RO          679    i.I2C_IsAcknowledgeFailed  stm32f4xx_hal_i2c.o
    0x08002482   0x08002482   0x000000f0   Code   RO          688    i.I2C_RequestMemoryRead  stm32f4xx_hal_i2c.o
    0x08002572   0x08002572   0x00000002   PAD
    0x08002574   0x08002574   0x000000a0   Code   RO          689    i.I2C_RequestMemoryWrite  stm32f4xx_hal_i2c.o
    0x08002614   0x08002614   0x0000004e   Code   RO          692    i.I2C_WaitOnBTFFlagUntilTimeout  stm32f4xx_hal_i2c.o
    0x08002662   0x08002662   0x00000060   Code   RO          693    i.I2C_WaitOnFlagUntilTimeout  stm32f4xx_hal_i2c.o
    0x080026c2   0x080026c2   0x00000002   PAD
    0x080026c4   0x080026c4   0x00000088   Code   RO          694    i.I2C_WaitOnMasterAddressFlagUntilTimeout  stm32f4xx_hal_i2c.o
    0x0800274c   0x0800274c   0x00000062   Code   RO          695    i.I2C_WaitOnRXNEFlagUntilTimeout  stm32f4xx_hal_i2c.o
    0x080027ae   0x080027ae   0x0000004e   Code   RO          696    i.I2C_WaitOnTXEFlagUntilTimeout  stm32f4xx_hal_i2c.o
    0x080027fc   0x080027fc   0x00000098   Code   RO           17    i.InitControl       app.o
    0x08002894   0x08002894   0x00000078   Code   RO           18    i.MPU_Stabilize     app.o
    0x0800290c   0x0800290c   0x000000d4   Code   RO          368    i.MX_GPIO_Init      gpio.o
    0x080029e0   0x080029e0   0x00000054   Code   RO          394    i.MX_I2C1_Init      i2c.o
    0x08002a34   0x08002a34   0x00000074   Code   RO          436    i.MX_TIM2_Init      tim.o
    0x08002aa8   0x08002aa8   0x00000074   Code   RO          437    i.MX_TIM3_Init      tim.o
    0x08002b1c   0x08002b1c   0x00000078   Code   RO          438    i.MX_TIM4_Init      tim.o
    0x08002b94   0x08002b94   0x00000074   Code   RO          439    i.MX_TIM5_Init      tim.o
    0x08002c08   0x08002c08   0x0000004c   Code   RO          496    i.MX_USART1_UART_Init  usart.o
    0x08002c54   0x08002c54   0x0000004c   Code   RO          497    i.MX_USART2_UART_Init  usart.o
    0x08002ca0   0x08002ca0   0x0000005c   Code   RO           19    i.Monitoring        app.o
    0x08002cfc   0x08002cfc   0x00000020   Code   RO         3089    i.NVIC_SetPriority  stm32f4xx_hal_cortex.o
    0x08002d1c   0x08002d1c   0x00000002   Code   RO          542    i.PendSV_Handler    stm32f4xx_it.o
    0x08002d1e   0x08002d1e   0x00000002   PAD
    0x08002d20   0x08002d20   0x00000138   Code   RO           20    i.PostureControl    app.o
    0x08002e58   0x08002e58   0x00000028   Code   RO           21    i.ResetControl      app.o
    0x08002e80   0x08002e80   0x00000002   Code   RO          543    i.SVC_Handler       stm32f4xx_it.o
    0x08002e82   0x08002e82   0x00000002   PAD
    0x08002e84   0x08002e84   0x000000dc   Code   RO           22    i.SetDeadZone       app.o
    0x08002f60   0x08002f60   0x00000104   Code   RO           23    i.SetMotor          app.o
    0x08003064   0x08003064   0x0000002c   Code   RO           24    i.SetStepOption     app.o
    0x08003090   0x08003090   0x0000011c   Code   RO           25    i.SlowlyIncreaseDriving  app.o
    0x080031ac   0x080031ac   0x0000001c   Code   RO           26    i.StartControl      app.o
    0x080031c8   0x080031c8   0x0000000e   Code   RO          544    i.SysTick_Handler   stm32f4xx_it.o
    0x080031d6   0x080031d6   0x00000002   PAD
    0x080031d8   0x080031d8   0x000000b4   Code   RO          329    i.SystemClock_Config  main.o
    0x0800328c   0x0800328c   0x00000054   Code   RO         3378    i.SystemInit        system_stm32f4xx.o
    0x080032e0   0x080032e0   0x0000000c   Code   RO          545    i.TIM2_IRQHandler   stm32f4xx_it.o
    0x080032ec   0x080032ec   0x0000000c   Code   RO          546    i.TIM3_IRQHandler   stm32f4xx_it.o
    0x080032f8   0x080032f8   0x0000000c   Code   RO          547    i.TIM4_IRQHandler   stm32f4xx_it.o
    0x08003304   0x08003304   0x00000090   Code   RO         1144    i.TIM_Base_SetConfig  stm32f4xx_hal_tim.o
    0x08003394   0x08003394   0x00000014   Code   RO         1151    i.TIM_ETR_SetConfig  stm32f4xx_hal_tim.o
    0x080033a8   0x080033a8   0x00000010   Code   RO         1152    i.TIM_ITRx_SetConfig  stm32f4xx_hal_tim.o
    0x080033b8   0x080033b8   0x00000022   Code   RO         1158    i.TIM_TI1_ConfigInputStage  stm32f4xx_hal_tim.o
    0x080033da   0x080033da   0x00000024   Code   RO         1160    i.TIM_TI2_ConfigInputStage  stm32f4xx_hal_tim.o
    0x080033fe   0x080033fe   0x00000002   PAD
    0x08003400   0x08003400   0x00000044   Code   RO           27    i.Tuning            app.o
    0x08003444   0x08003444   0x00000014   Code   RO           28    i.TuningOrDriving   app.o
    0x08003458   0x08003458   0x00000010   Code   RO         1966    i.UART_DMAAbortOnError  stm32f4xx_hal_uart.o
    0x08003468   0x08003468   0x0000001c   Code   RO         1976    i.UART_EndRxTransfer  stm32f4xx_hal_uart.o
    0x08003484   0x08003484   0x0000008c   Code   RO         1978    i.UART_Receive_IT   stm32f4xx_hal_uart.o
    0x08003510   0x08003510   0x000002ac   Code   RO         1979    i.UART_SetConfig    stm32f4xx_hal_uart.o
    0x080037bc   0x080037bc   0x00000062   Code   RO         1980    i.UART_Transmit_IT  stm32f4xx_hal_uart.o
    0x0800381e   0x0800381e   0x00000064   Code   RO         1981    i.UART_WaitOnFlagUntilTimeout  stm32f4xx_hal_uart.o
    0x08003882   0x08003882   0x00000002   PAD
    0x08003884   0x08003884   0x0000000c   Code   RO          548    i.USART1_IRQHandler  stm32f4xx_it.o
    0x08003890   0x08003890   0x00000010   Code   RO          330    i._Error_Handler    main.o
    0x080038a0   0x080038a0   0x00000020   Code   RO         3668    i.__0printf         mc_w.l(printfa.o)
    0x080038c0   0x080038c0   0x00000030   Code   RO         3784    i.__ARM_fpclassify  m_wm.l(fpclassify.o)
    0x080038f0   0x080038f0   0x000002d8   Code   RO         3714    i.__hardfp_atan     m_wm.l(atan.o)
    0x08003bc8   0x08003bc8   0x000001f0   Code   RO         3412    i.__hardfp_atan2    m_wm.l(atan2.o)
    0x08003db8   0x08003db8   0x000000f8   Code   RO         3786    i.__kernel_poly     m_wm.l(poly.o)
    0x08003eb0   0x08003eb0   0x00000014   Code   RO         3729    i.__mathlib_dbl_infnan  m_wm.l(dunder.o)
    0x08003ec4   0x08003ec4   0x00000014   Code   RO         3730    i.__mathlib_dbl_infnan2  m_wm.l(dunder.o)
    0x08003ed8   0x08003ed8   0x00000020   Code   RO         3734    i.__mathlib_dbl_underflow  m_wm.l(dunder.o)
    0x08003ef8   0x08003ef8   0x0000000e   Code   RO         3792    i.__scatterload_copy  mc_w.l(handlers.o)
    0x08003f06   0x08003f06   0x00000002   Code   RO         3793    i.__scatterload_null  mc_w.l(handlers.o)
    0x08003f08   0x08003f08   0x0000000e   Code   RO         3794    i.__scatterload_zeroinit  mc_w.l(handlers.o)
    0x08003f16   0x08003f16   0x00000002   PAD
    0x08003f18   0x08003f18   0x00000184   Code   RO         3675    i._fp_digits        mc_w.l(printfa.o)
    0x0800409c   0x0800409c   0x000006dc   Code   RO         3676    i._printf_core      mc_w.l(printfa.o)
    0x08004778   0x08004778   0x00000024   Code   RO         3677    i._printf_post_padding  mc_w.l(printfa.o)
    0x0800479c   0x0800479c   0x0000002e   Code   RO         3678    i._printf_pre_padding  mc_w.l(printfa.o)
    0x080047ca   0x080047ca   0x00000010   Code   RO         3716    i.atan              m_wm.l(atan.o)
    0x080047da   0x080047da   0x00000018   Code   RO         3744    i.fabs              m_wm.l(fabs.o)
    0x080047f2   0x080047f2   0x00000002   PAD
    0x080047f4   0x080047f4   0x00000018   Code   RO           29    i.fputc             app.o
    0x0800480c   0x0800480c   0x00000028   Code   RO           30    i.isChecksumError   app.o
    0x08004834   0x08004834   0x00000058   Code   RO           31    i.isFall            app.o
    0x0800488c   0x0800488c   0x00000058   Code   RO           32    i.isStand           app.o
    0x080048e4   0x080048e4   0x00000100   Code   RO          331    i.main              main.o
    0x080049e4   0x080049e4   0x00000010   Data   RO         3379    .constdata          system_stm32f4xx.o
    0x080049f4   0x080049f4   0x00000008   Data   RO         3380    .constdata          system_stm32f4xx.o
    0x080049fc   0x080049fc   0x00000004   PAD
    0x08004a00   0x08004a00   0x00000098   Data   RO         3717    .constdata          m_wm.l(atan.o)
    0x08004a98   0x08004a98   0x00000008   Data   RO         3748    .constdata          m_wm.l(qnan.o)
    0x08004aa0   0x08004aa0   0x00000020   Data   RO         3790    Region$$Table       anon$$obj.o


    Execution Region RW_IRAM1 (Exec base: 0x20000000, Load base: 0x08004ac0, Size: 0x00000738, Max: 0x00020000, ABSOLUTE)

    Exec Addr    Load Addr    Size         Type   Attr      Idx    E Section Name        Object

    0x20000000   0x08004ac0   0x00000038   Data   RW           34    .data               app.o
    0x20000038   0x08004af8   0x0000001c   Data   RW          291    .data               interrupt.o
    0x20000054   0x08004b14   0x0000000c   Data   RW         3231    .data               stm32f4xx_hal.o
    0x20000060   0x08004b20   0x00000004   Data   RW         3381    .data               system_stm32f4xx.o
    0x20000064   0x08004b24   0x00000004   Data   RW         3763    .data               mc_w.l(stdout.o)
    0x20000068        -       0x00000108   Zero   RW           33    .bss                app.o
    0x20000170        -       0x00000054   Zero   RW          395    .bss                i2c.o
    0x200001c4        -       0x000000f0   Zero   RW          440    .bss                tim.o
    0x200002b4        -       0x00000080   Zero   RW          498    .bss                usart.o
    0x20000334   0x08004b28   0x00000004   PAD
    0x20000338        -       0x00000400   Zero   RW            1    STACK               startup_stm32f411xe.o


==============================================================================

Image component sizes


      Code (inc. data)   RO Data    RW Data    ZI Data      Debug   Object Name

      3332        564          0         56        264     436370   app.o
       212         20          0          0          0       1167   gpio.o
       160         42          0          0         84       2041   i2c.o
       336         50          0         28          0       2573   interrupt.o
       452         72          0          0          0       2697   main.o
        36          8        408          0       1024        952   startup_stm32f411xe.o
       180         28          0         12          0       5345   stm32f4xx_hal.o
       228         14          0          0          0      33133   stm32f4xx_hal_cortex.o
        36          0          0          0          0       1435   stm32f4xx_hal_dma.o
       410         34          0          0          0       3453   stm32f4xx_hal_gpio.o
      2366         44          0          0          0      15758   stm32f4xx_hal_i2c.o
       132          6          0          0          0       1130   stm32f4xx_hal_msp.o
      1272         82          0          0          0       6400   stm32f4xx_hal_rcc.o
       978         30          0          0          0      12102   stm32f4xx_hal_tim.o
        84          0          0          0          0       2854   stm32f4xx_hal_tim_ex.o
      1760         14          0          0          0      12082   stm32f4xx_hal_uart.o
        66         24          0          0          0       3975   stm32f4xx_it.o
        84         18         24          4          0       1491   system_stm32f4xx.o
       580        114          0          0        240       4417   tim.o
       256         64          0          0        128       2827   usart.o

    ----------------------------------------------------------------------
     12980       1228        468        100       1744     552202   Object Totals
         0          0         32          0          0          0   (incl. Generated)
        20          0          4          0          4          0   (incl. Padding)

    ----------------------------------------------------------------------

      Code (inc. data)   RO Data    RW Data    ZI Data      Debug   Library Member Name

       744        106        152          0          0        352   atan.o
       496         64          0          0          0        192   atan2.o
        72          8          0          0          0        372   dunder.o
        24          0          0          0          0        124   fabs.o
        48          0          0          0          0        124   fpclassify.o
       248          0          0          0          0        152   poly.o
         0          0          8          0          0          0   qnan.o
         0          0          0          0          0          0   entry.o
         0          0          0          0          0          0   entry10a.o
         0          0          0          0          0          0   entry11a.o
         8          4          0          0          0          0   entry2.o
         4          0          0          0          0          0   entry5.o
         0          0          0          0          0          0   entry7b.o
         0          0          0          0          0          0   entry8b.o
         8          4          0          0          0          0   entry9a.o
        30          0          0          0          0          0   handlers.o
        36          8          0          0          0         68   init.o
         0          0          0          0          0          0   iusefp.o
        30          0          0          0          0         68   llshl.o
        36          0          0          0          0         68   llsshr.o
        32          0          0          0          0         68   llushr.o
        36          0          0          0          0         68   memcpya.o
        36          0          0          0          0        108   memseta.o
      2258         90          0          0          0        452   printfa.o
         0          0          0          4          0          0   stdout.o
        44          0          0          0          0         80   uidiv.o
        98          0          0          0          0         92   uldiv.o
        48          0          0          0          0         68   cdcmple.o
        48          0          0          0          0         68   cdrcmple.o
       334          0          0          0          0        148   dadd.o
       222          0          0          0          0        100   ddiv.o
       186          0          0          0          0        176   depilogue.o
        62          0          0          0          0         80   dfixi.o
        48          0          0          0          0         68   dfixul.o
        34          0          0          0          0         76   dflti.o
        26          0          0          0          0         76   dfltui.o
       228          0          0          0          0         96   dmul.o

    ----------------------------------------------------------------------
      5528        284        160          4          0       3344   Library Totals
         4          0          0          0          0          0   (incl. Padding)

    ----------------------------------------------------------------------

      Code (inc. data)   RO Data    RW Data    ZI Data      Debug   Library Name

      1632        178        160          0          0       1316   m_wm.l
      2656        106          0          4          0       1072   mc_w.l
      1236          0          0          0          0        956   mf_w.l

    ----------------------------------------------------------------------
      5528        284        160          4          0       3344   Library Totals

    ----------------------------------------------------------------------

==============================================================================


      Code (inc. data)   RO Data    RW Data    ZI Data      Debug   

     18508       1512        628        104       1744     543758   Grand Totals
     18508       1512        628        104       1744     543758   ELF Image Totals
     18508       1512        628        104          0          0   ROM Totals

==============================================================================

    Total RO  Size (Code + RO Data)                19136 (  18.69kB)
    Total RW  Size (RW Data + ZI Data)              1848 (   1.80kB)
    Total ROM Size (Code + RO Data + RW Data)      19240 (  18.79kB)

==============================================================================

