Component: ARM Compiler 5.06 update 6 (build 750) Tool: armlink [4d35ed]

==============================================================================

Section Cross References

    stm32f4xx_hal_i2c.o(i.HAL_I2C_DeInit) refers to i2c.o(i.HAL_I2C_MspDeInit) for HAL_I2C_MspDeInit
    stm32f4xx_hal_i2c.o(i.HAL_I2C_ER_IRQHandler) refers to stm32f4xx_hal_i2c.o(i.I2C_Slave_AF) for I2C_Slave_AF
    stm32f4xx_hal_i2c.o(i.HAL_I2C_ER_IRQHandler) refers to stm32f4xx_hal_i2c.o(i.I2C_ITError) for I2C_ITError
    stm32f4xx_hal_i2c.o(i.HAL_I2C_EV_IRQHandler) refers to stm32f4xx_hal_i2c.o(i.I2C_Master_SB) for I2C_Master_SB
    stm32f4xx_hal_i2c.o(i.HAL_I2C_EV_IRQHandler) refers to stm32f4xx_hal_i2c.o(i.I2C_Master_ADDR) for I2C_Master_ADDR
    stm32f4xx_hal_i2c.o(i.HAL_I2C_EV_IRQHandler) refers to stm32f4xx_hal_i2c.o(i.I2C_MasterTransmit_TXE) for I2C_MasterTransmit_TXE
    stm32f4xx_hal_i2c.o(i.HAL_I2C_EV_IRQHandler) refers to stm32f4xx_hal_i2c.o(i.I2C_MasterTransmit_BTF) for I2C_MasterTransmit_BTF
    stm32f4xx_hal_i2c.o(i.HAL_I2C_EV_IRQHandler) refers to stm32f4xx_hal_i2c.o(i.I2C_MasterReceive_RXNE) for I2C_MasterReceive_RXNE
    stm32f4xx_hal_i2c.o(i.HAL_I2C_EV_IRQHandler) refers to stm32f4xx_hal_i2c.o(i.I2C_MasterReceive_BTF) for I2C_MasterReceive_BTF
    stm32f4xx_hal_i2c.o(i.HAL_I2C_EV_IRQHandler) refers to stm32f4xx_hal_i2c.o(i.HAL_I2C_AddrCallback) for HAL_I2C_AddrCallback
    stm32f4xx_hal_i2c.o(i.HAL_I2C_EV_IRQHandler) refers to stm32f4xx_hal_i2c.o(i.I2C_Slave_STOPF) for I2C_Slave_STOPF
    stm32f4xx_hal_i2c.o(i.HAL_I2C_EV_IRQHandler) refers to stm32f4xx_hal_i2c.o(i.HAL_I2C_SlaveTxCpltCallback) for HAL_I2C_SlaveTxCpltCallback
    stm32f4xx_hal_i2c.o(i.HAL_I2C_EV_IRQHandler) refers to stm32f4xx_hal_i2c.o(i.HAL_I2C_SlaveRxCpltCallback) for HAL_I2C_SlaveRxCpltCallback
    stm32f4xx_hal_i2c.o(i.HAL_I2C_Init) refers to i2c.o(i.HAL_I2C_MspInit) for HAL_I2C_MspInit
    stm32f4xx_hal_i2c.o(i.HAL_I2C_Init) refers to stm32f4xx_hal_rcc.o(i.HAL_RCC_GetPCLK1Freq) for HAL_RCC_GetPCLK1Freq
    stm32f4xx_hal_i2c.o(i.HAL_I2C_IsDeviceReady) refers to stm32f4xx_hal.o(i.HAL_GetTick) for HAL_GetTick
    stm32f4xx_hal_i2c.o(i.HAL_I2C_IsDeviceReady) refers to stm32f4xx_hal_i2c.o(i.I2C_WaitOnFlagUntilTimeout) for I2C_WaitOnFlagUntilTimeout
    stm32f4xx_hal_i2c.o(i.HAL_I2C_Master_Abort_IT) refers to stm32f4xx_hal_i2c.o(i.I2C_ITError) for I2C_ITError
    stm32f4xx_hal_i2c.o(i.HAL_I2C_Master_Receive) refers to stm32f4xx_hal.o(i.HAL_GetTick) for HAL_GetTick
    stm32f4xx_hal_i2c.o(i.HAL_I2C_Master_Receive) refers to stm32f4xx_hal_i2c.o(i.I2C_WaitOnFlagUntilTimeout) for I2C_WaitOnFlagUntilTimeout
    stm32f4xx_hal_i2c.o(i.HAL_I2C_Master_Receive) refers to stm32f4xx_hal_i2c.o(i.I2C_MasterRequestRead) for I2C_MasterRequestRead
    stm32f4xx_hal_i2c.o(i.HAL_I2C_Master_Receive) refers to stm32f4xx_hal_i2c.o(i.I2C_WaitOnRXNEFlagUntilTimeout) for I2C_WaitOnRXNEFlagUntilTimeout
    stm32f4xx_hal_i2c.o(i.HAL_I2C_Master_Receive_DMA) refers to stm32f4xx_hal_dma.o(i.HAL_DMA_Start_IT) for HAL_DMA_Start_IT
    stm32f4xx_hal_i2c.o(i.HAL_I2C_Master_Receive_DMA) refers to system_stm32f4xx.o(.data) for SystemCoreClock
    stm32f4xx_hal_i2c.o(i.HAL_I2C_Master_Receive_DMA) refers to stm32f4xx_hal_i2c.o(i.I2C_DMAXferCplt) for I2C_DMAXferCplt
    stm32f4xx_hal_i2c.o(i.HAL_I2C_Master_Receive_DMA) refers to stm32f4xx_hal_i2c.o(i.I2C_DMAError) for I2C_DMAError
    stm32f4xx_hal_i2c.o(i.HAL_I2C_Master_Receive_IT) refers to system_stm32f4xx.o(.data) for SystemCoreClock
    stm32f4xx_hal_i2c.o(i.HAL_I2C_Master_Sequential_Receive_IT) refers to system_stm32f4xx.o(.data) for SystemCoreClock
    stm32f4xx_hal_i2c.o(i.HAL_I2C_Master_Sequential_Transmit_IT) refers to system_stm32f4xx.o(.data) for SystemCoreClock
    stm32f4xx_hal_i2c.o(i.HAL_I2C_Master_Transmit) refers to stm32f4xx_hal.o(i.HAL_GetTick) for HAL_GetTick
    stm32f4xx_hal_i2c.o(i.HAL_I2C_Master_Transmit) refers to stm32f4xx_hal_i2c.o(i.I2C_WaitOnFlagUntilTimeout) for I2C_WaitOnFlagUntilTimeout
    stm32f4xx_hal_i2c.o(i.HAL_I2C_Master_Transmit) refers to stm32f4xx_hal_i2c.o(i.I2C_MasterRequestWrite) for I2C_MasterRequestWrite
    stm32f4xx_hal_i2c.o(i.HAL_I2C_Master_Transmit) refers to stm32f4xx_hal_i2c.o(i.I2C_WaitOnTXEFlagUntilTimeout) for I2C_WaitOnTXEFlagUntilTimeout
    stm32f4xx_hal_i2c.o(i.HAL_I2C_Master_Transmit) refers to stm32f4xx_hal_i2c.o(i.I2C_WaitOnBTFFlagUntilTimeout) for I2C_WaitOnBTFFlagUntilTimeout
    stm32f4xx_hal_i2c.o(i.HAL_I2C_Master_Transmit_DMA) refers to stm32f4xx_hal_dma.o(i.HAL_DMA_Start_IT) for HAL_DMA_Start_IT
    stm32f4xx_hal_i2c.o(i.HAL_I2C_Master_Transmit_DMA) refers to system_stm32f4xx.o(.data) for SystemCoreClock
    stm32f4xx_hal_i2c.o(i.HAL_I2C_Master_Transmit_DMA) refers to stm32f4xx_hal_i2c.o(i.I2C_DMAXferCplt) for I2C_DMAXferCplt
    stm32f4xx_hal_i2c.o(i.HAL_I2C_Master_Transmit_DMA) refers to stm32f4xx_hal_i2c.o(i.I2C_DMAError) for I2C_DMAError
    stm32f4xx_hal_i2c.o(i.HAL_I2C_Master_Transmit_IT) refers to system_stm32f4xx.o(.data) for SystemCoreClock
[...]
    Removing system_stm32f4xx.o(.revsh_text), (4 bytes).
    Removing system_stm32f4xx.o(.rrx_text), (6 bytes).
    Removing system_stm32f4xx.o(i.SystemCoreClockUpdate), (120 bytes).
    Removing dneg.o(.text), (6 bytes).

431 unused section(s) (total 30092 bytes) removed from the image.

==============================================================================

Image Symbol Table

    Local Symbols

    Symbol Name                              Value     Ov Type        Size  Object(Section)

    ..//Src/system_stm32f4xx.c               0x00000000   Number         0  system_stm32f4xx.o ABSOLUTE
    ../Drivers/STM32F4xx_HAL_Driver/Src/stm32f4xx_hal.c 0x00000000   Number         0  stm32f4xx_hal.o ABSOLUTE
    ../Drivers/STM32F4xx_HAL_Driver/Src/stm32f4xx_hal_cortex.c 0x00000000   Number         0  stm32f4xx_hal_cortex.o ABSOLUTE
    ../Drivers/STM32F4xx_HAL_Driver/Src/stm32f4xx_hal_dma.c 0x00000000   Number         0  stm32f4xx_hal_dma.o ABSOLUTE
    ../Drivers/STM32F4xx_HAL_Driver/Src/stm32f4xx_hal_dma_ex.c 0x00000000   Number         0  stm32f4xx_hal_dma_ex.o ABSOLUTE
    ../Drivers/STM32F4xx_HAL_Driver/Src/stm32f4xx_hal_flash.c 0x00000000   Number         0  stm32f4xx_hal_flash.o ABSOLUTE
    ../Drivers/STM32F4xx_HAL_Driver/Src/stm32f4xx_hal_flash_ex.c 0x00000000   Number         0  stm32f4xx_hal_flash_ex.o ABSOLUTE
    ../Drivers/STM32F4xx_HAL_Driver/Src/stm32f4xx_hal_flash_ramfunc.c 0x00000000   Number         0  stm32f4xx_hal_flash_ramfunc.o ABSOLUTE
    ../Drivers/STM32F4xx_HAL_Driver/Src/stm32f4xx_hal_gpio.c 0x00000000   Number         0  stm32f4xx_hal_gpio.o ABSOLUTE
    ../Drivers/STM32F4xx_HAL_Driver/Src/stm32f4xx_hal_i2c.c 0x00000000   Number         0  stm32f4xx_hal_i2c.o ABSOLUTE
    ../Drivers/STM32F4xx_HAL_Driver/Src/stm32f4xx_hal_i2c_ex.c 0x00000000   Number         0  stm32f4xx_hal_i2c_ex.o ABSOLUTE
    ../Drivers/STM32F4xx_HAL_Driver/Src/stm32f4xx_hal_pwr.c 0x00000000   Number         0  stm32f4xx_hal_pwr.o ABSOLUTE
    ../Drivers/STM32F4xx_HAL_Driver/Src/stm32f4xx_hal_pwr_ex.c 0x00000000   Number         0  stm32f4xx_hal_pwr_ex.o ABSOLUTE
    ../Drivers/STM32F4xx_HAL_Driver/Src/stm32f4xx_hal_rcc.c 0x00000000   Number         0  stm32f4xx_hal_rcc.o ABSOLUTE
    ../Drivers/STM32F4xx_HAL_Driver/Src/stm32f4xx_hal_rcc_ex.c 0x00000000   Number         0  stm32f4xx_hal_rcc_ex.o ABSOLUTE
    ../Drivers/STM32F4xx_HAL_Driver/Src/stm32f4xx_hal_tim.c 0x00000000   Number         0  stm32f4xx_hal_tim.o ABSOLUTE
    ../Drivers/STM32F4xx_HAL_Driver/Src/stm32f4xx_hal_tim_ex.c 0x00000000   Number         0  stm32f4xx_hal_tim_ex.o ABSOLUTE
    ../Drivers/STM32F4xx_HAL_Driver/Src/stm32f4xx_hal_uart.c 0x00000000   Number         0  stm32f4xx_hal_uart.o ABSOLUTE
    ../Src/gpio.c                            0x00000000   Number         0  gpio.o ABSOLUTE
    ../Src/i2c.c                             0x00000000   Number         0  i2c.o ABSOLUTE
    ../Src/main.c                            0x00000000   Number         0  main.o ABSOLUTE
    ../Src/stm32f4xx_hal_msp.c               0x00000000   Number         0  stm32f4xx_hal_msp.o ABSOLUTE
    ../Src/stm32f4xx_it.c                    0x00000000   Number         0  stm32f4xx_it.o ABSOLUTE
    ../Src/tim.c                             0x00000000   Number         0  tim.o ABSOLUTE
    ../Src/usart.c                           0x00000000   Number         0  usart.o ABSOLUTE
    ../clib/microlib/division.c              0x00000000   Number         0  uldiv.o ABSOLUTE
    ../clib/microlib/division.c              0x00000000   Number         0  uidiv.o ABSOLUTE
    ../clib/microlib/errno.c                 0x00000000   Number         0  errno.o ABSOLUTE
    ../clib/microlib/init/entry.s            0x00000000   Number         0  entry8a.o ABSOLUTE
    ../clib/microlib/init/entry.s            0x00000000   Number         0  entry.o ABSOLUTE
    ../clib/microlib/init/entry.s            0x00000000   Number         0  entry11b.o ABSOLUTE
    ../clib/microlib/init/entry.s            0x00000000   Number         0  entry10a.o ABSOLUTE
    ../clib/microlib/init/entry.s            0x00000000   Number         0  entry9b.o ABSOLUTE
    ../clib/microlib/init/entry.s            0x00000000   Number         0  entry9a.o ABSOLUTE
    ../clib/microlib/init/entry.s            0x00000000   Number         0  entry7a.o ABSOLUTE
    ../clib/microlib/init/entry.s            0x00000000   Number         0  entry2.o ABSOLUTE
    ../clib/microlib/init/entry.s            0x00000000   Number         0  entry7b.o ABSOLUTE
    ../clib/microlib/init/entry.s            0x00000000   Number         0  entry11a.o ABSOLUTE
    ../clib/microlib/init/entry.s            0x00000000   Number         0  entry8b.o ABSOLUTE
    ../clib/microlib/init/entry.s            0x00000000   Number         0  entry10b.o ABSOLUTE
    ../clib/microlib/init/entry.s            0x00000000   Number         0  entry5.o ABSOLUTE
    ../clib/microlib/longlong.c              0x00000000   Number         0  llushr.o ABSOLUTE
    ../clib/microlib/longlong.c              0x00000000   Number         0  llsshr.o ABSOLUTE
    ../clib/microlib/longlong.c              0x00000000   Number         0  llshl.o ABSOLUTE
    ../clib/microlib/printf/printf.c         0x00000000   Number         0  printf5.o ABSOLUTE
    ../clib/microlib/printf/printf.c         0x00000000   Number         0  printf4.o ABSOLUTE
    ../clib/microlib/printf/printf.c         0x00000000   Number         0  printf3.o ABSOLUTE
    ../clib/microlib/printf/printf.c         0x00000000   Number         0  printf2.o ABSOLUTE
    ../clib/microlib/printf/printf.c         0x00000000   Number         0  printf1.o ABSOLUTE
    ../clib/microlib/printf/printf.c         0x00000000   Number         0  printf0.o ABSOLUTE
    ../clib/microlib/printf/printf.c         0x00000000   Number         0  printfb.o ABSOLUTE
    ../clib/microlib/printf/printf.c         0x00000000   Number         0  printf8.o ABSOLUTE
    ../clib/microlib/printf/printf.c         0x00000000   Number         0  printfa.o ABSOLUTE
    ../clib/microlib/printf/printf.c         0x00000000   Number         0  printf7.o ABSOLUTE
    ../clib/microlib/printf/printf.c         0x00000000   Number         0  printf6.o ABSOLUTE
    ../clib/microlib/printf/stubs.s          0x00000000   Number         0  stubs.o ABSOLUTE
    ../clib/microlib/stdio/streams.c         0x00000000   Number         0  stdout.o ABSOLUTE
    ../clib/microlib/string/memcpy.c         0x00000000   Number         0  memcpya.o ABSOLUTE
    ../clib/microlib/string/memcpy.c         0x00000000   Number         0  memcpyb.o ABSOLUTE
    ../clib/microlib/string/memset.c         0x00000000   Number         0  memseta.o ABSOLUTE
    ../clib/microlib/stubs.s                 0x00000000   Number         0  iusefp.o ABSOLUTE
    ../fplib/microlib/fpadd.c                0x00000000   Number         0  dadd.o ABSOLUTE
    ../fplib/microlib/fpdiv.c                0x00000000   Number         0  ddiv.o ABSOLUTE
    ../fplib/microlib/fpepilogue.c           0x00000000   Number         0  depilogue.o ABSOLUTE
    ../fplib/microlib/fpfix.c                0x00000000   Number         0  dfixi.o ABSOLUTE
    ../fplib/microlib/fpfix.c                0x00000000   Number         0  dfixul.o ABSOLUTE
    ../fplib/microlib/fpflt.c                0x00000000   Number         0  dflti.o ABSOLUTE
    ../fplib/microlib/fpflt.c                0x00000000   Number         0  dfltui.o ABSOLUTE
    ../fplib/microlib/fpmul.c                0x00000000   Number         0  dmul.o ABSOLUTE
    ../fplib/microlib/fpneg.c                0x00000000   Number         0  dneg.o ABSOLUTE
    ../mathlib/atan.c                        0x00000000   Number         0  atan_x.o ABSOLUTE
    ../mathlib/atan.c                        0x00000000   Number         0  atan.o ABSOLUTE
    ../mathlib/atan2.c                       0x00000000   Number         0  atan2_x.o ABSOLUTE
    ../mathlib/atan2.c                       0x00000000   Number         0  atan2.o ABSOLUTE
    ../mathlib/dunder.c                      0x00000000   Number         0  dunder.o ABSOLUTE
    ../mathlib/fabs.c                        0x00000000   Number         0  fabs.o ABSOLUTE
    ../mathlib/fpclassify.c                  0x00000000   Number         0  fpclassify.o ABSOLUTE
    ../mathlib/poly.c                        0x00000000   Number         0  poly.o ABSOLUTE
    ../mathlib/qnan.c                        0x00000000   Number         0  qnan.o ABSOLUTE
    ..\Drivers\STM32F4xx_HAL_Driver\Src\stm32f4xx_hal.c 0x00000000   Number         0  stm32f4xx_hal.o ABSOLUTE
    ..\Drivers\STM32F4xx_HAL_Driver\Src\stm32f4xx_hal_cortex.c 0x00000000   Number         0  stm32f4xx_hal_cortex.o ABSOLUTE
    ..\Drivers\STM32F4xx_HAL_Driver\Src\stm32f4xx_hal_dma.c 0x00000000   Number         0  stm32f4xx_hal_dma.o ABSOLUTE
    ..\Drivers\STM32F4xx_HAL_Driver\Src\stm32f4xx_hal_dma_ex.c 0x00000000   Number         0  stm32f4xx_hal_dma_ex.o ABSOLUTE
    ..\Drivers\STM32F4xx_HAL_Driver\Src\stm32f4xx_hal_flash.c 0x00000000   Number         0  stm32f4xx_hal_flash.o ABSOLUTE
    ..\Drivers\STM32F4xx_HAL_Driver\Src\stm32f4xx_hal_flash_ex.c 0x00000000   Number         0  stm32f4xx_hal_flash_ex.o ABSOLUTE
    ..\Drivers\STM32F4xx_HAL_Driver\Src\stm32f4xx_hal_flash_ramfunc.c 0x00000000   Number         0  stm32f4xx_hal_flash_ramfunc.o ABSOLUTE
    ..\Drivers\STM32F4xx_HAL_Driver\Src\stm32f4xx_hal_gpio.c 0x00000000   Number         0  stm32f4xx_hal_gpio.o ABSOLUTE
    ..\Drivers\STM32F4xx_HAL_Driver\Src\stm32f4xx_hal_i2c.c 0x00000000   Number         0  stm32f4xx_hal_i2c.o ABSOLUTE
    ..\Drivers\STM32F4xx_HAL_Driver\Src\stm32f4xx_hal_i2c_ex.c 0x00000000   Number         0  stm32f4xx_hal_i2c_ex.o ABSOLUTE
    ..\Drivers\STM32F4xx_HAL_Driver\Src\stm32f4xx_hal_pwr.c 0x00000000   Number         0  stm32f4xx_hal_pwr.o ABSOLUTE
    ..\Drivers\STM32F4xx_HAL_Driver\Src\stm32f4xx_hal_pwr_ex.c 0x00000000   Number         0  stm32f4xx_hal_pwr_ex.o ABSOLUTE
    ..\Drivers\STM32F4xx_HAL_Driver\Src\stm32f4xx_hal_rcc.c 0x00000000   Number         0  stm32f4xx_hal_rcc.o ABSOLUTE
    ..\Drivers\STM32F4xx_HAL_Driver\Src\stm32f4xx_hal_rcc_ex.c 0x00000000   Number         0  stm32f4xx_hal_rcc_ex.o ABSOLUTE
    ..\Drivers\STM32F4xx_HAL_Driver\Src\stm32f4xx_hal_tim.c 0x00000000   Number         0  stm32f4xx_hal_tim.o ABSOLUTE
    ..\Drivers\STM32F4xx_HAL_Driver\Src\stm32f4xx_hal_tim_ex.c 0x00000000   Number         0  stm32f4xx_hal_tim_ex.o ABSOLUTE
    ..\Drivers\STM32F4xx_HAL_Driver\Src\stm32f4xx_hal_uart.c 0x00000000   Number         0  stm32f4xx_hal_uart.o ABSOLUTE
    ..\Src\app.c                             0x00000000   Number         0  app.o ABSOLUTE
    ..\Src\gpio.c                            0x00000000   Number         0  gpio.o ABSOLUTE
    ..\Src\i2c.c                             0x00000000   Number         0  i2c.o ABSOLUTE
    ..\Src\interrupt.c                       0x00000000   Number         0  interrupt.o ABSOLUTE
    ..\Src\main.c                            0x00000000   Number         0  main.o ABSOLUTE
    ..\Src\stm32f4xx_hal_msp.c               0x00000000   Number         0  stm32f4xx_hal_msp.o ABSOLUTE
    ..\Src\stm32f4xx_it.c                    0x00000000   Number         0  stm32f4xx_it.o ABSOLUTE
    ..\Src\tim.c                             0x00000000   Number         0  tim.o ABSOLUTE
    ..\Src\usart.c                           0x00000000   Number         0  usart.o ABSOLUTE
    ..\\Src\\app.c                           0x00000000   Number         0  app.o ABSOLUTE
    ..\\Src\\interrupt.c                     0x00000000   Number         0  interrupt.o ABSOLUTE
    ..\\Src\system_stm32f4xx.c               0x00000000   Number         0  system_stm32f4xx.o ABSOLUTE
    cdcmple.s                                0x00000000   Number         0  cdcmple.o ABSOLUTE
    cdrcmple.s                               0x00000000   Number         0  cdrcmple.o ABSOLUTE
    dc.s                                     0x00000000   Number         0  dc.o ABSOLUTE
    handlers.s                               0x00000000   Number         0  handlers.o ABSOLUTE
    init.s                                   0x00000000   Number         0  init.o ABSOLUTE
    startup_stm32f411xe.s                    0x00000000   Number         0  startup_stm32f411xe.o ABSOLUTE
    RESET                                    0x08000000   Section      408  startup_stm32f411xe.o(RESET)
    .ARM.Collect$$$$00000000                 0x08000198   Section        0  entry.o(.ARM.Collect$$$$00000000)
    .ARM.Collect$$$$00000001                 0x08000198   Section        4  entry2.o(.ARM.Collect$$$$00000001)
    .ARM.Collect$$$$00000004                 0x0800019c   Section        4  entry5.o(.ARM.Collect$$$$00000004)
    .ARM.Collect$$$$00000008                 0x080001a0   Section        0  entry7b.o(.ARM.Collect$$$$00000008)
    .ARM.Collect$$$$0000000A                 0x080001a0   Section        0  entry8b.o(.ARM.Collect$$$$0000000A)
    .ARM.Collect$$$$0000000B                 0x080001a0   Section        8  entry9a.o(.ARM.Collect$$$$0000000B)
    .ARM.Collect$$$$0000000D                 0x080001a8   Section        0  entry10a.o(.ARM.Collect$$$$0000000D)
    .ARM.Collect$$$$0000000F                 0x080001a8   Section        0  entry11a.o(.ARM.Collect$$$$0000000F)
    .ARM.Collect$$$$00002712                 0x080001a8   Section        4  entry2.o(.ARM.Collect$$$$00002712)
    __lit__00000000                          0x080001a8   Data           4  entry2.o(.ARM.Collect$$$$00002712)
    .text                                    0x080001ac   Section       36  startup_stm32f411xe.o(.text)
    $v0                                      0x080001ac   Number         0  startup_stm32f411xe.o(.text)
    .text                                    0x080001d0   Section        0  uldiv.o(.text)
    .text                                    0x08000232   Section        0  memcpya.o(.text)
    .text                                    0x08000256   Section        0  memseta.o(.text)
    .text                                    0x0800027a   Section        0  dadd.o(.text)
    .text                                    0x080003c8   Section        0  dmul.o(.text)
    .text                                    0x080004ac   Section        0  ddiv.o(.text)
    .text                                    0x0800058a   Section        0  dflti.o(.text)
    .text                                    0x080005ac   Section        0  dfltui.o(.text)
    .text                                    0x080005c6   Section        0  dfixi.o(.text)
    .text                                    0x08000604   Section       48  cdcmple.o(.text)
    .text                                    0x08000634   Section       48  cdrcmple.o(.text)
    .text                                    0x08000664   Section        0  uidiv.o(.text)
    .text                                    0x08000690   Section        0  llshl.o(.text)
    .text                                    0x080006ae   Section        0  llushr.o(.text)
    .text                                    0x080006ce   Section        0  llsshr.o(.text)
    .text                                    0x080006f2   Section        0  iusefp.o(.text)
    .text                                    0x080006f2   Section        0  depilogue.o(.text)
    .text                                    0x080007ac   Section        0  dfixul.o(.text)
    .text                                    0x080007dc   Section       36  init.o(.text)
    i.Centroid_Control                       0x08000800   Section        0  app.o(i.Centroid_Control)
    i.GET_ANGLE                              0x08000934   Section        0  app.o(i.GET_ANGLE)
    i.GetEncoder                             0x08000c80   Section        0  app.o(i.GetEncoder)
    i.HAL_DMA_Abort_IT                       0x08000cac   Section        0  stm32f4xx_hal_dma.o(i.HAL_DMA_Abort_IT)
    i.HAL_Delay                              0x08000cd0   Section        0  stm32f4xx_hal.o(i.HAL_Delay)
    i.HAL_GPIO_Init                          0x08000cec   Section        0  stm32f4xx_hal_gpio.o(i.HAL_GPIO_Init)
    i.HAL_GPIO_WritePin                      0x08000e80   Section        0  stm32f4xx_hal_gpio.o(i.HAL_GPIO_WritePin)
    i.HAL_GetTick                            0x08000e8c   Section        0  stm32f4xx_hal.o(i.HAL_GetTick)
    i.HAL_I2C_Init                           0x08000e98   Section        0  stm32f4xx_hal_i2c.o(i.HAL_I2C_Init)
    i.HAL_I2C_IsDeviceReady                  0x08000fa0   Section        0  stm32f4xx_hal_i2c.o(i.HAL_I2C_IsDeviceReady)
    i.HAL_I2C_Mem_Read                       0x08001104   Section        0  stm32f4xx_hal_i2c.o(i.HAL_I2C_Mem_Read)
    i.HAL_I2C_Mem_Write                      0x08001300   Section        0  stm32f4xx_hal_i2c.o(i.HAL_I2C_Mem_Write)
    i.HAL_I2C_MspInit                        0x0800143c   Section        0  i2c.o(i.HAL_I2C_MspInit)
    i.HAL_IncTick                            0x08001488   Section        0  stm32f4xx_hal.o(i.HAL_IncTick)
    i.HAL_Init                               0x08001498   Section        0  stm32f4xx_hal.o(i.HAL_Init)
    i.HAL_InitTick                           0x080014cc   Section        0  stm32f4xx_hal.o(i.HAL_InitTick)
    i.HAL_MspInit                            0x080014f4   Section        0  stm32f4xx_hal_msp.o(i.HAL_MspInit)
    i.HAL_NVIC_EnableIRQ                     0x08001578   Section        0  stm32f4xx_hal_cortex.o(i.HAL_NVIC_EnableIRQ)
    i.HAL_NVIC_SetPriority                   0x08001590   Section        0  stm32f4xx_hal_cortex.o(i.HAL_NVIC_SetPriority)
    i.HAL_NVIC_SetPriorityGrouping           0x080015d0   Section        0  stm32f4xx_hal_cortex.o(i.HAL_NVIC_SetPriorityGrouping)
    i.HAL_RCC_ClockConfig                    0x080015f4   Section        0  stm32f4xx_hal_rcc.o(i.HAL_RCC_ClockConfig)
    i.HAL_RCC_GetHCLKFreq                    0x08001724   Section        0  stm32f4xx_hal_rcc.o(i.HAL_RCC_GetHCLKFreq)
    i.HAL_RCC_GetPCLK1Freq                   0x08001730   Section        0  stm32f4xx_hal_rcc.o(i.HAL_RCC_GetPCLK1Freq)
    i.HAL_RCC_GetPCLK2Freq                   0x08001750   Section        0  stm32f4xx_hal_rcc.o(i.HAL_RCC_GetPCLK2Freq)
    i.HAL_RCC_GetSysClockFreq                0x08001770   Section        0  stm32f4xx_hal_rcc.o(i.HAL_RCC_GetSysClockFreq)
    i.HAL_RCC_OscConfig                      0x080017d0   Section        0  stm32f4xx_hal_rcc.o(i.HAL_RCC_OscConfig)
    i.HAL_SYSTICK_CLKSourceConfig            0x08001ab8   Section        0  stm32f4xx_hal_cortex.o(i.HAL_SYSTICK_CLKSourceConfig)
    i.HAL_SYSTICK_Callback                   0x08001ad0   Section        0  stm32f4xx_hal_cortex.o(i.HAL_SYSTICK_Callback)
    i.HAL_SYSTICK_Config                     0x08001ad2   Section        0  stm32f4xx_hal_cortex.o(i.HAL_SYSTICK_Config)
    i.HAL_SYSTICK_IRQHandler                 0x08001afa   Section        0  stm32f4xx_hal_cortex.o(i.HAL_SYSTICK_IRQHandler)
    i.HAL_TIMEx_BreakCallback                0x08001b02   Section        0  stm32f4xx_hal_tim_ex.o(i.HAL_TIMEx_BreakCallback)
    i.HAL_TIMEx_CommutationCallback          0x08001b04   Section        0  stm32f4xx_hal_tim_ex.o(i.HAL_TIMEx_CommutationCallback)
    i.HAL_TIMEx_MasterConfigSynchronization  0x08001b06   Section        0  stm32f4xx_hal_tim_ex.o(i.HAL_TIMEx_MasterConfigSynchronization)
    i.HAL_TIM_Base_Init                      0x08001b56   Section        0  stm32f4xx_hal_tim.o(i.HAL_TIM_Base_Init)
    i.HAL_TIM_Base_MspInit                   0x08001b8c   Section        0  tim.o(i.HAL_TIM_Base_MspInit)
    i.HAL_TIM_Base_Start_IT                  0x08001bc8   Section        0  stm32f4xx_hal_tim.o(i.HAL_TIM_Base_Start_IT)
    i.HAL_TIM_ConfigClockSource              0x08001be0   Section        0  stm32f4xx_hal_tim.o(i.HAL_TIM_ConfigClockSource)
    i.HAL_TIM_Encoder_Init                   0x08001cd0   Section        0  stm32f4xx_hal_tim.o(i.HAL_TIM_Encoder_Init)
    i.HAL_TIM_Encoder_MspInit                0x08001d68   Section        0  tim.o(i.HAL_TIM_Encoder_MspInit)
    i.HAL_TIM_Encoder_Start                  0x08001e00   Section        0  stm32f4xx_hal_tim.o(i.HAL_TIM_Encoder_Start)
    i.HAL_TIM_IC_CaptureCallback             0x08001e34   Section        0  interrupt.o(i.HAL_TIM_IC_CaptureCallback)
    i.HAL_TIM_IRQHandler                     0x08001ec4   Section        0  stm32f4xx_hal_tim.o(i.HAL_TIM_IRQHandler)
    i.HAL_TIM_MspPostInit                    0x0800202c   Section        0  tim.o(i.HAL_TIM_MspPostInit)
    i.HAL_TIM_OC_DelayElapsedCallback        0x08002060   Section        0  stm32f4xx_hal_tim.o(i.HAL_TIM_OC_DelayElapsedCallback)
    i.HAL_TIM_PWM_ConfigChannel              0x08002062   Section        0  stm32f4xx_hal_tim.o(i.HAL_TIM_PWM_ConfigChannel)
    i.HAL_TIM_PWM_Init                       0x08002132   Section        0  stm32f4xx_hal_tim.o(i.HAL_TIM_PWM_Init)
    i.HAL_TIM_PWM_MspInit                    0x08002168   Section        0  tim.o(i.HAL_TIM_PWM_MspInit)
    i.HAL_TIM_PWM_PulseFinishedCallback      0x08002190   Section        0  stm32f4xx_hal_tim.o(i.HAL_TIM_PWM_PulseFinishedCallback)
    i.HAL_TIM_PWM_Start                      0x08002194   Section        0  stm32f4xx_hal_tim.o(i.HAL_TIM_PWM_Start)
    i.HAL_TIM_PeriodElapsedCallback          0x080021c4   Section        0  interrupt.o(i.HAL_TIM_PeriodElapsedCallback)
    i.HAL_TIM_TriggerCallback                0x08002258   Section        0  stm32f4xx_hal_tim.o(i.HAL_TIM_TriggerCallback)
    i.HAL_UART_ErrorCallback                 0x0800225a   Section        0  stm32f4xx_hal_uart.o(i.HAL_UART_ErrorCallback)
    i.HAL_UART_IRQHandler                    0x0800225c   Section        0  stm32f4xx_hal_uart.o(i.HAL_UART_IRQHandler)
    i.HAL_UART_Init                          0x0800236c   Section        0  stm32f4xx_hal_uart.o(i.HAL_UART_Init)
    i.HAL_UART_MspInit                       0x080023d0   Section        0  usart.o(i.HAL_UART_MspInit)
    i.HAL_UART_Receive_IT                    0x08002438   Section        0  stm32f4xx_hal_uart.o(i.HAL_UART_Receive_IT)
    i.HAL_UART_RxCpltCallback                0x08002480   Section        0  interrupt.o(i.HAL_UART_RxCpltCallback)
    i.HAL_UART_Transmit                      0x080024b0   Section        0  stm32f4xx_hal_uart.o(i.HAL_UART_Transmit)
    i.HAL_UART_Transmit_IT                   0x0800256a   Section        0  stm32f4xx_hal_uart.o(i.HAL_UART_Transmit_IT)
    i.HAL_UART_TxCpltCallback                0x080025a8   Section        0  interrupt.o(i.HAL_UART_TxCpltCallback)
    i.I2C_IsAcknowledgeFailed                0x080025aa   Section        0  stm32f4xx_hal_i2c.o(i.I2C_IsAcknowledgeFailed)
    I2C_IsAcknowledgeFailed                  0x080025ab   Thumb Code    40  stm32f4xx_hal_i2c.o(i.I2C_IsAcknowledgeFailed)
    i.I2C_RequestMemoryRead                  0x080025d2   Section        0  stm32f4xx_hal_i2c.o(i.I2C_RequestMemoryRead)
    I2C_RequestMemoryRead                    0x080025d3   Thumb Code   240  stm32f4xx_hal_i2c.o(i.I2C_RequestMemoryRead)
    i.I2C_RequestMemoryWrite                 0x080026c4   Section        0  stm32f4xx_hal_i2c.o(i.I2C_RequestMemoryWrite)
    I2C_RequestMemoryWrite                   0x080026c5   Thumb Code   156  stm32f4xx_hal_i2c.o(i.I2C_RequestMemoryWrite)
    i.I2C_WaitOnBTFFlagUntilTimeout          0x08002764   Section        0  stm32f4xx_hal_i2c.o(i.I2C_WaitOnBTFFlagUntilTimeout)
    I2C_WaitOnBTFFlagUntilTimeout            0x08002765   Thumb Code    78  stm32f4xx_hal_i2c.o(i.I2C_WaitOnBTFFlagUntilTimeout)
    i.I2C_WaitOnFlagUntilTimeout             0x080027b2   Section        0  stm32f4xx_hal_i2c.o(i.I2C_WaitOnFlagUntilTimeout)
    I2C_WaitOnFlagUntilTimeout               0x080027b3   Thumb Code    96  stm32f4xx_hal_i2c.o(i.I2C_WaitOnFlagUntilTimeout)
    i.I2C_WaitOnMasterAddressFlagUntilTimeout 0x08002812   Section        0  stm32f4xx_hal_i2c.o(i.I2C_WaitOnMasterAddressFlagUntilTimeout)
    I2C_WaitOnMasterAddressFlagUntilTimeout  0x08002813   Thumb Code   134  stm32f4xx_hal_i2c.o(i.I2C_WaitOnMasterAddressFlagUntilTimeout)
    i.I2C_WaitOnRXNEFlagUntilTimeout         0x08002898   Section        0  stm32f4xx_hal_i2c.o(i.I2C_WaitOnRXNEFlagUntilTimeout)
    I2C_WaitOnRXNEFlagUntilTimeout           0x08002899   Thumb Code   100  stm32f4xx_hal_i2c.o(i.I2C_WaitOnRXNEFlagUntilTimeout)
    i.I2C_WaitOnTXEFlagUntilTimeout          0x080028fc   Section        0  stm32f4xx_hal_i2c.o(i.I2C_WaitOnTXEFlagUntilTimeout)
    I2C_WaitOnTXEFlagUntilTimeout            0x080028fd   Thumb Code    78  stm32f4xx_hal_i2c.o(i.I2C_WaitOnTXEFlagUntilTimeout)
    i.InitControl                            0x0800294c   Section        0  app.o(i.InitControl)
    i.MX_GPIO_Init                           0x08002a1c   Section        0  gpio.o(i.MX_GPIO_Init)
    i.MX_I2C1_Init                           0x08002ac0   Section        0  i2c.o(i.MX_I2C1_Init)
    i.MX_TIM1_Init                           0x08002b14   Section        0  tim.o(i.MX_TIM1_Init)
    i.MX_TIM2_Init                           0x08002b8c   Section        0  tim.o(i.MX_TIM2_Init)
    i.MX_TIM3_Init                           0x08002c00   Section        0  tim.o(i.MX_TIM3_Init)
    i.MX_TIM4_Init                           0x08002c94   Section        0  tim.o(i.MX_TIM4_Init)
    i.MX_TIM5_Init                           0x08002d0c   Section        0  tim.o(i.MX_TIM5_Init)
    i.MX_USART1_UART_Init                    0x08002d84   Section        0  usart.o(i.MX_USART1_UART_Init)
    i.MX_USART2_UART_Init                    0x08002dd0   Section        0  usart.o(i.MX_USART2_UART_Init)
    i.MotorDrive                             0x08002e1c   Section        0  app.o(i.MotorDrive)
    i.Motor_Stop                             0x08002f48   Section        0  app.o(i.Motor_Stop)
    i.NVIC_SetPriority                       0x08002f80   Section        0  stm32f4xx_hal_cortex.o(i.NVIC_SetPriority)
    NVIC_SetPriority                         0x08002f81   Thumb Code    32  stm32f4xx_hal_cortex.o(i.NVIC_SetPriority)
    i.OC_Struct_Init                         0x08002fa0   Section        0  app.o(i.OC_Struct_Init)
    i.PWM_Filter                             0x08002fb4   Section        0  app.o(i.PWM_Filter)
    i.PositionControl                        0x08003030   Section        0  app.o(i.PositionControl)
    i.Posture_Control                        0x0800317c   Section        0  app.o(i.Posture_Control)
    i.ReceiveDataFromPC                      0x08003328   Section        0  app.o(i.ReceiveDataFromPC)
    i.SetDrive                               0x08003398   Section        0  app.o(i.SetDrive)
    i.SetSteering                            0x08003458   Section        0  app.o(i.SetSteering)
    i.SysTick_Handler                        0x08003524   Section        0  stm32f4xx_it.o(i.SysTick_Handler)
    i.SystemClock_Config                     0x08003534   Section        0  main.o(i.SystemClock_Config)
    i.SystemInit                             0x080035d0   Section        0  system_stm32f4xx.o(i.SystemInit)
    i.TIM1_CC_IRQHandler                     0x08003624   Section        0  stm32f4xx_it.o(i.TIM1_CC_IRQHandler)
    i.TIM2_IRQHandler                        0x08003630   Section        0  stm32f4xx_it.o(i.TIM2_IRQHandler)
    i.TIM4_IRQHandler                        0x0800363c   Section        0  stm32f4xx_it.o(i.TIM4_IRQHandler)
    i.TIM5_IRQHandler                        0x08003648   Section        0  stm32f4xx_it.o(i.TIM5_IRQHandler)
    i.TIM_Base_SetConfig                     0x08003654   Section        0  stm32f4xx_hal_tim.o(i.TIM_Base_SetConfig)
    i.TIM_CCxChannelCmd                      0x080036e4   Section        0  stm32f4xx_hal_tim.o(i.TIM_CCxChannelCmd)
    i.TIM_ETR_SetConfig                      0x080036fa   Section        0  stm32f4xx_hal_tim.o(i.TIM_ETR_SetConfig)
    TIM_ETR_SetConfig                        0x080036fb   Thumb Code    20  stm32f4xx_hal_tim.o(i.TIM_ETR_SetConfig)
    i.TIM_ITRx_SetConfig                     0x0800370e   Section        0  stm32f4xx_hal_tim.o(i.TIM_ITRx_SetConfig)
    TIM_ITRx_SetConfig                       0x0800370f   Thumb Code    16  stm32f4xx_hal_tim.o(i.TIM_ITRx_SetConfig)
    i.TIM_OC1_SetConfig                      0x08003720   Section        0  stm32f4xx_hal_tim.o(i.TIM_OC1_SetConfig)
    TIM_OC1_SetConfig                        0x08003721   Thumb Code    74  stm32f4xx_hal_tim.o(i.TIM_OC1_SetConfig)
    i.TIM_OC2_SetConfig                      0x08003770   Section        0  stm32f4xx_hal_tim.o(i.TIM_OC2_SetConfig)
    i.TIM_OC3_SetConfig                      0x080037c8   Section        0  stm32f4xx_hal_tim.o(i.TIM_OC3_SetConfig)
    TIM_OC3_SetConfig                        0x080037c9   Thumb Code    82  stm32f4xx_hal_tim.o(i.TIM_OC3_SetConfig)
    i.TIM_OC4_SetConfig                      0x08003820   Section        0  stm32f4xx_hal_tim.o(i.TIM_OC4_SetConfig)
    TIM_OC4_SetConfig                        0x08003821   Thumb Code    64  stm32f4xx_hal_tim.o(i.TIM_OC4_SetConfig)
    i.TIM_TI1_ConfigInputStage               0x08003864   Section        0  stm32f4xx_hal_tim.o(i.TIM_TI1_ConfigInputStage)
    TIM_TI1_ConfigInputStage                 0x08003865   Thumb Code    34  stm32f4xx_hal_tim.o(i.TIM_TI1_ConfigInputStage)
    i.TIM_TI2_ConfigInputStage               0x08003886   Section        0  stm32f4xx_hal_tim.o(i.TIM_TI2_ConfigInputStage)
    TIM_TI2_ConfigInputStage                 0x08003887   Thumb Code    36  stm32f4xx_hal_tim.o(i.TIM_TI2_ConfigInputStage)
    i.UART_DMAAbortOnError                   0x080038aa   Section        0  stm32f4xx_hal_uart.o(i.UART_DMAAbortOnError)
    UART_DMAAbortOnError                     0x080038ab   Thumb Code    16  stm32f4xx_hal_uart.o(i.UART_DMAAbortOnError)
    i.UART_EndRxTransfer                     0x080038ba   Section        0  stm32f4xx_hal_uart.o(i.UART_EndRxTransfer)
    UART_EndRxTransfer                       0x080038bb   Thumb Code    28  stm32f4xx_hal_uart.o(i.UART_EndRxTransfer)
    i.UART_Receive_IT                        0x080038d6   Section        0  stm32f4xx_hal_uart.o(i.UART_Receive_IT)
    UART_Receive_IT                          0x080038d7   Thumb Code   140  stm32f4xx_hal_uart.o(i.UART_Receive_IT)
    i.UART_SetConfig                         0x08003964   Section        0  stm32f4xx_hal_uart.o(i.UART_SetConfig)
    UART_SetConfig                           0x08003965   Thumb Code   676  stm32f4xx_hal_uart.o(i.UART_SetConfig)
    i.UART_Transmit_IT                       0x08003c10   Section        0  stm32f4xx_hal_uart.o(i.UART_Transmit_IT)
    UART_Transmit_IT                         0x08003c11   Thumb Code    98  stm32f4xx_hal_uart.o(i.UART_Transmit_IT)
    i.UART_WaitOnFlagUntilTimeout            0x08003c72   Section        0  stm32f4xx_hal_uart.o(i.UART_WaitOnFlagUntilTimeout)
    UART_WaitOnFlagUntilTimeout              0x08003c73   Thumb Code    98  stm32f4xx_hal_uart.o(i.UART_WaitOnFlagUntilTimeout)
    i.USART1_IRQHandler                      0x08003cd4   Section        0  stm32f4xx_it.o(i.USART1_IRQHandler)
    i.USART2_IRQHandler                      0x08003ce0   Section        0  stm32f4xx_it.o(i.USART2_IRQHandler)
    i._Error_Handler                         0x08003cec   Section        0  main.o(i._Error_Handler)
    i.__0printf                              0x08003cf0   Section        0  printfa.o(i.__0printf)
    i.__ARM_fpclassify                       0x08003d10   Section        0  fpclassify.o(i.__ARM_fpclassify)
    i.__hardfp_atan                          0x08003d40   Section        0  atan.o(i.__hardfp_atan)
    i.__hardfp_atan2                         0x08004018   Section        0  atan2.o(i.__hardfp_atan2)
    i.__kernel_poly                          0x08004208   Section        0  poly.o(i.__kernel_poly)
    i.__mathlib_dbl_infnan                   0x08004300   Section        0  dunder.o(i.__mathlib_dbl_infnan)
    i.__mathlib_dbl_infnan2                  0x08004314   Section        0  dunder.o(i.__mathlib_dbl_infnan2)
    i.__mathlib_dbl_underflow                0x08004328   Section        0  dunder.o(i.__mathlib_dbl_underflow)
    i.__scatterload_copy                     0x08004348   Section       14  handlers.o(i.__scatterload_copy)
    i.__scatterload_null                     0x08004356   Section        2  handlers.o(i.__scatterload_null)
    i.__scatterload_zeroinit                 0x08004358   Section       14  handlers.o(i.__scatterload_zeroinit)
    i._fp_digits                             0x08004368   Section        0  printfa.o(i._fp_digits)
    _fp_digits                               0x08004369   Thumb Code   366  printfa.o(i._fp_digits)
    i._printf_core                           0x080044ec   Section        0  printfa.o(i._printf_core)
    _printf_core                             0x080044ed   Thumb Code  1744  printfa.o(i._printf_core)
    i._printf_post_padding                   0x08004bc8   Section        0  printfa.o(i._printf_post_padding)
    _printf_post_padding                     0x08004bc9   Thumb Code    36  printfa.o(i._printf_post_padding)
    i._printf_pre_padding                    0x08004bec   Section        0  printfa.o(i._printf_pre_padding)
    _printf_pre_padding                      0x08004bed   Thumb Code    46  printfa.o(i._printf_pre_padding)
    i.atan                                   0x08004c1a   Section        0  atan.o(i.atan)
    i.fabs                                   0x08004c2a   Section        0  fabs.o(i.fabs)
    i.fputc                                  0x08004c44   Section        0  app.o(i.fputc)
    i.isStanded                              0x08004c5c   Section        0  app.o(i.isStanded)
    i.isTilted                               0x08004ca8   Section        0  app.o(i.isTilted)
    i.main                                   0x08004cf4   Section        0  main.o(i.main)
    .constdata                               0x08004e5c   Section       16  system_stm32f4xx.o(.constdata)
    .constdata                               0x08004e6c   Section        8  system_stm32f4xx.o(.constdata)
    .constdata                               0x08004e78   Section      152  atan.o(.constdata)
    atanhi                                   0x08004e78   Data          32  atan.o(.constdata)
    atanlo                                   0x08004e98   Data          32  atan.o(.constdata)
    aTodd                                    0x08004eb8   Data          40  atan.o(.constdata)
    aTeven                                   0x08004ee0   Data          48  atan.o(.constdata)
    .constdata                               0x08004f10   Section        8  qnan.o(.constdata)
    .data                                    0x20000000   Section        4  stm32f4xx_hal.o(.data)
    .data                                    0x20000008   Section       96  app.o(.data)
    preinput                                 0x20000028   Data           8  app.o(.data)
    preinput                                 0x20000030   Data           8  app.o(.data)
    .data                                    0x20000068   Section        8  interrupt.o(.data)
    .data                                    0x20000070   Section        4  system_stm32f4xx.o(.data)
    .data                                    0x20000074   Section        4  stdout.o(.data)
    .bss                                     0x20000078   Section      208  app.o(.bss)
    .bss                                     0x20000148   Section       96  interrupt.o(.bss)
    .bss                                     0x200001a8   Section       84  i2c.o(.bss)
    .bss                                     0x200001fc   Section      300  tim.o(.bss)
    .bss                                     0x20000328   Section      128  usart.o(.bss)
    STACK                                    0x200003a8   Section     1024  startup_stm32f411xe.o(STACK)

    Global Symbols

    Symbol Name                              Value     Ov Type        Size  Object(Section)

    BuildAttributes$$THM_ISAv4$E$P$D$K$B$S$7EM$VFPi3$EXTD16$VFPS$VFMA$PE$A:L22UL41UL21$X:L11$S22US41US21$IEEE1$IW$USESV6$~STKCKD$USESV7$~SHL$OTIME$ROPI$IEEEX$EBA8$MICROLIB$REQ8$PRES8$EABIv2 0x00000000   Number         0  anon$$obj.o ABSOLUTE
    __ARM_use_no_argv                        0x00000000   Number         0  main.o ABSOLUTE
    _printf_a                                0x00000000   Number         0  stubs.o ABSOLUTE
    _printf_c                                0x00000000   Number         0  stubs.o ABSOLUTE
    _printf_charcount                        0x00000000   Number         0  stubs.o ABSOLUTE
    _printf_d                                0x00000000   Number         0  stubs.o ABSOLUTE
    _printf_e                                0x00000000   Number         0  stubs.o ABSOLUTE
    _printf_f                                0x00000000   Number         0  stubs.o ABSOLUTE
    _printf_flags                            0x00000000   Number         0  stubs.o ABSOLUTE
    _printf_fp_dec                           0x00000000   Number         0  stubs.o ABSOLUTE
    _printf_fp_hex                           0x00000000   Number         0  stubs.o ABSOLUTE
    _printf_g                                0x00000000   Number         0  stubs.o ABSOLUTE
    _printf_i                                0x00000000   Number         0  stubs.o ABSOLUTE
    _printf_int_dec                          0x00000000   Number         0  stubs.o ABSOLUTE
    _printf_l                                0x00000000   Number         0  stubs.o ABSOLUTE
    _printf_lc                               0x00000000   Number         0  stubs.o ABSOLUTE
    _printf_ll                               0x00000000   Number         0  stubs.o ABSOLUTE
    _printf_lld                              0x00000000   Number         0  stubs.o ABSOLUTE
    _printf_lli                              0x00000000   Number         0  stubs.o ABSOLUTE
    _printf_llo                              0x00000000   Number         0  stubs.o ABSOLUTE
    _printf_llu                              0x00000000   Number         0  stubs.o ABSOLUTE
    _printf_llx                              0x00000000   Number         0  stubs.o ABSOLUTE
    _printf_longlong_dec                     0x00000000   Number         0  stubs.o ABSOLUTE
    _printf_longlong_hex                     0x00000000   Number         0  stubs.o ABSOLUTE
    _printf_longlong_oct                     0x00000000   Number         0  stubs.o ABSOLUTE
    _printf_ls                               0x00000000   Number         0  stubs.o ABSOLUTE
    _printf_mbtowc                           0x00000000   Number         0  stubs.o ABSOLUTE
    _printf_n                                0x00000000   Number         0  stubs.o ABSOLUTE
    _printf_o                                0x00000000   Number         0  stubs.o ABSOLUTE
    _printf_p                                0x00000000   Number         0  stubs.o ABSOLUTE
    _printf_percent                          0x00000000   Number         0  stubs.o ABSOLUTE
    _printf_pre_padding                      0x00000000   Number         0  stubs.o ABSOLUTE
    _printf_return_value                     0x00000000   Number         0  stubs.o ABSOLUTE
    _printf_s                                0x00000000   Number         0  stubs.o ABSOLUTE
    _printf_sizespec                         0x00000000   Number         0  stubs.o ABSOLUTE
    _printf_str                              0x00000000   Number         0  stubs.o ABSOLUTE
    _printf_truncate_signed                  0x00000000   Number         0  stubs.o ABSOLUTE
    _printf_truncate_unsigned                0x00000000   Number         0  stubs.o ABSOLUTE
    _printf_u                                0x00000000   Number         0  stubs.o ABSOLUTE
    _printf_wc                               0x00000000   Number         0  stubs.o ABSOLUTE
    _printf_wctomb                           0x00000000   Number         0  stubs.o ABSOLUTE
    _printf_widthprec                        0x00000000   Number         0  stubs.o ABSOLUTE
    _printf_x                                0x00000000   Number         0  stubs.o ABSOLUTE
    __cpp_initialize__aeabi_                  - Undefined Weak Reference
    __cxa_finalize                            - Undefined Weak Reference
    __decompress                              - Undefined Weak Reference
    _clock_init                               - Undefined Weak Reference
    _microlib_exit                            - Undefined Weak Reference
    __Vectors_Size                           0x00000198   Number         0  startup_stm32f411xe.o ABSOLUTE
    __Vectors                                0x08000000   Data           4  startup_stm32f411xe.o(RESET)
    __Vectors_End                            0x08000198   Data           0  startup_stm32f411xe.o(RESET)
    __main                                   0x08000199   Thumb Code     0  entry.o(.ARM.Collect$$$$00000000)
    _main_stk                                0x08000199   Thumb Code     0  entry2.o(.ARM.Collect$$$$00000001)
    _main_scatterload                        0x0800019d   Thumb Code     0  entry5.o(.ARM.Collect$$$$00000004)
    __main_after_scatterload                 0x080001a1   Thumb Code     0  entry5.o(.ARM.Collect$$$$00000004)
    _main_clock                              0x080001a1   Thumb Code     0  entry7b.o(.ARM.Collect$$$$00000008)
    _main_cpp_init                           0x080001a1   Thumb Code     0  entry8b.o(.ARM.Collect$$$$0000000A)
    _main_init                               0x080001a1   Thumb Code     0  entry9a.o(.ARM.Collect$$$$0000000B)
    __rt_final_cpp                           0x080001a9   Thumb Code     0  entry10a.o(.ARM.Collect$$$$0000000D)
    __rt_final_exit                          0x080001a9   Thumb Code     0  entry11a.o(.ARM.Collect$$$$0000000F)
    Reset_Handler                            0x080001ad   Thumb Code     8  startup_stm32f411xe.o(.text)
    NMI_Handler                              0x080001b5   Thumb Code     2  startup_stm32f411xe.o(.text)
    HardFault_Handler                        0x080001b7   Thumb Code     2  startup_stm32f411xe.o(.text)
    MemManage_Handler                        0x080001b9   Thumb Code     2  startup_stm32f411xe.o(.text)
    BusFault_Handler                         0x080001bb   Thumb Code     2  startup_stm32f411xe.o(.text)
    UsageFault_Handler                       0x080001bd   Thumb Code     2  startup_stm32f411xe.o(.text)
    SVC_Handler                              0x080001bf   Thumb Code     2  startup_stm32f411xe.o(.text)
    DebugMon_Handler                         0x080001c1   Thumb Code     2  startup_stm32f411xe.o(.text)
    PendSV_Handler                           0x080001c3   Thumb Code     2  startup_stm32f411xe.o(.text)
    ADC_IRQHandler                           0x080001c7   Thumb Code     0  startup_stm32f411xe.o(.text)
    DMA1_Stream0_IRQHandler                  0x080001c7   Thumb Code     0  startup_stm32f411xe.o(.text)
    DMA1_Stream1_IRQHandler                  0x080001c7   Thumb Code     0  startup_stm32f411xe.o(.text)
    DMA1_Stream2_IRQHandler                  0x080001c7   Thumb Code     0  startup_stm32f411xe.o(.text)
    DMA1_Stream3_IRQHandler                  0x080001c7   Thumb Code     0  startup_stm32f411xe.o(.text)
    DMA1_Stream4_IRQHandler                  0x080001c7   Thumb Code     0  startup_stm32f411xe.o(.text)
    DMA1_Stream5_IRQHandler                  0x080001c7   Thumb Code     0  startup_stm32f411xe.o(.text)
    DMA1_Stream6_IRQHandler                  0x080001c7   Thumb Code     0  startup_stm32f411xe.o(.text)
    DMA1_Stream7_IRQHandler                  0x080001c7   Thumb Code     0  startup_stm32f411xe.o(.text)
    DMA2_Stream0_IRQHandler                  0x080001c7   Thumb Code     0  startup_stm32f411xe.o(.text)
    DMA2_Stream1_IRQHandler                  0x080001c7   Thumb Code     0  startup_stm32f411xe.o(.text)
    DMA2_Stream2_IRQHandler                  0x080001c7   Thumb Code     0  startup_stm32f411xe.o(.text)
    DMA2_Stream3_IRQHandler                  0x080001c7   Thumb Code     0  startup_stm32f411xe.o(.text)
    DMA2_Stream4_IRQHandler                  0x080001c7   Thumb Code     0  startup_stm32f411xe.o(.text)
    DMA2_Stream5_IRQHandler                  0x080001c7   Thumb Code     0  startup_stm32f411xe.o(.text)
    DMA2_Stream6_IRQHandler                  0x080001c7   Thumb Code     0  startup_stm32f411xe.o(.text)
    DMA2_Stream7_IRQHandler                  0x080001c7   Thumb Code     0  startup_stm32f411xe.o(.text)
    EXTI0_IRQHandler                         0x080001c7   Thumb Code     0  startup_stm32f411xe.o(.text)
    EXTI15_10_IRQHandler                     0x080001c7   Thumb Code     0  startup_stm32f411xe.o(.text)
    EXTI1_IRQHandler                         0x080001c7   Thumb Code     0  startup_stm32f411xe.o(.text)
    EXTI2_IRQHandler                         0x080001c7   Thumb Code     0  startup_stm32f411xe.o(.text)
    EXTI3_IRQHandler                         0x080001c7   Thumb Code     0  startup_stm32f411xe.o(.text)
    EXTI4_IRQHandler                         0x080001c7   Thumb Code     0  startup_stm32f411xe.o(.text)
    EXTI9_5_IRQHandler                       0x080001c7   Thumb Code     0  startup_stm32f411xe.o(.text)
    FLASH_IRQHandler                         0x080001c7   Thumb Code     0  startup_stm32f411xe.o(.text)
    FPU_IRQHandler                           0x080001c7   Thumb Code     0  startup_stm32f411xe.o(.text)
    I2C1_ER_IRQHandler                       0x080001c7   Thumb Code     0  startup_stm32f411xe.o(.text)
    I2C1_EV_IRQHandler                       0x080001c7   Thumb Code     0  startup_stm32f411xe.o(.text)
    I2C2_ER_IRQHandler                       0x080001c7   Thumb Code     0  startup_stm32f411xe.o(.text)
    I2C2_EV_IRQHandler                       0x080001c7   Thumb Code     0  startup_stm32f411xe.o(.text)
    I2C3_ER_IRQHandler                       0x080001c7   Thumb Code     0  startup_stm32f411xe.o(.text)
    I2C3_EV_IRQHandler                       0x080001c7   Thumb Code     0  startup_stm32f411xe.o(.text)
    OTG_FS_IRQHandler                        0x080001c7   Thumb Code     0  startup_stm32f411xe.o(.text)
    OTG_FS_WKUP_IRQHandler                   0x080001c7   Thumb Code     0  startup_stm32f411xe.o(.text)
    PVD_IRQHandler                           0x080001c7   Thumb Code     0  startup_stm32f411xe.o(.text)
    RCC_IRQHandler                           0x080001c7   Thumb Code     0  startup_stm32f411xe.o(.text)
    RTC_Alarm_IRQHandler                     0x080001c7   Thumb Code     0  startup_stm32f411xe.o(.text)
    RTC_WKUP_IRQHandler                      0x080001c7   Thumb Code     0  startup_stm32f411xe.o(.text)
    SDIO_IRQHandler                          0x080001c7   Thumb Code     0  startup_stm32f411xe.o(.text)
    SPI1_IRQHandler                          0x080001c7   Thumb Code     0  startup_stm32f411xe.o(.text)
    SPI2_IRQHandler                          0x080001c7   Thumb Code     0  startup_stm32f411xe.o(.text)
    SPI3_IRQHandler                          0x080001c7   Thumb Code     0  startup_stm32f411xe.o(.text)
    SPI4_IRQHandler                          0x080001c7   Thumb Code     0  startup_stm32f411xe.o(.text)
    SPI5_IRQHandler                          0x080001c7   Thumb Code     0  startup_stm32f411xe.o(.text)
    TAMP_STAMP_IRQHandler                    0x080001c7   Thumb Code     0  startup_stm32f411xe.o(.text)
    TIM1_BRK_TIM9_IRQHandler                 0x080001c7   Thumb Code     0  startup_stm32f411xe.o(.text)
    TIM1_TRG_COM_TIM11_IRQHandler            0x080001c7   Thumb Code     0  startup_stm32f411xe.o(.text)
    TIM1_UP_TIM10_IRQHandler                 0x080001c7   Thumb Code     0  startup_stm32f411xe.o(.text)
    TIM3_IRQHandler                          0x080001c7   Thumb Code     0  startup_stm32f411xe.o(.text)
    USART6_IRQHandler                        0x080001c7   Thumb Code     0  startup_stm32f411xe.o(.text)
    WWDG_IRQHandler                          0x080001c7   Thumb Code     0  startup_stm32f411xe.o(.text)
    __aeabi_uldivmod                         0x080001d1   Thumb Code    98  uldiv.o(.text)
    __aeabi_memcpy                           0x08000233   Thumb Code    36  memcpya.o(.text)
    __aeabi_memcpy4                          0x08000233   Thumb Code     0  memcpya.o(.text)
    __aeabi_memcpy8                          0x08000233   Thumb Code     0  memcpya.o(.text)
    __aeabi_memset                           0x08000257   Thumb Code    14  memseta.o(.text)
    __aeabi_memset4                          0x08000257   Thumb Code     0  memseta.o(.text)
    __aeabi_memset8                          0x08000257   Thumb Code     0  memseta.o(.text)
    __aeabi_memclr                           0x08000265   Thumb Code     4  memseta.o(.text)
    __aeabi_memclr4                          0x08000265   Thumb Code     0  memseta.o(.text)
    __aeabi_memclr8                          0x08000265   Thumb Code     0  memseta.o(.text)
    _memset$wrapper                          0x08000269   Thumb Code    18  memseta.o(.text)
    __aeabi_dadd                             0x0800027b   Thumb Code   322  dadd.o(.text)
    __aeabi_dsub                             0x080003bd   Thumb Code     6  dadd.o(.text)
    __aeabi_drsub                            0x080003c3   Thumb Code     6  dadd.o(.text)
    __aeabi_dmul                             0x080003c9   Thumb Code   228  dmul.o(.text)
    __aeabi_ddiv                             0x080004ad   Thumb Code   222  ddiv.o(.text)
    __aeabi_i2d                              0x0800058b   Thumb Code    34  dflti.o(.text)
    __aeabi_ui2d                             0x080005ad   Thumb Code    26  dfltui.o(.text)
    __aeabi_d2iz                             0x080005c7   Thumb Code    62  dfixi.o(.text)
    __aeabi_cdcmpeq                          0x08000605   Thumb Code     0  cdcmple.o(.text)
    __aeabi_cdcmple                          0x08000605   Thumb Code    48  cdcmple.o(.text)
    __aeabi_cdrcmple                         0x08000635   Thumb Code    48  cdrcmple.o(.text)
    __aeabi_uidiv                            0x08000665   Thumb Code     0  uidiv.o(.text)
    __aeabi_uidivmod                         0x08000665   Thumb Code    44  uidiv.o(.text)
    __aeabi_llsl                             0x08000691   Thumb Code    30  llshl.o(.text)
    _ll_shift_l                              0x08000691   Thumb Code     0  llshl.o(.text)
    __aeabi_llsr                             0x080006af   Thumb Code    32  llushr.o(.text)
    _ll_ushift_r                             0x080006af   Thumb Code     0  llushr.o(.text)
    __aeabi_lasr                             0x080006cf   Thumb Code    36  llsshr.o(.text)
    _ll_sshift_r                             0x080006cf   Thumb Code     0  llsshr.o(.text)
    __I$use$fp                               0x080006f3   Thumb Code     0  iusefp.o(.text)
    _double_round                            0x080006f3   Thumb Code    30  depilogue.o(.text)
    _double_epilogue                         0x08000711   Thumb Code   156  depilogue.o(.text)
    __aeabi_d2ulz                            0x080007ad   Thumb Code    48  dfixul.o(.text)
    __scatterload                            0x080007dd   Thumb Code    28  init.o(.text)
    __scatterload_rt2                        0x080007dd   Thumb Code     0  init.o(.text)
    Centroid_Control                         0x08000801   Thumb Code   268  app.o(i.Centroid_Control)
    GET_ANGLE                                0x08000935   Thumb Code   736  app.o(i.GET_ANGLE)
    GetEncoder                               0x08000c81   Thumb Code    32  app.o(i.GetEncoder)
    HAL_DMA_Abort_IT                         0x08000cad   Thumb Code    36  stm32f4xx_hal_dma.o(i.HAL_DMA_Abort_IT)
    HAL_Delay                                0x08000cd1   Thumb Code    28  stm32f4xx_hal.o(i.HAL_Delay)
    HAL_GPIO_Init                            0x08000ced   Thumb Code   372  stm32f4xx_hal_gpio.o(i.HAL_GPIO_Init)
    HAL_GPIO_WritePin                        0x08000e81   Thumb Code    10  stm32f4xx_hal_gpio.o(i.HAL_GPIO_WritePin)
    HAL_GetTick                              0x08000e8d   Thumb Code     6  stm32f4xx_hal.o(i.HAL_GetTick)
    HAL_I2C_Init                             0x08000e99   Thumb Code   254  stm32f4xx_hal_i2c.o(i.HAL_I2C_Init)
    HAL_I2C_IsDeviceReady                    0x08000fa1   Thumb Code   346  stm32f4xx_hal_i2c.o(i.HAL_I2C_IsDeviceReady)
    HAL_I2C_Mem_Read                         0x08001105   Thumb Code   496  stm32f4xx_hal_i2c.o(i.HAL_I2C_Mem_Read)
    HAL_I2C_Mem_Write                        0x08001301   Thumb Code   306  stm32f4xx_hal_i2c.o(i.HAL_I2C_Mem_Write)
    HAL_I2C_MspInit                          0x0800143d   Thumb Code    64  i2c.o(i.HAL_I2C_MspInit)
    HAL_IncTick                              0x08001489   Thumb Code    10  stm32f4xx_hal.o(i.HAL_IncTick)
    HAL_Init                                 0x08001499   Thumb Code    48  stm32f4xx_hal.o(i.HAL_Init)
    HAL_InitTick                             0x080014cd   Thumb Code    34  stm32f4xx_hal.o(i.HAL_InitTick)
    HAL_MspInit                              0x080014f5   Thumb Code   126  stm32f4xx_hal_msp.o(i.HAL_MspInit)
    HAL_NVIC_EnableIRQ                       0x08001579   Thumb Code    22  stm32f4xx_hal_cortex.o(i.HAL_NVIC_EnableIRQ)
    HAL_NVIC_SetPriority                     0x08001591   Thumb Code    60  stm32f4xx_hal_cortex.o(i.HAL_NVIC_SetPriority)
    HAL_NVIC_SetPriorityGrouping             0x080015d1   Thumb Code    26  stm32f4xx_hal_cortex.o(i.HAL_NVIC_SetPriorityGrouping)
    HAL_RCC_ClockConfig                      0x080015f5   Thumb Code   286  stm32f4xx_hal_rcc.o(i.HAL_RCC_ClockConfig)
    HAL_RCC_GetHCLKFreq                      0x08001725   Thumb Code     6  stm32f4xx_hal_rcc.o(i.HAL_RCC_GetHCLKFreq)
    HAL_RCC_GetPCLK1Freq                     0x08001731   Thumb Code    20  stm32f4xx_hal_rcc.o(i.HAL_RCC_GetPCLK1Freq)
    HAL_RCC_GetPCLK2Freq                     0x08001751   Thumb Code    20  stm32f4xx_hal_rcc.o(i.HAL_RCC_GetPCLK2Freq)
    HAL_RCC_GetSysClockFreq                  0x08001771   Thumb Code    88  stm32f4xx_hal_rcc.o(i.HAL_RCC_GetSysClockFreq)
    HAL_RCC_OscConfig                        0x080017d1   Thumb Code   720  stm32f4xx_hal_rcc.o(i.HAL_RCC_OscConfig)
    HAL_SYSTICK_CLKSourceConfig              0x08001ab9   Thumb Code    24  stm32f4xx_hal_cortex.o(i.HAL_SYSTICK_CLKSourceConfig)
    HAL_SYSTICK_Callback                     0x08001ad1   Thumb Code     2  stm32f4xx_hal_cortex.o(i.HAL_SYSTICK_Callback)
    HAL_SYSTICK_Config                       0x08001ad3   Thumb Code    40  stm32f4xx_hal_cortex.o(i.HAL_SYSTICK_Config)
    HAL_SYSTICK_IRQHandler                   0x08001afb   Thumb Code     8  stm32f4xx_hal_cortex.o(i.HAL_SYSTICK_IRQHandler)
    HAL_TIMEx_BreakCallback                  0x08001b03   Thumb Code     2  stm32f4xx_hal_tim_ex.o(i.HAL_TIMEx_BreakCallback)
    HAL_TIMEx_CommutationCallback            0x08001b05   Thumb Code     2  stm32f4xx_hal_tim_ex.o(i.HAL_TIMEx_CommutationCallback)
    HAL_TIMEx_MasterConfigSynchronization    0x08001b07   Thumb Code    80  stm32f4xx_hal_tim_ex.o(i.HAL_TIMEx_MasterConfigSynchronization)
    HAL_TIM_Base_Init                        0x08001b57   Thumb Code    54  stm32f4xx_hal_tim.o(i.HAL_TIM_Base_Init)
    HAL_TIM_Base_MspInit                     0x08001b8d   Thumb Code    52  tim.o(i.HAL_TIM_Base_MspInit)
    HAL_TIM_Base_Start_IT                    0x08001bc9   Thumb Code    24  stm32f4xx_hal_tim.o(i.HAL_TIM_Base_Start_IT)
    HAL_TIM_ConfigClockSource                0x08001be1   Thumb Code   240  stm32f4xx_hal_tim.o(i.HAL_TIM_ConfigClockSource)
    HAL_TIM_Encoder_Init                     0x08001cd1   Thumb Code   150  stm32f4xx_hal_tim.o(i.HAL_TIM_Encoder_Init)
    HAL_TIM_Encoder_MspInit                  0x08001d69   Thumb Code   130  tim.o(i.HAL_TIM_Encoder_MspInit)
    HAL_TIM_Encoder_Start                    0x08001e01   Thumb Code    50  stm32f4xx_hal_tim.o(i.HAL_TIM_Encoder_Start)
    HAL_TIM_IC_CaptureCallback               0x08001e35   Thumb Code    54  interrupt.o(i.HAL_TIM_IC_CaptureCallback)
    HAL_TIM_IRQHandler                       0x08001ec5   Thumb Code   358  stm32f4xx_hal_tim.o(i.HAL_TIM_IRQHandler)
    HAL_TIM_MspPostInit                      0x0800202d   Thumb Code    42  tim.o(i.HAL_TIM_MspPostInit)
    HAL_TIM_OC_DelayElapsedCallback          0x08002061   Thumb Code     2  stm32f4xx_hal_tim.o(i.HAL_TIM_OC_DelayElapsedCallback)
    HAL_TIM_PWM_ConfigChannel                0x08002063   Thumb Code   208  stm32f4xx_hal_tim.o(i.HAL_TIM_PWM_ConfigChannel)
    HAL_TIM_PWM_Init                         0x08002133   Thumb Code    54  stm32f4xx_hal_tim.o(i.HAL_TIM_PWM_Init)
    HAL_TIM_PWM_MspInit                      0x08002169   Thumb Code    30  tim.o(i.HAL_TIM_PWM_MspInit)
    HAL_TIM_PWM_PulseFinishedCallback        0x08002191   Thumb Code     2  stm32f4xx_hal_tim.o(i.HAL_TIM_PWM_PulseFinishedCallback)
    HAL_TIM_PWM_Start                        0x08002195   Thumb Code    42  stm32f4xx_hal_tim.o(i.HAL_TIM_PWM_Start)
    HAL_TIM_PeriodElapsedCallback            0x080021c5   Thumb Code   120  interrupt.o(i.HAL_TIM_PeriodElapsedCallback)
    HAL_TIM_TriggerCallback                  0x08002259   Thumb Code     2  stm32f4xx_hal_tim.o(i.HAL_TIM_TriggerCallback)
    HAL_UART_ErrorCallback                   0x0800225b   Thumb Code     2  stm32f4xx_hal_uart.o(i.HAL_UART_ErrorCallback)
    HAL_UART_IRQHandler                      0x0800225d   Thumb Code   266  stm32f4xx_hal_uart.o(i.HAL_UART_IRQHandler)
    HAL_UART_Init                            0x0800236d   Thumb Code    98  stm32f4xx_hal_uart.o(i.HAL_UART_Init)
    HAL_UART_MspInit                         0x080023d1   Thumb Code    88  usart.o(i.HAL_UART_MspInit)
    HAL_UART_Receive_IT                      0x08002439   Thumb Code    72  stm32f4xx_hal_uart.o(i.HAL_UART_Receive_IT)
    HAL_UART_RxCpltCallback                  0x08002481   Thumb Code    32  interrupt.o(i.HAL_UART_RxCpltCallback)
    HAL_UART_Transmit                        0x080024b1   Thumb Code   186  stm32f4xx_hal_uart.o(i.HAL_UART_Transmit)
    HAL_UART_Transmit_IT                     0x0800256b   Thumb Code    62  stm32f4xx_hal_uart.o(i.HAL_UART_Transmit_IT)
    HAL_UART_TxCpltCallback                  0x080025a9   Thumb Code     2  interrupt.o(i.HAL_UART_TxCpltCallback)
    InitControl                              0x0800294d   Thumb Code   142  app.o(i.InitControl)
    MX_GPIO_Init                             0x08002a1d   Thumb Code   142  gpio.o(i.MX_GPIO_Init)
    MX_I2C1_Init                             0x08002ac1   Thumb Code    54  i2c.o(i.MX_I2C1_Init)
    MX_TIM1_Init                             0x08002b15   Thumb Code    96  tim.o(i.MX_TIM1_Init)
    MX_TIM2_Init                             0x08002b8d   Thumb Code    94  tim.o(i.MX_TIM2_Init)
    MX_TIM3_Init                             0x08002c01   Thumb Code   122  tim.o(i.MX_TIM3_Init)
    MX_TIM4_Init                             0x08002c95   Thumb Code    94  tim.o(i.MX_TIM4_Init)
    MX_TIM5_Init                             0x08002d0d   Thumb Code    94  tim.o(i.MX_TIM5_Init)
    MX_USART1_UART_Init                      0x08002d85   Thumb Code    52  usart.o(i.MX_USART1_UART_Init)
    MX_USART2_UART_Init                      0x08002dd1   Thumb Code    52  usart.o(i.MX_USART2_UART_Init)
    MotorDrive                               0x08002e1d   Thumb Code   276  app.o(i.MotorDrive)
    Motor_Stop                               0x08002f49   Thumb Code    46  app.o(i.Motor_Stop)
    OC_Struct_Init                           0x08002fa1   Thumb Code    16  app.o(i.OC_Struct_Init)
    PWM_Filter                               0x08002fb5   Thumb Code    98  app.o(i.PWM_Filter)
    PositionControl                          0x08003031   Thumb Code   284  app.o(i.PositionControl)
    Posture_Control                          0x0800317d   Thumb Code   380  app.o(i.Posture_Control)
    ReceiveDataFromPC                        0x08003329   Thumb Code   100  app.o(i.ReceiveDataFromPC)
    SetDrive                                 0x08003399   Thumb Code   160  app.o(i.SetDrive)
    SetSteering                              0x08003459   Thumb Code   176  app.o(i.SetSteering)
    SysTick_Handler                          0x08003525   Thumb Code    14  stm32f4xx_it.o(i.SysTick_Handler)
    SystemClock_Config                       0x08003535   Thumb Code   146  main.o(i.SystemClock_Config)
    SystemInit                               0x080035d1   Thumb Code    66  system_stm32f4xx.o(i.SystemInit)
    TIM1_CC_IRQHandler                       0x08003625   Thumb Code     6  stm32f4xx_it.o(i.TIM1_CC_IRQHandler)
    TIM2_IRQHandler                          0x08003631   Thumb Code     6  stm32f4xx_it.o(i.TIM2_IRQHandler)
    TIM4_IRQHandler                          0x0800363d   Thumb Code     6  stm32f4xx_it.o(i.TIM4_IRQHandler)
    TIM5_IRQHandler                          0x08003649   Thumb Code     6  stm32f4xx_it.o(i.TIM5_IRQHandler)
    TIM_Base_SetConfig                       0x08003655   Thumb Code   114  stm32f4xx_hal_tim.o(i.TIM_Base_SetConfig)
    TIM_CCxChannelCmd                        0x080036e5   Thumb Code    22  stm32f4xx_hal_tim.o(i.TIM_CCxChannelCmd)
    TIM_OC2_SetConfig                        0x08003771   Thumb Code    84  stm32f4xx_hal_tim.o(i.TIM_OC2_SetConfig)
    USART1_IRQHandler                        0x08003cd5   Thumb Code     6  stm32f4xx_it.o(i.USART1_IRQHandler)
    USART2_IRQHandler                        0x08003ce1   Thumb Code     6  stm32f4xx_it.o(i.USART2_IRQHandler)
    _Error_Handler                           0x08003ced   Thumb Code     2  main.o(i._Error_Handler)
    __0printf                                0x08003cf1   Thumb Code    22  printfa.o(i.__0printf)
    __1printf                                0x08003cf1   Thumb Code     0  printfa.o(i.__0printf)
    __2printf                                0x08003cf1   Thumb Code     0  printfa.o(i.__0printf)
    __c89printf                              0x08003cf1   Thumb Code     0  printfa.o(i.__0printf)
    printf                                   0x08003cf1   Thumb Code     0  printfa.o(i.__0printf)
    __ARM_fpclassify                         0x08003d11   Thumb Code    48  fpclassify.o(i.__ARM_fpclassify)
    __hardfp_atan                            0x08003d41   Thumb Code   622  atan.o(i.__hardfp_atan)
    __hardfp_atan2                           0x08004019   Thumb Code   432  atan2.o(i.__hardfp_atan2)
    __kernel_poly                            0x08004209   Thumb Code   248  poly.o(i.__kernel_poly)
    __mathlib_dbl_infnan                     0x08004301   Thumb Code    20  dunder.o(i.__mathlib_dbl_infnan)
    __mathlib_dbl_infnan2                    0x08004315   Thumb Code    20  dunder.o(i.__mathlib_dbl_infnan2)
    __mathlib_dbl_underflow                  0x08004329   Thumb Code    24  dunder.o(i.__mathlib_dbl_underflow)
    __scatterload_copy                       0x08004349   Thumb Code    14  handlers.o(i.__scatterload_copy)
    __scatterload_null                       0x08004357   Thumb Code     2  handlers.o(i.__scatterload_null)
    __scatterload_zeroinit                   0x08004359   Thumb Code    14  handlers.o(i.__scatterload_zeroinit)
    atan                                     0x08004c1b   Thumb Code    16  atan.o(i.atan)
    fabs                                     0x08004c2b   Thumb Code    24  fabs.o(i.fabs)
    fputc                                    0x08004c45   Thumb Code    20  app.o(i.fputc)
    isStanded                                0x08004c5d   Thumb Code    56  app.o(i.isStanded)
    isTilted                                 0x08004ca9   Thumb Code    56  app.o(i.isTilted)
    main                                     0x08004cf5   Thumb Code   282  main.o(i.main)
    AHBPrescTable                            0x08004e5c   Data          16  system_stm32f4xx.o(.constdata)
    APBPrescTable                            0x08004e6c   Data           8  system_stm32f4xx.o(.constdata)
    __mathlib_zero                           0x08004f10   Data           8  qnan.o(.constdata)
    Region$$Table$$Base                      0x08004f18   Number         0  anon$$obj.o(Region$$Table)
    Region$$Table$$Limit                     0x08004f38   Number         0  anon$$obj.o(Region$$Table)
    uwTick                                   0x20000000   Data           4  stm32f4xx_hal.o(.data)
    pData                                    0x20000008   Data           1  app.o(.data)
    encoder                                  0x2000000a   Data           4  app.o(.data)
    preTimeMPU                               0x20000010   Data           4  app.o(.data)
    flag                                     0x20000014   Data           8  app.o(.data)
    steer                                    0x20000020   Data           8  app.o(.data)
    accXangle                                0x20000038   Data           8  app.o(.data)
    accYangle                                0x20000040   Data           8  app.o(.data)
    gyroXrate                                0x20000048   Data           8  app.o(.data)
    gyroYrate                                0x20000050   Data           8  app.o(.data)
    gotAngle                                 0x20000058   Data           8  app.o(.data)
    angleResult                              0x20000060   Data           8  app.o(.data)
    milliseconds                             0x20000068   Data           4  interrupt.o(.data)
    counter                                  0x2000006c   Data           4  interrupt.o(.data)
    SystemCoreClock                          0x20000070   Data           4  system_stm32f4xx.o(.data)
    __stdout                                 0x20000074   Data           4  stdout.o(.data)
    posture                                  0x20000078   Data          56  app.o(.bss)
    centroid                                 0x200000b0   Data          56  app.o(.bss)
    position                                 0x200000e8   Data          56  app.o(.bss)
    buffer                                   0x20000120   Data          12  app.o(.bss)
    OC_Config_Struct                         0x2000012c   Data          28  app.o(.bss)
    mcu2pc                                   0x20000148   Data          24  interrupt.o(.bss)
    pc2mcu                                   0x20000160   Data          72  interrupt.o(.bss)
    hi2c1                                    0x200001a8   Data          84  i2c.o(.bss)
    htim1                                    0x200001fc   Data          60  tim.o(.bss)
    htim2                                    0x20000238   Data          60  tim.o(.bss)
    htim3                                    0x20000274   Data          60  tim.o(.bss)
    htim4                                    0x200002b0   Data          60  tim.o(.bss)
    htim5                                    0x200002ec   Data          60  tim.o(.bss)
    huart1                                   0x20000328   Data          64  usart.o(.bss)
    huart2                                   0x20000368   Data          64  usart.o(.bss)
    __initial_sp                             0x200007a8   Data           0  startup_stm32f411xe.o(STACK)



==============================================================================

Memory Map of the image

  Image Entry point : 0x08000199

  Load Region LR_IROM1 (Base: 0x08000000, Size: 0x00004fb0, Max: 0x00080000, ABSOLUTE)

    Execution Region ER_IROM1 (Exec base: 0x08000000, Load base: 0x08000000, Size: 0x00004f38, Max: 0x00080000, ABSOLUTE)

    Exec Addr    Load Addr    Size         Type   Attr      Idx    E Section Name        Object

    0x08000000   0x08000000   0x00000198   Data   RO         2822    RESET               startup_stm32f411xe.o
    0x08000198   0x08000198   0x00000000   Code   RO         3523  * .ARM.Collect$$$$00000000  mc_w.l(entry.o)
    0x08000198   0x08000198   0x00000004   Code   RO         3848    .ARM.Collect$$$$00000001  mc_w.l(entry2.o)
    0x0800019c   0x0800019c   0x00000004   Code   RO         3851    .ARM.Collect$$$$00000004  mc_w.l(entry5.o)
    0x080001a0   0x080001a0   0x00000000   Code   RO         3853    .ARM.Collect$$$$00000008  mc_w.l(entry7b.o)
    0x080001a0   0x080001a0   0x00000000   Code   RO         3855    .ARM.Collect$$$$0000000A  mc_w.l(entry8b.o)
    0x080001a0   0x080001a0   0x00000008   Code   RO         3856    .ARM.Collect$$$$0000000B  mc_w.l(entry9a.o)
    0x080001a8   0x080001a8   0x00000000   Code   RO         3858    .ARM.Collect$$$$0000000D  mc_w.l(entry10a.o)
    0x080001a8   0x080001a8   0x00000000   Code   RO         3860    .ARM.Collect$$$$0000000F  mc_w.l(entry11a.o)
    0x080001a8   0x080001a8   0x00000004   Code   RO         3849    .ARM.Collect$$$$00002712  mc_w.l(entry2.o)
    0x080001ac   0x080001ac   0x00000024   Code   RO         2823    .text               startup_stm32f411xe.o
    0x080001d0   0x080001d0   0x00000062   Code   RO         3526    .text               mc_w.l(uldiv.o)
    0x08000232   0x08000232   0x00000024   Code   RO         3528    .text               mc_w.l(memcpya.o)
    0x08000256   0x08000256   0x00000024   Code   RO         3530    .text               mc_w.l(memseta.o)
    0x0800027a   0x0800027a   0x0000014e   Code   RO         3795    .text               mf_w.l(dadd.o)
    0x080003c8   0x080003c8   0x000000e4   Code   RO         3797    .text               mf_w.l(dmul.o)
    0x080004ac   0x080004ac   0x000000de   Code   RO         3799    .text               mf_w.l(ddiv.o)
    0x0800058a   0x0800058a   0x00000022   Code   RO         3803    .text               mf_w.l(dflti.o)
    0x080005ac   0x080005ac   0x0000001a   Code   RO         3805    .text               mf_w.l(dfltui.o)
    0x080005c6   0x080005c6   0x0000003e   Code   RO         3807    .text               mf_w.l(dfixi.o)
    0x08000604   0x08000604   0x00000030   Code   RO         3809    .text               mf_w.l(cdcmple.o)
    0x08000634   0x08000634   0x00000030   Code   RO         3811    .text               mf_w.l(cdrcmple.o)
    0x08000664   0x08000664   0x0000002c   Code   RO         3863    .text               mc_w.l(uidiv.o)
    0x08000690   0x08000690   0x0000001e   Code   RO         3865    .text               mc_w.l(llshl.o)
    0x080006ae   0x080006ae   0x00000020   Code   RO         3867    .text               mc_w.l(llushr.o)
    0x080006ce   0x080006ce   0x00000024   Code   RO         3869    .text               mc_w.l(llsshr.o)
    0x080006f2   0x080006f2   0x00000000   Code   RO         3878    .text               mc_w.l(iusefp.o)
    0x080006f2   0x080006f2   0x000000ba   Code   RO         3879    .text               mf_w.l(depilogue.o)
    0x080007ac   0x080007ac   0x00000030   Code   RO         3881    .text               mf_w.l(dfixul.o)
    0x080007dc   0x080007dc   0x00000024   Code   RO         3887    .text               mc_w.l(init.o)
    0x08000800   0x08000800   0x00000134   Code   RO         2830    i.Centroid_Control  app.o
    0x08000934   0x08000934   0x0000034c   Code   RO         2831    i.GET_ANGLE         app.o
    0x08000c80   0x08000c80   0x0000002c   Code   RO         2832    i.GetEncoder        app.o
    0x08000cac   0x08000cac   0x00000024   Code   RO         2235    i.HAL_DMA_Abort_IT  stm32f4xx_hal_dma.o
    0x08000cd0   0x08000cd0   0x0000001c   Code   RO         2677    i.HAL_Delay         stm32f4xx_hal.o
    0x08000cec   0x08000cec   0x00000194   Code   RO         2127    i.HAL_GPIO_Init     stm32f4xx_hal_gpio.o
    0x08000e80   0x08000e80   0x0000000a   Code   RO         2131    i.HAL_GPIO_WritePin  stm32f4xx_hal_gpio.o
    0x08000e8a   0x08000e8a   0x00000002   PAD
    0x08000e8c   0x08000e8c   0x0000000c   Code   RO         2683    i.HAL_GetTick       stm32f4xx_hal.o
    0x08000e98   0x08000e98   0x00000108   Code   RO           15    i.HAL_I2C_Init      stm32f4xx_hal_i2c.o
    0x08000fa0   0x08000fa0   0x00000164   Code   RO           16    i.HAL_I2C_IsDeviceReady  stm32f4xx_hal_i2c.o
    0x08001104   0x08001104   0x000001fc   Code   RO           31    i.HAL_I2C_Mem_Read  stm32f4xx_hal_i2c.o
    0x08001300   0x08001300   0x0000013c   Code   RO           34    i.HAL_I2C_Mem_Write  stm32f4xx_hal_i2c.o
    0x0800143c   0x0800143c   0x0000004c   Code   RO         3203    i.HAL_I2C_MspInit   i2c.o
    0x08001488   0x08001488   0x00000010   Code   RO         2685    i.HAL_IncTick       stm32f4xx_hal.o
    0x08001498   0x08001498   0x00000034   Code   RO         2686    i.HAL_Init          stm32f4xx_hal.o
    0x080014cc   0x080014cc   0x00000028   Code   RO         2687    i.HAL_InitTick      stm32f4xx_hal.o
    0x080014f4   0x080014f4   0x00000084   Code   RO         3452    i.HAL_MspInit       stm32f4xx_hal_msp.o
    0x08001578   0x08001578   0x00000016   Code   RO         2540    i.HAL_NVIC_EnableIRQ  stm32f4xx_hal_cortex.o
    0x0800158e   0x0800158e   0x00000002   PAD
    0x08001590   0x08001590   0x00000040   Code   RO         2546    i.HAL_NVIC_SetPriority  stm32f4xx_hal_cortex.o
    0x080015d0   0x080015d0   0x00000024   Code   RO         2547    i.HAL_NVIC_SetPriorityGrouping  stm32f4xx_hal_cortex.o
    0x080015f4   0x080015f4   0x00000130   Code   RO         1731    i.HAL_RCC_ClockConfig  stm32f4xx_hal_rcc.o
    0x08001724   0x08001724   0x0000000c   Code   RO         1736    i.HAL_RCC_GetHCLKFreq  stm32f4xx_hal_rcc.o
    0x08001730   0x08001730   0x00000020   Code   RO         1738    i.HAL_RCC_GetPCLK1Freq  stm32f4xx_hal_rcc.o
    0x08001750   0x08001750   0x00000020   Code   RO         1739    i.HAL_RCC_GetPCLK2Freq  stm32f4xx_hal_rcc.o
    0x08001770   0x08001770   0x00000060   Code   RO         1740    i.HAL_RCC_GetSysClockFreq  stm32f4xx_hal_rcc.o
    0x080017d0   0x080017d0   0x000002e8   Code   RO         1743    i.HAL_RCC_OscConfig  stm32f4xx_hal_rcc.o
    0x08001ab8   0x08001ab8   0x00000018   Code   RO         2549    i.HAL_SYSTICK_CLKSourceConfig  stm32f4xx_hal_cortex.o
    0x08001ad0   0x08001ad0   0x00000002   Code   RO         2550    i.HAL_SYSTICK_Callback  stm32f4xx_hal_cortex.o
    0x08001ad2   0x08001ad2   0x00000028   Code   RO         2551    i.HAL_SYSTICK_Config  stm32f4xx_hal_cortex.o
    0x08001afa   0x08001afa   0x00000008   Code   RO         2552    i.HAL_SYSTICK_IRQHandler  stm32f4xx_hal_cortex.o
    0x08001b02   0x08001b02   0x00000002   Code   RO         1165    i.HAL_TIMEx_BreakCallback  stm32f4xx_hal_tim_ex.o
    0x08001b04   0x08001b04   0x00000002   Code   RO         1166    i.HAL_TIMEx_CommutationCallback  stm32f4xx_hal_tim_ex.o
    0x08001b06   0x08001b06   0x00000050   Code   RO         1182    i.HAL_TIMEx_MasterConfigSynchronization  stm32f4xx_hal_tim_ex.o
    0x08001b56   0x08001b56   0x00000036   Code   RO          536    i.HAL_TIM_Base_Init  stm32f4xx_hal_tim.o
    0x08001b8c   0x08001b8c   0x0000003c   Code   RO         3245    i.HAL_TIM_Base_MspInit  tim.o
    0x08001bc8   0x08001bc8   0x00000018   Code   RO          541    i.HAL_TIM_Base_Start_IT  stm32f4xx_hal_tim.o
    0x08001be0   0x08001be0   0x000000f0   Code   RO          545    i.HAL_TIM_ConfigClockSource  stm32f4xx_hal_tim.o
    0x08001cd0   0x08001cd0   0x00000096   Code   RO          554    i.HAL_TIM_Encoder_Init  stm32f4xx_hal_tim.o
    0x08001d66   0x08001d66   0x00000002   PAD
    0x08001d68   0x08001d68   0x00000098   Code   RO         3247    i.HAL_TIM_Encoder_MspInit  tim.o
    0x08001e00   0x08001e00   0x00000032   Code   RO          557    i.HAL_TIM_Encoder_Start  stm32f4xx_hal_tim.o
    0x08001e32   0x08001e32   0x00000002   PAD
    0x08001e34   0x08001e34   0x00000090   Code   RO         3067    i.HAL_TIM_IC_CaptureCallback  interrupt.o
    0x08001ec4   0x08001ec4   0x00000166   Code   RO          578    i.HAL_TIM_IRQHandler  stm32f4xx_hal_tim.o
    0x0800202a   0x0800202a   0x00000002   PAD
    0x0800202c   0x0800202c   0x00000034   Code   RO         3248    i.HAL_TIM_MspPostInit  tim.o
    0x08002060   0x08002060   0x00000002   Code   RO          581    i.HAL_TIM_OC_DelayElapsedCallback  stm32f4xx_hal_tim.o
    0x08002062   0x08002062   0x000000d0   Code   RO          602    i.HAL_TIM_PWM_ConfigChannel  stm32f4xx_hal_tim.o
    0x08002132   0x08002132   0x00000036   Code   RO          605    i.HAL_TIM_PWM_Init  stm32f4xx_hal_tim.o
    0x08002168   0x08002168   0x00000028   Code   RO         3250    i.HAL_TIM_PWM_MspInit  tim.o
    0x08002190   0x08002190   0x00000002   Code   RO          608    i.HAL_TIM_PWM_PulseFinishedCallback  stm32f4xx_hal_tim.o
    0x08002192   0x08002192   0x00000002   PAD
    0x08002194   0x08002194   0x00000030   Code   RO          609    i.HAL_TIM_PWM_Start  stm32f4xx_hal_tim.o
    0x080021c4   0x080021c4   0x00000094   Code   RO         3068    i.HAL_TIM_PeriodElapsedCallback  interrupt.o
    0x08002258   0x08002258   0x00000002   Code   RO          619    i.HAL_TIM_TriggerCallback  stm32f4xx_hal_tim.o
    0x0800225a   0x0800225a   0x00000002   Code   RO         1425    i.HAL_UART_ErrorCallback  stm32f4xx_hal_uart.o
    0x0800225c   0x0800225c   0x00000110   Code   RO         1428    i.HAL_UART_IRQHandler  stm32f4xx_hal_uart.o
    0x0800236c   0x0800236c   0x00000062   Code   RO         1429    i.HAL_UART_Init     stm32f4xx_hal_uart.o
    0x080023ce   0x080023ce   0x00000002   PAD
    0x080023d0   0x080023d0   0x00000068   Code   RO         3341    i.HAL_UART_MspInit  usart.o
    0x08002438   0x08002438   0x00000048   Code   RO         1434    i.HAL_UART_Receive_IT  stm32f4xx_hal_uart.o
    0x08002480   0x08002480   0x00000030   Code   RO         3069    i.HAL_UART_RxCpltCallback  interrupt.o
    0x080024b0   0x080024b0   0x000000ba   Code   RO         1437    i.HAL_UART_Transmit  stm32f4xx_hal_uart.o
    0x0800256a   0x0800256a   0x0000003e   Code   RO         1439    i.HAL_UART_Transmit_IT  stm32f4xx_hal_uart.o
    0x080025a8   0x080025a8   0x00000002   Code   RO         3070    i.HAL_UART_TxCpltCallback  interrupt.o
    0x080025aa   0x080025aa   0x00000028   Code   RO           53    i.I2C_IsAcknowledgeFailed  stm32f4xx_hal_i2c.o
    0x080025d2   0x080025d2   0x000000f0   Code   RO           62    i.I2C_RequestMemoryRead  stm32f4xx_hal_i2c.o
    0x080026c2   0x080026c2   0x00000002   PAD
    0x080026c4   0x080026c4   0x000000a0   Code   RO           63    i.I2C_RequestMemoryWrite  stm32f4xx_hal_i2c.o
    0x08002764   0x08002764   0x0000004e   Code   RO           66    i.I2C_WaitOnBTFFlagUntilTimeout  stm32f4xx_hal_i2c.o
    0x080027b2   0x080027b2   0x00000060   Code   RO           67    i.I2C_WaitOnFlagUntilTimeout  stm32f4xx_hal_i2c.o
    0x08002812   0x08002812   0x00000086   Code   RO           68    i.I2C_WaitOnMasterAddressFlagUntilTimeout  stm32f4xx_hal_i2c.o
    0x08002898   0x08002898   0x00000064   Code   RO           69    i.I2C_WaitOnRXNEFlagUntilTimeout  stm32f4xx_hal_i2c.o
    0x080028fc   0x080028fc   0x0000004e   Code   RO           70    i.I2C_WaitOnTXEFlagUntilTimeout  stm32f4xx_hal_i2c.o
    0x0800294a   0x0800294a   0x00000002   PAD
    0x0800294c   0x0800294c   0x000000d0   Code   RO         2833    i.InitControl       app.o
    0x08002a1c   0x08002a1c   0x000000a4   Code   RO         3178    i.MX_GPIO_Init      gpio.o
    0x08002ac0   0x08002ac0   0x00000054   Code   RO         3204    i.MX_I2C1_Init      i2c.o
    0x08002b14   0x08002b14   0x00000078   Code   RO         3251    i.MX_TIM1_Init      tim.o
    0x08002b8c   0x08002b8c   0x00000074   Code   RO         3252    i.MX_TIM2_Init      tim.o
    0x08002c00   0x08002c00   0x00000094   Code   RO         3253    i.MX_TIM3_Init      tim.o
    0x08002c94   0x08002c94   0x00000078   Code   RO         3254    i.MX_TIM4_Init      tim.o
    0x08002d0c   0x08002d0c   0x00000078   Code   RO         3255    i.MX_TIM5_Init      tim.o
    0x08002d84   0x08002d84   0x0000004c   Code   RO         3342    i.MX_USART1_UART_Init  usart.o
    0x08002dd0   0x08002dd0   0x0000004c   Code   RO         3343    i.MX_USART2_UART_Init  usart.o
    0x08002e1c   0x08002e1c   0x0000012c   Code   RO         2834    i.MotorDrive        app.o
    0x08002f48   0x08002f48   0x00000038   Code   RO         2835    i.Motor_Stop        app.o
    0x08002f80   0x08002f80   0x00000020   Code   RO         2553    i.NVIC_SetPriority  stm32f4xx_hal_cortex.o
    0x08002fa0   0x08002fa0   0x00000014   Code   RO         2836    i.OC_Struct_Init    app.o
    0x08002fb4   0x08002fb4   0x0000007c   Code   RO         2837    i.PWM_Filter        app.o
    0x08003030   0x08003030   0x0000014c   Code   RO         2838    i.PositionControl   app.o
    0x0800317c   0x0800317c   0x000001ac   Code   RO         2839    i.Posture_Control   app.o
    0x08003328   0x08003328   0x00000070   Code   RO         2840    i.ReceiveDataFromPC  app.o
    0x08003398   0x08003398   0x000000c0   Code   RO         2841    i.SetDrive          app.o
    0x08003458   0x08003458   0x000000cc   Code   RO         2842    i.SetSteering       app.o
    0x08003524   0x08003524   0x0000000e   Code   RO         3388    i.SysTick_Handler   stm32f4xx_it.o
    0x08003532   0x08003532   0x00000002   PAD
    0x08003534   0x08003534   0x0000009c   Code   RO         3131    i.SystemClock_Config  main.o
    0x080035d0   0x080035d0   0x00000054   Code   RO         3477    i.SystemInit        system_stm32f4xx.o
    0x08003624   0x08003624   0x0000000c   Code   RO         3389    i.TIM1_CC_IRQHandler  stm32f4xx_it.o
    0x08003630   0x08003630   0x0000000c   Code   RO         3390    i.TIM2_IRQHandler   stm32f4xx_it.o
    0x0800363c   0x0800363c   0x0000000c   Code   RO         3391    i.TIM4_IRQHandler   stm32f4xx_it.o
    0x08003648   0x08003648   0x0000000c   Code   RO         3392    i.TIM5_IRQHandler   stm32f4xx_it.o
    0x08003654   0x08003654   0x00000090   Code   RO          620    i.TIM_Base_SetConfig  stm32f4xx_hal_tim.o
    0x080036e4   0x080036e4   0x00000016   Code   RO          621    i.TIM_CCxChannelCmd  stm32f4xx_hal_tim.o
    0x080036fa   0x080036fa   0x00000014   Code   RO          627    i.TIM_ETR_SetConfig  stm32f4xx_hal_tim.o
    0x0800370e   0x0800370e   0x00000010   Code   RO          628    i.TIM_ITRx_SetConfig  stm32f4xx_hal_tim.o
    0x0800371e   0x0800371e   0x00000002   PAD
    0x08003720   0x08003720   0x00000050   Code   RO          629    i.TIM_OC1_SetConfig  stm32f4xx_hal_tim.o
    0x08003770   0x08003770   0x00000058   Code   RO          630    i.TIM_OC2_SetConfig  stm32f4xx_hal_tim.o
    0x080037c8   0x080037c8   0x00000058   Code   RO          631    i.TIM_OC3_SetConfig  stm32f4xx_hal_tim.o
    0x08003820   0x08003820   0x00000044   Code   RO          632    i.TIM_OC4_SetConfig  stm32f4xx_hal_tim.o
    0x08003864   0x08003864   0x00000022   Code   RO          634    i.TIM_TI1_ConfigInputStage  stm32f4xx_hal_tim.o
    0x08003886   0x08003886   0x00000024   Code   RO          636    i.TIM_TI2_ConfigInputStage  stm32f4xx_hal_tim.o
    0x080038aa   0x080038aa   0x00000010   Code   RO         1442    i.UART_DMAAbortOnError  stm32f4xx_hal_uart.o
    0x080038ba   0x080038ba   0x0000001c   Code   RO         1452    i.UART_EndRxTransfer  stm32f4xx_hal_uart.o
    0x080038d6   0x080038d6   0x0000008c   Code   RO         1454    i.UART_Receive_IT   stm32f4xx_hal_uart.o
    0x08003962   0x08003962   0x00000002   PAD
    0x08003964   0x08003964   0x000002ac   Code   RO         1455    i.UART_SetConfig    stm32f4xx_hal_uart.o
    0x08003c10   0x08003c10   0x00000062   Code   RO         1456    i.UART_Transmit_IT  stm32f4xx_hal_uart.o
    0x08003c72   0x08003c72   0x00000062   Code   RO         1457    i.UART_WaitOnFlagUntilTimeout  stm32f4xx_hal_uart.o
    0x08003cd4   0x08003cd4   0x0000000c   Code   RO         3393    i.USART1_IRQHandler  stm32f4xx_it.o
    0x08003ce0   0x08003ce0   0x0000000c   Code   RO         3394    i.USART2_IRQHandler  stm32f4xx_it.o
    0x08003cec   0x08003cec   0x00000002   Code   RO         3132    i._Error_Handler    main.o
    0x08003cee   0x08003cee   0x00000002   PAD
    0x08003cf0   0x08003cf0   0x00000020   Code   RO         3767    i.__0printf         mc_w.l(printfa.o)
    0x08003d10   0x08003d10   0x00000030   Code   RO         3883    i.__ARM_fpclassify  m_wm.l(fpclassify.o)
    0x08003d40   0x08003d40   0x000002d8   Code   RO         3813    i.__hardfp_atan     m_wm.l(atan.o)
    0x08004018   0x08004018   0x000001f0   Code   RO         3511    i.__hardfp_atan2    m_wm.l(atan2.o)
    0x08004208   0x08004208   0x000000f8   Code   RO         3885    i.__kernel_poly     m_wm.l(poly.o)
    0x08004300   0x08004300   0x00000014   Code   RO         3828    i.__mathlib_dbl_infnan  m_wm.l(dunder.o)
    0x08004314   0x08004314   0x00000014   Code   RO         3829    i.__mathlib_dbl_infnan2  m_wm.l(dunder.o)
    0x08004328   0x08004328   0x00000020   Code   RO         3833    i.__mathlib_dbl_underflow  m_wm.l(dunder.o)
    0x08004348   0x08004348   0x0000000e   Code   RO         3891    i.__scatterload_copy  mc_w.l(handlers.o)
    0x08004356   0x08004356   0x00000002   Code   RO         3892    i.__scatterload_null  mc_w.l(handlers.o)
    0x08004358   0x08004358   0x0000000e   Code   RO         3893    i.__scatterload_zeroinit  mc_w.l(handlers.o)
    0x08004366   0x08004366   0x00000002   PAD
    0x08004368   0x08004368   0x00000184   Code   RO         3774    i._fp_digits        mc_w.l(printfa.o)
    0x080044ec   0x080044ec   0x000006dc   Code   RO         3775    i._printf_core      mc_w.l(printfa.o)
    0x08004bc8   0x08004bc8   0x00000024   Code   RO         3776    i._printf_post_padding  mc_w.l(printfa.o)
    0x08004bec   0x08004bec   0x0000002e   Code   RO         3777    i._printf_pre_padding  mc_w.l(printfa.o)
    0x08004c1a   0x08004c1a   0x00000010   Code   RO         3815    i.atan              m_wm.l(atan.o)
    0x08004c2a   0x08004c2a   0x00000018   Code   RO         3843    i.fabs              m_wm.l(fabs.o)
    0x08004c42   0x08004c42   0x00000002   PAD
    0x08004c44   0x08004c44   0x00000018   Code   RO         2843    i.fputc             app.o
    0x08004c5c   0x08004c5c   0x0000004c   Code   RO         2844    i.isStanded         app.o
    0x08004ca8   0x08004ca8   0x0000004c   Code   RO         2845    i.isTilted          app.o
    0x08004cf4   0x08004cf4   0x00000168   Code   RO         3133    i.main              main.o
    0x08004e5c   0x08004e5c   0x00000010   Data   RO         3478    .constdata          system_stm32f4xx.o
    0x08004e6c   0x08004e6c   0x00000008   Data   RO         3479    .constdata          system_stm32f4xx.o
    0x08004e74   0x08004e74   0x00000004   PAD
    0x08004e78   0x08004e78   0x00000098   Data   RO         3816    .constdata          m_wm.l(atan.o)
    0x08004f10   0x08004f10   0x00000008   Data   RO         3847    .constdata          m_wm.l(qnan.o)
    0x08004f18   0x08004f18   0x00000020   Data   RO         3889    Region$$Table       anon$$obj.o


    Execution Region RW_IRAM1 (Exec base: 0x20000000, Load base: 0x08004f38, Size: 0x000007a8, Max: 0x00020000, ABSOLUTE)

    Exec Addr    Load Addr    Size         Type   Attr      Idx    E Section Name        Object

    0x20000000   0x08004f38   0x00000004   Data   RW         2692    .data               stm32f4xx_hal.o
    0x20000004   0x08004f3c   0x00000004   PAD
    0x20000008   0x08004f40   0x00000060   Data   RW         2848    .data               app.o
    0x20000068   0x08004fa0   0x00000008   Data   RW         3072    .data               interrupt.o
    0x20000070   0x08004fa8   0x00000004   Data   RW         3480    .data               system_stm32f4xx.o
    0x20000074   0x08004fac   0x00000004   Data   RW         3862    .data               mc_w.l(stdout.o)
    0x20000078        -       0x000000d0   Zero   RW         2846    .bss                app.o
    0x20000148        -       0x00000060   Zero   RW         3071    .bss                interrupt.o
    0x200001a8        -       0x00000054   Zero   RW         3205    .bss                i2c.o
    0x200001fc        -       0x0000012c   Zero   RW         3256    .bss                tim.o
    0x20000328        -       0x00000080   Zero   RW         3344    .bss                usart.o
    0x200003a8        -       0x00000400   Zero   RW         2820    STACK               startup_stm32f411xe.o


==============================================================================

Image component sizes


      Code (inc. data)   RO Data    RW Data    ZI Data      Debug   Object Name

      3348        508          0         96        208     357175   app.o
       164         22          0          0          0       1183   gpio.o
       160         42          0          0         84       2133   i2c.o
       342        134          0          8         96       5418   interrupt.o
       518         88          0          0          0       2973   main.o
        36          8        408          0       1024        936   startup_stm32f411xe.o
       148         22          0          4          0       5319   stm32f4xx_hal.o
       228         14          0          0          0      33297   stm32f4xx_hal_cortex.o
        36          0          0          0          0       1479   stm32f4xx_hal_dma.o
       414         32          0          0          0       2908   stm32f4xx_hal_gpio.o
      2370         46          0          0          0     430382   stm32f4xx_hal_i2c.o
       132          6          0          0          0       1174   stm32f4xx_hal_msp.o
      1220         80          0          0          0       6580   stm32f4xx_hal_rcc.o
      1788         56          0          0          0      19972   stm32f4xx_hal_tim.o
        84          0          0          0          0       2990   stm32f4xx_hal_tim_ex.o
      1756         14          0          0          0      11752   stm32f4xx_hal_uart.o
        86         36          0          0          0       4161   stm32f4xx_it.o
        84         18         24          4          0       1555   system_stm32f4xx.o
       928        174          0          0        300       7540   tim.o
       256         64          0          0        128       2931   usart.o

    ----------------------------------------------------------------------
     14124       1364        468        116       1840     901858   Object Totals
         0          0         32          0          0          0   (incl. Generated)
        26          0          4          4          0          0   (incl. Padding)

    ----------------------------------------------------------------------

      Code (inc. data)   RO Data    RW Data    ZI Data      Debug   Library Member Name

       744        106        152          0          0        352   atan.o
       496         64          0          0          0        192   atan2.o
        72          8          0          0          0        372   dunder.o
        24          0          0          0          0        124   fabs.o
        48          0          0          0          0        124   fpclassify.o
       248          0          0          0          0        152   poly.o
         0          0          8          0          0          0   qnan.o
         0          0          0          0          0          0   entry.o
         0          0          0          0          0          0   entry10a.o
         0          0          0          0          0          0   entry11a.o
         8          4          0          0          0          0   entry2.o
         4          0          0          0          0          0   entry5.o
         0          0          0          0          0          0   entry7b.o
         0          0          0          0          0          0   entry8b.o
         8          4          0          0          0          0   entry9a.o
        30          0          0          0          0          0   handlers.o
        36          8          0          0          0         68   init.o
         0          0          0          0          0          0   iusefp.o
        30          0          0          0          0         68   llshl.o
        36          0          0          0          0         68   llsshr.o
        32          0          0          0          0         68   llushr.o
        36          0          0          0          0         68   memcpya.o
        36          0          0          0          0        108   memseta.o
      2258         90          0          0          0        452   printfa.o
         0          0          0          4          0          0   stdout.o
        44          0          0          0          0         80   uidiv.o
        98          0          0          0          0         92   uldiv.o
        48          0          0          0          0         68   cdcmple.o
        48          0          0          0          0         68   cdrcmple.o
       334          0          0          0          0        148   dadd.o
       222          0          0          0          0        100   ddiv.o
       186          0          0          0          0        176   depilogue.o
        62          0          0          0          0         80   dfixi.o
        48          0          0          0          0         68   dfixul.o
        34          0          0          0          0         76   dflti.o
        26          0          0          0          0         76   dfltui.o
       228          0          0          0          0         96   dmul.o

    ----------------------------------------------------------------------
      5528        284        160          4          0       3344   Library Totals
         4          0          0          0          0          0   (incl. Padding)

    ----------------------------------------------------------------------

      Code (inc. data)   RO Data    RW Data    ZI Data      Debug   Library Name

      1632        178        160          0          0       1316   m_wm.l
      2656        106          0          4          0       1072   mc_w.l
      1236          0          0          0          0        956   mf_w.l

    ----------------------------------------------------------------------
      5528        284        160          4          0       3344   Library Totals

    ----------------------------------------------------------------------

==============================================================================


      Code (inc. data)   RO Data    RW Data    ZI Data      Debug   

     19652       1648        628        120       1840     892314   Grand Totals
     19652       1648        628        120       1840     892314   ELF Image Totals
     19652       1648        628        120          0          0   ROM Totals

==============================================================================

    Total RO  Size (Code + RO Data)                20280 (  19.80kB)
    Total RW  Size (RW Data + ZI Data)              1960 (   1.91kB)
    Total ROM Size (Code + RO Data + RW Data)      20400 (  19.92kB)

==============================================================================

